../Drivers/STM32L4xx_HAL_Driver/Src/stm32l4xx_hal_rcc.c:265:19:HAL_RCC_DeInit	16	static
../Drivers/STM32L4xx_HAL_Driver/Src/stm32l4xx_hal_rcc.c:405:19:HAL_RCC_OscConfig	40	static
../Drivers/STM32L4xx_HAL_Driver/Src/stm32l4xx_hal_rcc.c:1097:19:HAL_RCC_ClockConfig	24	static
../Drivers/STM32L4xx_HAL_Driver/Src/stm32l4xx_hal_rcc.c:1339:6:HAL_RCC_MCOConfig	48	static
../Drivers/STM32L4xx_HAL_Driver/Src/stm32l4xx_hal_rcc.c:1398:10:HAL_RCC_GetSysClockFreq	40	static
../Drivers/STM32L4xx_HAL_Driver/Src/stm32l4xx_hal_rcc.c:1486:10:HAL_RCC_GetHCLKFreq	4	static
../Drivers/STM32L4xx_HAL_Driver/Src/stm32l4xx_hal_rcc.c:1497:10:HAL_RCC_GetPCLK1Freq	8	static
../Drivers/STM32L4xx_HAL_Driver/Src/stm32l4xx_hal_rcc.c:1509:10:HAL_RCC_GetPCLK2Freq	8	static
../Drivers/STM32L4xx_HAL_Driver/Src/stm32l4xx_hal_rcc.c:1522:6:HAL_RCC_GetOscConfig	16	static
../Drivers/STM32L4xx_HAL_Driver/Src/stm32l4xx_hal_rcc.c:1681:6:HAL_RCC_GetClockConfig	16	static
../Drivers/STM32L4xx_HAL_Driver/Src/stm32l4xx_hal_rcc.c:1716:6:HAL_RCC_EnableCSS	4	static
../Drivers/STM32L4xx_HAL_Driver/Src/stm32l4xx_hal_rcc.c:1726:6:HAL_RCC_NMI_IRQHandler	8	static
../Drivers/STM32L4xx_HAL_Driver/Src/stm32l4xx_hal_rcc.c:1743:13:HAL_RCC_CSSCallback	4	static
../Drivers/STM32L4xx_HAL_Driver/Src/stm32l4xx_hal_rcc.c:1757:10:HAL_RCC_GetResetSource	16	static
../Drivers/STM32L4xx_HAL_Driver/Src/stm32l4xx_hal_rcc.c:1787:26:RCC_SetFlashLatencyFromMSIRange	32	static
