../Drivers/STM32L4xx_HAL_Driver/Inc/stm32l4xx_ll_adc.h:3174:22:LL_ADC_SetCommonClock	16	static
../Drivers/STM32L4xx_HAL_Driver/Inc/stm32l4xx_ll_adc.h:3239:22:LL_ADC_SetCommonPathInternalCh	16	static
../Drivers/STM32L4xx_HAL_Driver/Inc/stm32l4xx_ll_adc.h:3321:26:LL_ADC_GetCommonPathInternalCh	16	static
../Drivers/STM32L4xx_HAL_Driver/Inc/stm32l4xx_ll_adc.h:3651:22:LL_ADC_SetOffset	32	static
../Drivers/STM32L4xx_HAL_Driver/Inc/stm32l4xx_ll_adc.h:3731:26:LL_ADC_GetOffsetChannel	24	static
../Drivers/STM32L4xx_HAL_Driver/Inc/stm32l4xx_ll_adc.h:3790:22:LL_ADC_SetOffsetState	32	static
../Drivers/STM32L4xx_HAL_Driver/Inc/stm32l4xx_ll_adc.h:3971:26:LL_ADC_REG_IsTriggerSourceSWStart	16	static
../Drivers/STM32L4xx_HAL_Driver/Inc/stm32l4xx_ll_adc.h:4273:22:LL_ADC_REG_SetSequencerRanks	32	static
../Drivers/STM32L4xx_HAL_Driver/Inc/stm32l4xx_ll_adc.h:4701:26:LL_ADC_INJ_IsTriggerSourceSWStart	16	static
../Drivers/STM32L4xx_HAL_Driver/Inc/stm32l4xx_ll_adc.h:5451:22:LL_ADC_SetChannelSamplingTime	32	static
../Drivers/STM32L4xx_HAL_Driver/Inc/stm32l4xx_ll_adc.h:5608:22:LL_ADC_SetChannelSingleDiff	24	static
../Drivers/STM32L4xx_HAL_Driver/Inc/stm32l4xx_ll_adc.h:5816:22:LL_ADC_SetAnalogWDMonitChannels	32	static
../Drivers/STM32L4xx_HAL_Driver/Inc/stm32l4xx_ll_adc.h:6074:22:LL_ADC_ConfigAnalogWDThresholds	32	static
../Drivers/STM32L4xx_HAL_Driver/Inc/stm32l4xx_ll_adc.h:6690:22:LL_ADC_DisableDeepPowerDown	16	static
../Drivers/STM32L4xx_HAL_Driver/Inc/stm32l4xx_ll_adc.h:6704:26:LL_ADC_IsDeepPowerDownEnabled	16	static
../Drivers/STM32L4xx_HAL_Driver/Inc/stm32l4xx_ll_adc.h:6723:22:LL_ADC_EnableInternalRegulator	16	static
../Drivers/STM32L4xx_HAL_Driver/Inc/stm32l4xx_ll_adc.h:6753:26:LL_ADC_IsInternalRegulatorEnabled	16	static
../Drivers/STM32L4xx_HAL_Driver/Inc/stm32l4xx_ll_adc.h:6774:22:LL_ADC_Enable	16	static
../Drivers/STM32L4xx_HAL_Driver/Inc/stm32l4xx_ll_adc.h:6794:22:LL_ADC_Disable	16	static
../Drivers/STM32L4xx_HAL_Driver/Inc/stm32l4xx_ll_adc.h:6813:26:LL_ADC_IsEnabled	16	static
../Drivers/STM32L4xx_HAL_Driver/Inc/stm32l4xx_ll_adc.h:6824:26:LL_ADC_IsDisableOngoing	16	static
../Drivers/STM32L4xx_HAL_Driver/Inc/stm32l4xx_ll_adc.h:6899:22:LL_ADC_REG_StartConversion	16	static
../Drivers/STM32L4xx_HAL_Driver/Inc/stm32l4xx_ll_adc.h:6919:22:LL_ADC_REG_StopConversion	16	static
../Drivers/STM32L4xx_HAL_Driver/Inc/stm32l4xx_ll_adc.h:6935:26:LL_ADC_REG_IsConversionOngoing	16	static
../Drivers/STM32L4xx_HAL_Driver/Inc/stm32l4xx_ll_adc.h:7103:22:LL_ADC_INJ_StopConversion	16	static
../Drivers/STM32L4xx_HAL_Driver/Inc/stm32l4xx_ll_adc.h:7119:26:LL_ADC_INJ_IsConversionOngoing	16	static
../Drivers/STM32L4xx_HAL_Driver/Inc/stm32l4xx_ll_adc.h:7503:22:LL_ADC_ClearFlag_AWD1	16	static
../Drivers/STM32L4xx_HAL_Driver/Inc/stm32l4xx_ll_adc.h:7514:22:LL_ADC_ClearFlag_AWD2	16	static
../Drivers/STM32L4xx_HAL_Driver/Inc/stm32l4xx_ll_adc.h:7525:22:LL_ADC_ClearFlag_AWD3	16	static
../Drivers/STM32L4xx_HAL_Driver/Inc/stm32l4xx_ll_adc.h:7898:22:LL_ADC_EnableIT_AWD1	16	static
../Drivers/STM32L4xx_HAL_Driver/Inc/stm32l4xx_ll_adc.h:7909:22:LL_ADC_EnableIT_AWD2	16	static
../Drivers/STM32L4xx_HAL_Driver/Inc/stm32l4xx_ll_adc.h:7920:22:LL_ADC_EnableIT_AWD3	16	static
../Drivers/STM32L4xx_HAL_Driver/Inc/stm32l4xx_ll_adc.h:8019:22:LL_ADC_DisableIT_AWD1	16	static
../Drivers/STM32L4xx_HAL_Driver/Inc/stm32l4xx_ll_adc.h:8030:22:LL_ADC_DisableIT_AWD2	16	static
../Drivers/STM32L4xx_HAL_Driver/Inc/stm32l4xx_ll_adc.h:8041:22:LL_ADC_DisableIT_AWD3	16	static
../Drivers/STM32L4xx_HAL_Driver/Src/stm32l4xx_hal_adc.c:394:19:HAL_ADC_Init	40	static
../Drivers/STM32L4xx_HAL_Driver/Src/stm32l4xx_hal_adc.c:697:19:HAL_ADC_DeInit	24	static
../Drivers/STM32L4xx_HAL_Driver/Src/stm32l4xx_hal_adc.c:896:13:HAL_ADC_MspInit	16	static
../Drivers/STM32L4xx_HAL_Driver/Src/stm32l4xx_hal_adc.c:913:13:HAL_ADC_MspDeInit	16	static
../Drivers/STM32L4xx_HAL_Driver/Src/stm32l4xx_hal_adc.c:1203:19:HAL_ADC_Start	24	static
../Drivers/STM32L4xx_HAL_Driver/Src/stm32l4xx_hal_adc.c:1338:19:HAL_ADC_Stop	24	static
../Drivers/STM32L4xx_HAL_Driver/Src/stm32l4xx_hal_adc.c:1392:19:HAL_ADC_PollForConversion	32	static
../Drivers/STM32L4xx_HAL_Driver/Src/stm32l4xx_hal_adc.c:1578:19:HAL_ADC_PollForEvent	32	static
../Drivers/STM32L4xx_HAL_Driver/Src/stm32l4xx_hal_adc.c:1727:19:HAL_ADC_Start_IT	24	static
../Drivers/STM32L4xx_HAL_Driver/Src/stm32l4xx_hal_adc.c:1934:19:HAL_ADC_Stop_IT	24	static
../Drivers/STM32L4xx_HAL_Driver/Src/stm32l4xx_hal_adc.c:1987:19:HAL_ADC_Start_DMA	32	static
../Drivers/STM32L4xx_HAL_Driver/Src/stm32l4xx_hal_adc.c:2129:19:HAL_ADC_Stop_DMA	24	static
../Drivers/STM32L4xx_HAL_Driver/Src/stm32l4xx_hal_adc.c:2214:10:HAL_ADC_GetValue	16	static
../Drivers/STM32L4xx_HAL_Driver/Src/stm32l4xx_hal_adc.c:2231:6:HAL_ADC_IRQHandler	40	static
../Drivers/STM32L4xx_HAL_Driver/Src/stm32l4xx_hal_adc.c:2603:13:HAL_ADC_ConvCpltCallback	16	static
../Drivers/STM32L4xx_HAL_Driver/Src/stm32l4xx_hal_adc.c:2618:13:HAL_ADC_ConvHalfCpltCallback	16	static
../Drivers/STM32L4xx_HAL_Driver/Src/stm32l4xx_hal_adc.c:2633:13:HAL_ADC_LevelOutOfWindowCallback	16	static
../Drivers/STM32L4xx_HAL_Driver/Src/stm32l4xx_hal_adc.c:2655:13:HAL_ADC_ErrorCallback	16	static
../Drivers/STM32L4xx_HAL_Driver/Src/stm32l4xx_hal_adc.c:2701:19:HAL_ADC_ConfigChannel	224	static,ignoring_inline_asm
../Drivers/STM32L4xx_HAL_Driver/Src/stm32l4xx_hal_adc.c:2964:19:HAL_ADC_AnalogWDGConfig	64	static,ignoring_inline_asm
../Drivers/STM32L4xx_HAL_Driver/Src/stm32l4xx_hal_adc.c:3224:10:HAL_ADC_GetState	16	static
../Drivers/STM32L4xx_HAL_Driver/Src/stm32l4xx_hal_adc.c:3238:10:HAL_ADC_GetError	16	static
../Drivers/STM32L4xx_HAL_Driver/Src/stm32l4xx_hal_adc.c:3268:19:ADC_ConversionStop	40	static
../Drivers/STM32L4xx_HAL_Driver/Src/stm32l4xx_hal_adc.c:3400:19:ADC_Enable	24	static
../Drivers/STM32L4xx_HAL_Driver/Src/stm32l4xx_hal_adc.c:3493:19:ADC_Disable	24	static
../Drivers/STM32L4xx_HAL_Driver/Src/stm32l4xx_hal_adc.c:3555:6:ADC_DMAConvCplt	24	static
../Drivers/STM32L4xx_HAL_Driver/Src/stm32l4xx_hal_adc.c:3633:6:ADC_DMAHalfConvCplt	24	static
../Drivers/STM32L4xx_HAL_Driver/Src/stm32l4xx_hal_adc.c:3651:6:ADC_DMAError	24	static
