Archive member included to satisfy reference by file (symbol)

/usr/lib/gcc/arm-none-eabi/13.2.1/../../../arm-none-eabi/lib/thumb/v7e-m+fp/hard/libc_nano.a(libc_a-init.o)
                              /usr/lib/gcc/arm-none-eabi/13.2.1/../../../arm-none-eabi/lib/thumb/v7e-m+fp/hard/crt0.o (__libc_init_array)
/usr/lib/gcc/arm-none-eabi/13.2.1/../../../arm-none-eabi/lib/thumb/v7e-m+fp/hard/libc_nano.a(libc_a-memset.o)
                              /usr/lib/gcc/arm-none-eabi/13.2.1/../../../arm-none-eabi/lib/thumb/v7e-m+fp/hard/crt0.o (memset)
/usr/lib/gcc/arm-none-eabi/13.2.1/../../../arm-none-eabi/lib/thumb/v7e-m+fp/hard/libc_nano.a(libc_a-errno.o)
                              build/sysmem.o (__errno)
/usr/lib/gcc/arm-none-eabi/13.2.1/../../../arm-none-eabi/lib/thumb/v7e-m+fp/hard/libc_nano.a(libc_a-exit.o)
                              /usr/lib/gcc/arm-none-eabi/13.2.1/../../../arm-none-eabi/lib/thumb/v7e-m+fp/hard/crt0.o (exit)
/usr/lib/gcc/arm-none-eabi/13.2.1/../../../arm-none-eabi/lib/thumb/v7e-m+fp/hard/libc_nano.a(libc_a-atexit.o)
                              /usr/lib/gcc/arm-none-eabi/13.2.1/../../../arm-none-eabi/lib/thumb/v7e-m+fp/hard/crt0.o (atexit)
/usr/lib/gcc/arm-none-eabi/13.2.1/../../../arm-none-eabi/lib/thumb/v7e-m+fp/hard/libc_nano.a(libc_a-fini.o)
                              /usr/lib/gcc/arm-none-eabi/13.2.1/../../../arm-none-eabi/lib/thumb/v7e-m+fp/hard/crt0.o (__libc_fini_array)
/usr/lib/gcc/arm-none-eabi/13.2.1/../../../arm-none-eabi/lib/thumb/v7e-m+fp/hard/libc_nano.a(libc_a-impure.o)
                              /usr/lib/gcc/arm-none-eabi/13.2.1/../../../arm-none-eabi/lib/thumb/v7e-m+fp/hard/libc_nano.a(libc_a-errno.o) (_impure_ptr)
/usr/lib/gcc/arm-none-eabi/13.2.1/../../../arm-none-eabi/lib/thumb/v7e-m+fp/hard/libc_nano.a(libc_a-findfp.o)
                              /usr/lib/gcc/arm-none-eabi/13.2.1/../../../arm-none-eabi/lib/thumb/v7e-m+fp/hard/libc_nano.a(libc_a-exit.o) (__stdio_exit_handler)
/usr/lib/gcc/arm-none-eabi/13.2.1/../../../arm-none-eabi/lib/thumb/v7e-m+fp/hard/libc_nano.a(libc_a-fflush.o)
                              /usr/lib/gcc/arm-none-eabi/13.2.1/../../../arm-none-eabi/lib/thumb/v7e-m+fp/hard/libc_nano.a(libc_a-findfp.o) (_fflush_r)
/usr/lib/gcc/arm-none-eabi/13.2.1/../../../arm-none-eabi/lib/thumb/v7e-m+fp/hard/libc_nano.a(libc_a-mallocr.o)
                              /usr/lib/gcc/arm-none-eabi/13.2.1/../../../arm-none-eabi/lib/thumb/v7e-m+fp/hard/libc_nano.a(libc_a-findfp.o) (_malloc_r)
/usr/lib/gcc/arm-none-eabi/13.2.1/../../../arm-none-eabi/lib/thumb/v7e-m+fp/hard/libc_nano.a(libc_a-freer.o)
                              /usr/lib/gcc/arm-none-eabi/13.2.1/../../../arm-none-eabi/lib/thumb/v7e-m+fp/hard/libc_nano.a(libc_a-fflush.o) (_free_r)
/usr/lib/gcc/arm-none-eabi/13.2.1/../../../arm-none-eabi/lib/thumb/v7e-m+fp/hard/libc_nano.a(libc_a-fwalk.o)
                              /usr/lib/gcc/arm-none-eabi/13.2.1/../../../arm-none-eabi/lib/thumb/v7e-m+fp/hard/libc_nano.a(libc_a-findfp.o) (_fwalk_sglue)
/usr/lib/gcc/arm-none-eabi/13.2.1/../../../arm-none-eabi/lib/thumb/v7e-m+fp/hard/libc_nano.a(libc_a-__atexit.o)
                              /usr/lib/gcc/arm-none-eabi/13.2.1/../../../arm-none-eabi/lib/thumb/v7e-m+fp/hard/libc_nano.a(libc_a-atexit.o) (__register_exitproc)
/usr/lib/gcc/arm-none-eabi/13.2.1/../../../arm-none-eabi/lib/thumb/v7e-m+fp/hard/libc_nano.a(libc_a-mlock.o)
                              /usr/lib/gcc/arm-none-eabi/13.2.1/../../../arm-none-eabi/lib/thumb/v7e-m+fp/hard/libc_nano.a(libc_a-mallocr.o) (__malloc_lock)
/usr/lib/gcc/arm-none-eabi/13.2.1/../../../arm-none-eabi/lib/thumb/v7e-m+fp/hard/libc_nano.a(libc_a-sbrkr.o)
                              /usr/lib/gcc/arm-none-eabi/13.2.1/../../../arm-none-eabi/lib/thumb/v7e-m+fp/hard/libc_nano.a(libc_a-mallocr.o) (_sbrk_r)
/usr/lib/gcc/arm-none-eabi/13.2.1/../../../arm-none-eabi/lib/thumb/v7e-m+fp/hard/libc_nano.a(libc_a-stdio.o)
                              /usr/lib/gcc/arm-none-eabi/13.2.1/../../../arm-none-eabi/lib/thumb/v7e-m+fp/hard/libc_nano.a(libc_a-findfp.o) (__sread)
/usr/lib/gcc/arm-none-eabi/13.2.1/../../../arm-none-eabi/lib/thumb/v7e-m+fp/hard/libc_nano.a(libc_a-closer.o)
                              /usr/lib/gcc/arm-none-eabi/13.2.1/../../../arm-none-eabi/lib/thumb/v7e-m+fp/hard/libc_nano.a(libc_a-stdio.o) (_close_r)
/usr/lib/gcc/arm-none-eabi/13.2.1/../../../arm-none-eabi/lib/thumb/v7e-m+fp/hard/libc_nano.a(libc_a-__call_atexit.o)
                              /usr/lib/gcc/arm-none-eabi/13.2.1/../../../arm-none-eabi/lib/thumb/v7e-m+fp/hard/libc_nano.a(libc_a-__atexit.o) (__call_exitprocs)
/usr/lib/gcc/arm-none-eabi/13.2.1/../../../arm-none-eabi/lib/thumb/v7e-m+fp/hard/libc_nano.a(libc_a-readr.o)
                              /usr/lib/gcc/arm-none-eabi/13.2.1/../../../arm-none-eabi/lib/thumb/v7e-m+fp/hard/libc_nano.a(libc_a-stdio.o) (_read_r)
/usr/lib/gcc/arm-none-eabi/13.2.1/../../../arm-none-eabi/lib/thumb/v7e-m+fp/hard/libc_nano.a(libc_a-reent.o)
[...]
Memory Configuration

Name             Origin             Length             Attributes
RAM              0x20000000         0x0000c000         xrw
RAM2             0x10000000         0x00004000         xrw
FLASH            0x08000000         0x00040000         xr
*default*        0x00000000         0xffffffff

Linker script and memory map

LOAD /usr/lib/gcc/arm-none-eabi/13.2.1/thumb/v7e-m+fp/hard/crti.o
LOAD /usr/lib/gcc/arm-none-eabi/13.2.1/thumb/v7e-m+fp/hard/crtbegin.o
LOAD /usr/lib/gcc/arm-none-eabi/13.2.1/../../../arm-none-eabi/lib/thumb/v7e-m+fp/hard/crt0.o
LOAD build/main.o
LOAD build/stm32l4xx_it.o
LOAD build/stm32l4xx_hal_msp.o
LOAD build/user_diskio.o
LOAD build/fatfs.o
LOAD build/usb_device.o
LOAD build/usbd_desc.o
LOAD build/usbd_cdc_if.o
LOAD build/usbd_conf.o
LOAD build/stm32l4xx_hal_pcd.o
LOAD build/stm32l4xx_hal_pcd_ex.o
LOAD build/stm32l4xx_ll_usb.o
LOAD build/stm32l4xx_hal.o
LOAD build/stm32l4xx_hal_rcc.o
LOAD build/stm32l4xx_hal_rcc_ex.o
LOAD build/stm32l4xx_hal_flash.o
LOAD build/stm32l4xx_hal_flash_ex.o
LOAD build/stm32l4xx_hal_flash_ramfunc.o
LOAD build/stm32l4xx_hal_gpio.o
LOAD build/stm32l4xx_hal_i2c.o
LOAD build/stm32l4xx_hal_i2c_ex.o
LOAD build/stm32l4xx_hal_dma.o
LOAD build/stm32l4xx_hal_dma_ex.o
LOAD build/stm32l4xx_hal_pwr.o
LOAD build/stm32l4xx_hal_pwr_ex.o
LOAD build/stm32l4xx_hal_cortex.o
LOAD build/stm32l4xx_hal_exti.o
LOAD build/stm32l4xx_hal_adc.o
LOAD build/stm32l4xx_hal_adc_ex.o
LOAD build/stm32l4xx_hal_iwdg.o
LOAD build/stm32l4xx_hal_lptim.o
LOAD build/stm32l4xx_hal_uart.o
LOAD build/stm32l4xx_hal_uart_ex.o
LOAD build/stm32l4xx_hal_qspi.o
LOAD build/stm32l4xx_hal_rtc.o
LOAD build/stm32l4xx_hal_rtc_ex.o
LOAD build/stm32l4xx_hal_spi.o
LOAD build/stm32l4xx_hal_spi_ex.o
LOAD build/stm32l4xx_hal_tim.o
LOAD build/stm32l4xx_hal_tim_ex.o
LOAD build/system_stm32l4xx.o
LOAD build/diskio.o
LOAD build/ff.o
LOAD build/ff_gen_drv.o
LOAD build/syscall.o
LOAD build/usbd_core.o
LOAD build/usbd_ctlreq.o
LOAD build/usbd_ioreq.o
LOAD build/usbd_cdc.o
LOAD build/sysmem.o
LOAD build/syscalls.o
LOAD build/startup_stm32l433xx.o
LOAD /usr/lib/gcc/arm-none-eabi/13.2.1/../../../arm-none-eabi/lib/thumb/v7e-m+fp/hard/libc_nano.a
LOAD /usr/lib/gcc/arm-none-eabi/13.2.1/../../../arm-none-eabi/lib/thumb/v7e-m+fp/hard/libm.a
LOAD /usr/lib/gcc/arm-none-eabi/13.2.1/../../../arm-none-eabi/lib/thumb/v7e-m+fp/hard/libnosys.a
START GROUP
LOAD /usr/lib/gcc/arm-none-eabi/13.2.1/thumb/v7e-m+fp/hard/libgcc.a
LOAD /usr/lib/gcc/arm-none-eabi/13.2.1/../../../arm-none-eabi/lib/thumb/v7e-m+fp/hard/libc_nano.a
END GROUP
START GROUP
LOAD /usr/lib/gcc/arm-none-eabi/13.2.1/thumb/v7e-m+fp/hard/libgcc.a
LOAD /usr/lib/gcc/arm-none-eabi/13.2.1/../../../arm-none-eabi/lib/thumb/v7e-m+fp/hard/libc_nano.a
END GROUP
LOAD /usr/lib/gcc/arm-none-eabi/13.2.1/thumb/v7e-m+fp/hard/crtend.o
LOAD /usr/lib/gcc/arm-none-eabi/13.2.1/thumb/v7e-m+fp/hard/crtn.o
                0x2000c000                        _estack = (ORIGIN (RAM) + LENGTH (RAM))
                0x00000200                        _Min_Heap_Size = 0x200
                0x00000400                        _Min_Stack_Size = 0x400

.isr_vector     0x08000000      0x190
                0x08000000                        . = ALIGN (0x8)
 *(.isr_vector)
 .isr_vector    0x08000000      0x18c build/startup_stm32l433xx.o
                0x08000000                g_pfnVectors
                0x08000190                        . = ALIGN (0x8)
 *fill*         0x0800018c        0x4 

.text           0x08000190     0x7bb8
                0x08000190                        . = ALIGN (0x8)
 *(.text)
 .text          0x08000190       0x88 /usr/lib/gcc/arm-none-eabi/13.2.1/thumb/v7e-m+fp/hard/crtbegin.o
 .text          0x08000218       0x50 /usr/lib/gcc/arm-none-eabi/13.2.1/../../../arm-none-eabi/lib/thumb/v7e-m+fp/hard/libc_nano.a(libc_a-init.o)
                0x08000218                __libc_init_array
 .text          0x08000268       0xa4 /usr/lib/gcc/arm-none-eabi/13.2.1/../../../arm-none-eabi/lib/thumb/v7e-m+fp/hard/libc_nano.a(libc_a-memset.o)
                0x08000268                memset
 .text          0x0800030c       0x30 /usr/lib/gcc/arm-none-eabi/13.2.1/thumb/v7e-m+fp/hard/libgcc.a(_aeabi_uldivmod.o)
                0x0800030c                __aeabi_uldivmod
 .text          0x0800033c      0x2bc /usr/lib/gcc/arm-none-eabi/13.2.1/thumb/v7e-m+fp/hard/libgcc.a(_udivmoddi4.o)
                0x0800033c                __udivmoddi4
 .text          0x080005f8        0x4 /usr/lib/gcc/arm-none-eabi/13.2.1/thumb/v7e-m+fp/hard/libgcc.a(_dvmd_tls.o)
                0x080005f8                __aeabi_ldiv0
                0x080005f8                __aeabi_idiv0
 *(.text*)
 .text.MX_GPIO_Init
                0x080005fc      0x1a4 build/main.o
 .text.HAL_LPTIM_AutoReloadMatchCallback
                0x080007a0       0x1c build/main.o
                0x080007a0                HAL_LPTIM_AutoReloadMatchCallback
 .text.Error_Handler
                0x080007bc        0x4 build/main.o
                0x080007bc                Error_Handler
 .text.MX_ADC1_Init
                0x080007c0       0x80 build/main.o
 .text.MX_I2C1_Init
                0x08000840       0x54 build/main.o
 .text.MX_I2C2_Init
                0x08000894       0x54 build/main.o
 .text.MX_IWDG_Init
                0x080008e8       0x28 build/main.o
 .text.MX_LPUART1_UART_Init
                0x08000910       0x3c build/main.o
 .text.MX_USART1_UART_Init
                0x0800094c       0x38 build/main.o
 .text.MX_USART2_UART_Init
                0x08000984       0x38 build/main.o
 .text.MX_QUADSPI_Init
                0x080009bc       0x34 build/main.o
 .text.MX_RTC_Init
                0x080009f0       0x30 build/main.o
 .text.MX_SPI1_Init
                0x08000a20       0x48 build/main.o
 .text.MX_TIM2_Init
                0x08000a68       0xc4 build/main.o
 .text.MX_TIM15_Init
                0x08000b2c       0x70 build/main.o
 .text.MX_TIM16_Init
                0x08000b9c       0xa0 build/main.o
 .text.MX_LPTIM1_Init
                0x08000c3c       0x38 build/main.o
 .text.SystemClock_Config
                0x08000c74       0x86 build/main.o
                0x08000c74                SystemClock_Config
 *fill*         0x08000cfa        0x2 
 .text.main     0x08000cfc       0xe8 build/main.o
                0x08000cfc                main
 .text.NMI_Handler
                0x08000de4        0x2 build/stm32l4xx_it.o
                0x08000de4                NMI_Handler
 .text.HardFault_Handler
                0x08000de6        0x2 build/stm32l4xx_it.o
                0x08000de6                HardFault_Handler
 .text.MemManage_Handler
                0x08000de8        0x2 build/stm32l4xx_it.o
                0x08000de8                MemManage_Handler
 .text.BusFault_Handler
                0x08000dea        0x2 build/stm32l4xx_it.o
                0x08000dea                BusFault_Handler
 .text.UsageFault_Handler
                0x08000dec        0x2 build/stm32l4xx_it.o
                0x08000dec                UsageFault_Handler
 .text.SVC_Handler
                0x08000dee        0x2 build/stm32l4xx_it.o
                0x08000dee                SVC_Handler
 .text.DebugMon_Handler
                0x08000df0        0x2 build/stm32l4xx_it.o
                0x08000df0                DebugMon_Handler
 .text.PendSV_Handler
                0x08000df2        0x2 build/stm32l4xx_it.o
                0x08000df2                PendSV_Handler
 .text.SysTick_Handler
                0x08000df4        0x8 build/stm32l4xx_it.o
                0x08000df4                SysTick_Handler
 .text.USB_IRQHandler
                0x08000dfc       0x10 build/stm32l4xx_it.o
                0x08000dfc                USB_IRQHandler
 .text.LPTIM1_IRQHandler
                0x08000e0c       0x10 build/stm32l4xx_it.o
                0x08000e0c                LPTIM1_IRQHandler
 .text.HAL_MspInit
                0x08000e1c       0x30 build/stm32l4xx_hal_msp.o
                0x08000e1c                HAL_MspInit
 .text.HAL_ADC_MspInit
                0x08000e4c       0xc8 build/stm32l4xx_hal_msp.o
                0x08000e4c                HAL_ADC_MspInit
 .text.HAL_I2C_MspInit
                0x08000f14       0xec build/stm32l4xx_hal_msp.o
                0x08000f14                HAL_I2C_MspInit
 .text.HAL_LPTIM_MspInit
                0x08001000       0x84 build/stm32l4xx_hal_msp.o
                0x08001000                HAL_LPTIM_MspInit
 .text.HAL_UART_MspInit
                0x08001084      0x150 build/stm32l4xx_hal_msp.o
                0x08001084                HAL_UART_MspInit
 .text.HAL_QSPI_MspInit
                0x080011d4       0xc0 build/stm32l4xx_hal_msp.o
                0x080011d4                HAL_QSPI_MspInit
 .text.HAL_RTC_MspInit
                0x08001294       0x50 build/stm32l4xx_hal_msp.o
                0x08001294                HAL_RTC_MspInit
 .text.HAL_SPI_MspInit
                0x080012e4       0x6c build/stm32l4xx_hal_msp.o
                0x080012e4                HAL_SPI_MspInit
 .text.HAL_TIM_Base_MspInit
                0x08001350       0x4c build/stm32l4xx_hal_msp.o
                0x08001350                HAL_TIM_Base_MspInit
 .text.HAL_TIM_IC_MspInit
                0x0800139c       0x68 build/stm32l4xx_hal_msp.o
                0x0800139c                HAL_TIM_IC_MspInit
 .text.HAL_TIM_MspPostInit
                0x08001404       0xb4 build/stm32l4xx_hal_msp.o
                0x08001404                HAL_TIM_MspPostInit
 .text.USER_initialize
                0x080014b8       0x10 build/user_diskio.o
                0x080014b8                USER_initialize
 .text.USER_status
                0x080014c8       0x10 build/user_diskio.o
                0x080014c8                USER_status
 .text.USER_read
                0x080014d8        0x4 build/user_diskio.o
                0x080014d8                USER_read
 .text.USER_write
                0x080014dc        0x4 build/user_diskio.o
                0x080014dc                USER_write
 .text.USER_ioctl
                0x080014e0        0x4 build/user_diskio.o
                0x080014e0                USER_ioctl
 .text.MX_FATFS_Init
                0x080014e4       0x1c build/fatfs.o
                0x080014e4                MX_FATFS_Init
 .text.MX_USB_DEVICE_Init
                0x08001500       0x54 build/usb_device.o
                0x08001500                MX_USB_DEVICE_Init
 .text.USBD_FS_DeviceDescriptor
                0x08001554        0xc build/usbd_desc.o
                0x08001554                USBD_FS_DeviceDescriptor
 .text.USBD_FS_LangIDStrDescriptor
                0x08001560        0xc build/usbd_desc.o
                0x08001560                USBD_FS_LangIDStrDescriptor
 .text.USBD_FS_USR_BOSDescriptor
                0x0800156c        0xc build/usbd_desc.o
                0x0800156c                USBD_FS_USR_BOSDescriptor
 .text.IntToUnicode
                0x08001578       0x46 build/usbd_desc.o
 *fill*         0x080015be        0x2 
 .text.Get_SerialNum
                0x080015c0       0x38 build/usbd_desc.o
 .text.USBD_FS_SerialStrDescriptor
                0x080015f8       0x14 build/usbd_desc.o
                0x080015f8                USBD_FS_SerialStrDescriptor
 .text.USBD_FS_ProductStrDescriptor
                0x0800160c       0x24 build/usbd_desc.o
                0x0800160c                USBD_FS_ProductStrDescriptor
 .text.USBD_FS_ManufacturerStrDescriptor
                0x08001630       0x1c build/usbd_desc.o
                0x08001630                USBD_FS_ManufacturerStrDescriptor
 .text.USBD_FS_ConfigStrDescriptor
                0x0800164c       0x24 build/usbd_desc.o
                0x0800164c                USBD_FS_ConfigStrDescriptor
 .text.USBD_FS_InterfaceStrDescriptor
                0x08001670       0x24 build/usbd_desc.o
                0x08001670                USBD_FS_InterfaceStrDescriptor
 .text.CDC_DeInit_FS
                0x08001694        0x4 build/usbd_cdc_if.o
 .text.CDC_Control_FS
                0x08001698        0x4 build/usbd_cdc_if.o
 .text.CDC_TransmitCplt_FS
                0x0800169c        0x4 build/usbd_cdc_if.o
 .text.CDC_Receive_FS
                0x080016a0       0x1c build/usbd_cdc_if.o
 .text.CDC_Init_FS
                0x080016bc       0x28 build/usbd_cdc_if.o
 .text.CDC_Transmit_FS
                0x080016e4       0x2c build/usbd_cdc_if.o
                0x080016e4                CDC_Transmit_FS
 .text.SystemClockConfig_Resume
                0x08001710        0x8 build/usbd_conf.o
 .text.HAL_PCD_MspInit
                0x08001718       0x60 build/usbd_conf.o
                0x08001718                HAL_PCD_MspInit
 .text.HAL_PCD_SetupStageCallback
                0x08001778       0x10 build/usbd_conf.o
                0x08001778                HAL_PCD_SetupStageCallback
 .text.HAL_PCD_DataOutStageCallback
                0x08001788       0x18 build/usbd_conf.o
                0x08001788                HAL_PCD_DataOutStageCallback
 .text.HAL_PCD_DataInStageCallback
                0x080017a0       0x16 build/usbd_conf.o
                0x080017a0                HAL_PCD_DataInStageCallback
 .text.HAL_PCD_SOFCallback
                0x080017b6        0xc build/usbd_conf.o
                0x080017b6                HAL_PCD_SOFCallback
 .text.HAL_PCD_ResetCallback
                0x080017c2       0x24 build/usbd_conf.o
                0x080017c2                HAL_PCD_ResetCallback
 *fill*         0x080017e6        0x2 
 .text.HAL_PCD_SuspendCallback
                0x080017e8       0x20 build/usbd_conf.o
                0x080017e8                HAL_PCD_SuspendCallback
 .text.HAL_PCD_ResumeCallback
                0x08001808       0x28 build/usbd_conf.o
                0x08001808                HAL_PCD_ResumeCallback
 .text.USBD_LL_Init
                0x08001830       0x8c build/usbd_conf.o
                0x08001830                USBD_LL_Init
 .text.USBD_LL_Start
                0x080018bc       0x1e build/usbd_conf.o
                0x080018bc                USBD_LL_Start
 .text.USBD_LL_OpenEP
                0x080018da       0x24 build/usbd_conf.o
                0x080018da                USBD_LL_OpenEP
 .text.USBD_LL_CloseEP
                0x080018fe       0x1e build/usbd_conf.o
                0x080018fe                USBD_LL_CloseEP
 .text.USBD_LL_StallEP
                0x0800191c       0x1e build/usbd_conf.o
                0x0800191c                USBD_LL_StallEP
 .text.USBD_LL_ClearStallEP
                0x0800193a       0x1e build/usbd_conf.o
                0x0800193a                USBD_LL_ClearStallEP
 .text.USBD_LL_IsStallEP
                0x08001958       0x2c build/usbd_conf.o
                0x08001958                USBD_LL_IsStallEP
 .text.USBD_LL_SetUSBAddress
                0x08001984       0x1e build/usbd_conf.o
                0x08001984                USBD_LL_SetUSBAddress
 .text.USBD_LL_Transmit
                0x080019a2       0x1e build/usbd_conf.o
                0x080019a2                USBD_LL_Transmit
 .text.USBD_LL_PrepareReceive
                0x080019c0       0x1e build/usbd_conf.o
                0x080019c0                USBD_LL_PrepareReceive
 .text.USBD_LL_GetRxDataSize
                0x080019de        0xc build/usbd_conf.o
                0x080019de                USBD_LL_GetRxDataSize
 *fill*         0x080019ea        0x2 
 .text.HAL_PCDEx_LPM_Callback
                0x080019ec       0x44 build/usbd_conf.o
                0x080019ec                HAL_PCDEx_LPM_Callback
 .text.USBD_static_malloc
                0x08001a30        0x8 build/usbd_conf.o
                0x08001a30                USBD_static_malloc
 .text.USBD_static_free
                0x08001a38        0x2 build/usbd_conf.o
                0x08001a38                USBD_static_free
 .text.HAL_PCD_EP_DB_Receive
                0x08001a3a      0x118 build/stm32l4xx_hal_pcd.o
 .text.HAL_PCD_Init
                0x08001b52       0xf6 build/stm32l4xx_hal_pcd.o
                0x08001b52                HAL_PCD_Init
 .text.HAL_PCD_Start
                0x08001c48       0x2a build/stm32l4xx_hal_pcd.o
                0x08001c48                HAL_PCD_Start
 .text.HAL_PCD_EP_DB_Transmit
                0x08001c72      0x472 build/stm32l4xx_hal_pcd.o
 .text.PCD_EP_ISR_Handler
                0x080020e4      0x4fa build/stm32l4xx_hal_pcd.o
 .text.HAL_PCD_SetAddress
                0x080025de       0x26 build/stm32l4xx_hal_pcd.o
                0x080025de                HAL_PCD_SetAddress
 .text.HAL_PCD_IRQHandler
                0x08002604      0x1b2 build/stm32l4xx_hal_pcd.o
                0x08002604                HAL_PCD_IRQHandler
 .text.HAL_PCD_EP_Open
                0x080027b6       0x86 build/stm32l4xx_hal_pcd.o
                0x080027b6                HAL_PCD_EP_Open
 .text.HAL_PCD_EP_Close
                0x0800283c       0x6c build/stm32l4xx_hal_pcd.o
                0x0800283c                HAL_PCD_EP_Close
 .text.HAL_PCD_EP_Receive
                0x080028a8       0x3a build/stm32l4xx_hal_pcd.o
                0x080028a8                HAL_PCD_EP_Receive
 .text.HAL_PCD_EP_GetRxCount
                0x080028e2       0x12 build/stm32l4xx_hal_pcd.o
                0x080028e2                HAL_PCD_EP_GetRxCount
 .text.HAL_PCD_EP_Transmit
                0x080028f4       0x4c build/stm32l4xx_hal_pcd.o
                0x080028f4                HAL_PCD_EP_Transmit
 .text.HAL_PCD_EP_SetStall
                0x08002940       0x80 build/stm32l4xx_hal_pcd.o
                0x08002940                HAL_PCD_EP_SetStall
 .text.HAL_PCD_EP_ClrStall
                0x080029c0       0x7e build/stm32l4xx_hal_pcd.o
                0x080029c0                HAL_PCD_EP_ClrStall
 .text.HAL_PCDEx_PMAConfig
                0x08002a3e       0x38 build/stm32l4xx_hal_pcd_ex.o
                0x08002a3e                HAL_PCDEx_PMAConfig
 .text.HAL_PCDEx_ActivateLPM
                0x08002a76       0x2c build/stm32l4xx_hal_pcd_ex.o
                0x08002a76                HAL_PCDEx_ActivateLPM
 .text.USB_CoreInit
                0x08002aa2        0xe build/stm32l4xx_ll_usb.o
                0x08002aa2                USB_CoreInit
 .text.USB_EnableGlobalInt
                0x08002ab0       0x12 build/stm32l4xx_ll_usb.o
                0x08002ab0                USB_EnableGlobalInt
 .text.USB_DisableGlobalInt
                0x08002ac2       0x14 build/stm32l4xx_ll_usb.o
                0x08002ac2                USB_DisableGlobalInt
 .text.USB_SetCurrentMode
                0x08002ad6        0x4 build/stm32l4xx_ll_usb.o
                0x08002ad6                USB_SetCurrentMode
 .text.USB_DevInit
                0x08002ada       0x22 build/stm32l4xx_ll_usb.o
                0x08002ada                USB_DevInit
 .text.USB_ActivateEndpoint
                0x08002afc      0x51a build/stm32l4xx_ll_usb.o
                0x08002afc                USB_ActivateEndpoint
 .text.USB_DeactivateEndpoint
                0x08003016      0x1d6 build/stm32l4xx_ll_usb.o
                0x08003016                USB_DeactivateEndpoint
 .text.USB_EPSetStall
                0x080031ec       0x4a build/stm32l4xx_ll_usb.o
                0x080031ec                USB_EPSetStall
 .text.USB_EPClearStall
                0x08003236       0x9c build/stm32l4xx_ll_usb.o
                0x08003236                USB_EPClearStall
 .text.USB_SetDevAddress
                0x080032d2        0xc build/stm32l4xx_ll_usb.o
                0x080032d2                USB_SetDevAddress
 .text.USB_DevConnect
                0x080032de       0x16 build/stm32l4xx_ll_usb.o
                0x080032de                USB_DevConnect
 .text.USB_DevDisconnect
                0x080032f4       0x10 build/stm32l4xx_ll_usb.o
                0x080032f4                USB_DevDisconnect
 .text.USB_ReadInterrupts
                0x08003304        0x8 build/stm32l4xx_ll_usb.o
                0x08003304                USB_ReadInterrupts
 .text.USB_EP0_OutStart
                0x0800330c        0x4 build/stm32l4xx_ll_usb.o
                0x0800330c                USB_EP0_OutStart
 .text.USB_WritePMA
                0x08003310       0x24 build/stm32l4xx_ll_usb.o
                0x08003310                USB_WritePMA
 .text.USB_EPStartXfer
                0x08003334      0x584 build/stm32l4xx_ll_usb.o
                0x08003334                USB_EPStartXfer
 .text.USB_ReadPMA
                0x080038b8       0x30 build/stm32l4xx_ll_usb.o
                0x080038b8                USB_ReadPMA
 .text.HAL_InitTick
                0x080038e8       0x50 build/stm32l4xx_hal.o
                0x080038e8                HAL_InitTick
 .text.HAL_Init
                0x08003938       0x1e build/stm32l4xx_hal.o
                0x08003938                HAL_Init
 *fill*         0x08003956        0x2 
 .text.HAL_IncTick
                0x08003958       0x18 build/stm32l4xx_hal.o
                0x08003958                HAL_IncTick
 .text.HAL_GetTick
                0x08003970        0xc build/stm32l4xx_hal.o
                0x08003970                HAL_GetTick
 .text.HAL_Delay
                0x0800397c       0x28 build/stm32l4xx_hal.o
                0x0800397c                HAL_Delay
 .text.HAL_SuspendTick
                0x080039a4        0xe build/stm32l4xx_hal.o
                0x080039a4                HAL_SuspendTick
 .text.HAL_ResumeTick
                0x080039b2        0xe build/stm32l4xx_hal.o
                0x080039b2                HAL_ResumeTick
 .text.RCC_SetFlashLatencyFromMSIRange
                0x080039c0       0x90 build/stm32l4xx_hal_rcc.o
 .text.HAL_RCC_GetSysClockFreq
                0x08003a50       0xb4 build/stm32l4xx_hal_rcc.o
                0x08003a50                HAL_RCC_GetSysClockFreq
 .text.HAL_RCC_OscConfig
                0x08003b04      0x66c build/stm32l4xx_hal_rcc.o
                0x08003b04                HAL_RCC_OscConfig
 .text.HAL_RCC_ClockConfig
                0x08004170      0x188 build/stm32l4xx_hal_rcc.o
                0x08004170                HAL_RCC_ClockConfig
 .text.HAL_RCC_GetHCLKFreq
                0x080042f8        0xc build/stm32l4xx_hal_rcc.o
                0x080042f8                HAL_RCC_GetHCLKFreq
 .text.HAL_RCC_GetPCLK1Freq
                0x08004304       0x24 build/stm32l4xx_hal_rcc.o
                0x08004304                HAL_RCC_GetPCLK1Freq
 .text.HAL_RCC_GetPCLK2Freq
                0x08004328       0x24 build/stm32l4xx_hal_rcc.o
                0x08004328                HAL_RCC_GetPCLK2Freq
 .text.RCCEx_PLLSAI1_Config
                0x0800434c      0x170 build/stm32l4xx_hal_rcc_ex.o
 .text.HAL_RCCEx_PeriphCLKConfig
                0x080044bc      0x364 build/stm32l4xx_hal_rcc_ex.o
                0x080044bc                HAL_RCCEx_PeriphCLKConfig
 .text.HAL_GPIO_Init
                0x08004820      0x1c8 build/stm32l4xx_hal_gpio.o
                0x08004820                HAL_GPIO_Init
 .text.HAL_GPIO_WritePin
                0x080049e8        0xa build/stm32l4xx_hal_gpio.o
                0x080049e8                HAL_GPIO_WritePin
 .text.HAL_I2C_Init
                0x080049f2       0xc8 build/stm32l4xx_hal_i2c.o
                0x080049f2                HAL_I2C_Init
 .text.HAL_I2CEx_ConfigAnalogFilter
                0x08004aba       0x5c build/stm32l4xx_hal_i2c_ex.o
                0x08004aba                HAL_I2CEx_ConfigAnalogFilter
 .text.HAL_I2CEx_ConfigDigitalFilter
                0x08004b16       0x58 build/stm32l4xx_hal_i2c_ex.o
                0x08004b16                HAL_I2CEx_ConfigDigitalFilter
 *fill*         0x08004b6e        0x2 
 .text.HAL_PWR_EnterSLEEPMode
                0x08004b70       0x4c build/stm32l4xx_hal_pwr.o
                0x08004b70                HAL_PWR_EnterSLEEPMode
 .text.HAL_PWREx_GetVoltageRange
                0x08004bbc       0x10 build/stm32l4xx_hal_pwr_ex.o
                0x08004bbc                HAL_PWREx_GetVoltageRange
 .text.HAL_PWREx_ControlVoltageScaling
                0x08004bcc       0x90 build/stm32l4xx_hal_pwr_ex.o
                0x08004bcc                HAL_PWREx_ControlVoltageScaling
 .text.HAL_PWREx_EnableVddUSB
                0x08004c5c       0x10 build/stm32l4xx_hal_pwr_ex.o
                0x08004c5c                HAL_PWREx_EnableVddUSB
 .text.HAL_PWREx_EnableLowPowerRunMode
                0x08004c6c       0x10 build/stm32l4xx_hal_pwr_ex.o
                0x08004c6c                HAL_PWREx_EnableLowPowerRunMode
 .text.HAL_PWREx_DisableLowPowerRunMode
                0x08004c7c       0x50 build/stm32l4xx_hal_pwr_ex.o
                0x08004c7c                HAL_PWREx_DisableLowPowerRunMode
 .text.HAL_PWREx_EnterSTOP2Mode
                0x08004ccc       0x3c build/stm32l4xx_hal_pwr_ex.o
                0x08004ccc                HAL_PWREx_EnterSTOP2Mode
 .text.__NVIC_EnableIRQ
                0x08004d08       0x1c build/stm32l4xx_hal_cortex.o
 .text.__NVIC_SetPriority
                0x08004d24       0x28 build/stm32l4xx_hal_cortex.o
 .text.NVIC_EncodePriority
                0x08004d4c       0x3e build/stm32l4xx_hal_cortex.o
 *fill*         0x08004d8a        0x2 
 .text.HAL_NVIC_SetPriorityGrouping
                0x08004d8c       0x24 build/stm32l4xx_hal_cortex.o
                0x08004d8c                HAL_NVIC_SetPriorityGrouping
 .text.HAL_NVIC_SetPriority
                0x08004db0       0x20 build/stm32l4xx_hal_cortex.o
                0x08004db0                HAL_NVIC_SetPriority
 .text.HAL_NVIC_EnableIRQ
                0x08004dd0        0x8 build/stm32l4xx_hal_cortex.o
                0x08004dd0                HAL_NVIC_EnableIRQ
 .text.HAL_SYSTICK_Config
                0x08004dd8       0x28 build/stm32l4xx_hal_cortex.o
                0x08004dd8                HAL_SYSTICK_Config
 .text.LL_ADC_REG_SetSequencerRanks
                0x08004e00       0x30 build/stm32l4xx_hal_adc.o
 .text.LL_ADC_SetChannelSamplingTime
                0x08004e30       0x2c build/stm32l4xx_hal_adc.o
 .text.HAL_ADC_Init
                0x08004e5c      0x1c8 build/stm32l4xx_hal_adc.o
                0x08004e5c                HAL_ADC_Init
 .text.HAL_ADC_ConfigChannel
                0x08005024      0x430 build/stm32l4xx_hal_adc.o
                0x08005024                HAL_ADC_ConfigChannel
 .text.HAL_IWDG_Init
                0x08005454       0x6c build/stm32l4xx_hal_iwdg.o
                0x08005454                HAL_IWDG_Init
 .text.LPTIM_WaitForFlag
                0x080054c0       0x3c build/stm32l4xx_hal_lptim.o
 .text.HAL_LPTIM_Init
                0x080054fc       0xbc build/stm32l4xx_hal_lptim.o
                0x080054fc                HAL_LPTIM_Init
 .text.HAL_LPTIM_CompareMatchCallback
                0x080055b8        0x2 build/stm32l4xx_hal_lptim.o
                0x080055b8                HAL_LPTIM_CompareMatchCallback
 .text.HAL_LPTIM_TriggerCallback
                0x080055ba        0x2 build/stm32l4xx_hal_lptim.o
                0x080055ba                HAL_LPTIM_TriggerCallback
 .text.HAL_LPTIM_CompareWriteCallback
                0x080055bc        0x2 build/stm32l4xx_hal_lptim.o
                0x080055bc                HAL_LPTIM_CompareWriteCallback
 .text.HAL_LPTIM_AutoReloadWriteCallback
                0x080055be        0x2 build/stm32l4xx_hal_lptim.o
                0x080055be                HAL_LPTIM_AutoReloadWriteCallback
 .text.HAL_LPTIM_DirectionUpCallback
                0x080055c0        0x2 build/stm32l4xx_hal_lptim.o
                0x080055c0                HAL_LPTIM_DirectionUpCallback
 .text.HAL_LPTIM_DirectionDownCallback
                0x080055c2        0x2 build/stm32l4xx_hal_lptim.o
                0x080055c2                HAL_LPTIM_DirectionDownCallback
 .text.HAL_LPTIM_IRQHandler
                0x080055c4       0xd6 build/stm32l4xx_hal_lptim.o
                0x080055c4                HAL_LPTIM_IRQHandler
 .text.HAL_LPTIM_GetState
                0x0800569a        0x6 build/stm32l4xx_hal_lptim.o
                0x0800569a                HAL_LPTIM_GetState
 .text.LPTIM_Disable
                0x080056a0      0x170 build/stm32l4xx_hal_lptim.o
                0x080056a0                LPTIM_Disable
 .text.HAL_LPTIM_Counter_Start_IT
                0x08005810       0xac build/stm32l4xx_hal_lptim.o
                0x08005810                HAL_LPTIM_Counter_Start_IT
 .text.HAL_LPTIM_Counter_Stop_IT
                0x080058bc       0x60 build/stm32l4xx_hal_lptim.o
                0x080058bc                HAL_LPTIM_Counter_Stop_IT
 .text.UART_EndRxTransfer
                0x0800591c       0x52 build/stm32l4xx_hal_uart.o
 *fill*         0x0800596e        0x2 
 .text.UART_SetConfig
                0x08005970      0x2a0 build/stm32l4xx_hal_uart.o
                0x08005970                UART_SetConfig
 .text.UART_AdvFeatureConfig
                0x08005c10       0xca build/stm32l4xx_hal_uart.o
                0x08005c10                UART_AdvFeatureConfig
 .text.UART_WaitOnFlagUntilTimeout
                0x08005cda       0x9e build/stm32l4xx_hal_uart.o
                0x08005cda                UART_WaitOnFlagUntilTimeout
 .text.UART_CheckIdleState
                0x08005d78       0xc6 build/stm32l4xx_hal_uart.o
                0x08005d78                UART_CheckIdleState
 .text.HAL_UART_Init
                0x08005e3e       0x62 build/stm32l4xx_hal_uart.o
                0x08005e3e                HAL_UART_Init
 .text.QSPI_WaitFlagStateUntilTimeout
                0x08005ea0       0x54 build/stm32l4xx_hal_qspi.o
 .text.HAL_QSPI_SetTimeout
                0x08005ef4        0x4 build/stm32l4xx_hal_qspi.o
                0x08005ef4                HAL_QSPI_SetTimeout
 .text.HAL_QSPI_Init
                0x08005ef8       0xb0 build/stm32l4xx_hal_qspi.o
                0x08005ef8                HAL_QSPI_Init
 .text.HAL_RTC_WaitForSynchro
                0x08005fa8       0x34 build/stm32l4xx_hal_rtc.o
                0x08005fa8                HAL_RTC_WaitForSynchro
 .text.RTC_EnterInitMode
                0x08005fdc       0x44 build/stm32l4xx_hal_rtc.o
                0x08005fdc                RTC_EnterInitMode
 .text.RTC_ExitInitMode
                0x08006020       0x4c build/stm32l4xx_hal_rtc.o
                0x08006020                RTC_ExitInitMode
 .text.HAL_RTC_Init
                0x0800606c       0xa6 build/stm32l4xx_hal_rtc.o
                0x0800606c                HAL_RTC_Init
 .text.HAL_SPI_Init
                0x08006112       0xde build/stm32l4xx_hal_spi.o
                0x08006112                HAL_SPI_Init
 .text.TIM_OC1_SetConfig
                0x080061f0       0x80 build/stm32l4xx_hal_tim.o
 .text.TIM_OC3_SetConfig
                0x08006270       0x74 build/stm32l4xx_hal_tim.o
 .text.TIM_OC4_SetConfig
                0x080062e4       0x5c build/stm32l4xx_hal_tim.o
 .text.TIM_OC5_SetConfig
                0x08006340       0x58 build/stm32l4xx_hal_tim.o
 .text.TIM_OC6_SetConfig
                0x08006398       0x5c build/stm32l4xx_hal_tim.o
 .text.TIM_TI1_ConfigInputStage
                0x080063f4       0x48 build/stm32l4xx_hal_tim.o
 .text.TIM_TI2_SetConfig
                0x0800643c       0x48 build/stm32l4xx_hal_tim.o
 .text.TIM_TI2_ConfigInputStage
                0x08006484       0x3c build/stm32l4xx_hal_tim.o
 .text.TIM_TI3_SetConfig
                0x080064c0       0x48 build/stm32l4xx_hal_tim.o
 .text.TIM_TI4_SetConfig
                0x08006508       0x36 build/stm32l4xx_hal_tim.o
 .text.TIM_ITRx_SetConfig
                0x0800653e       0x10 build/stm32l4xx_hal_tim.o
 .text.HAL_TIM_PWM_MspInit
                0x0800654e        0x2 build/stm32l4xx_hal_tim.o
                0x0800654e                HAL_TIM_PWM_MspInit
 .text.TIM_Base_SetConfig
                0x08006550       0x78 build/stm32l4xx_hal_tim.o
                0x08006550                TIM_Base_SetConfig
 .text.HAL_TIM_Base_Init
                0x080065c8       0x60 build/stm32l4xx_hal_tim.o
                0x080065c8                HAL_TIM_Base_Init
 .text.HAL_TIM_PWM_Init
                0x08006628       0x60 build/stm32l4xx_hal_tim.o
                0x08006628                HAL_TIM_PWM_Init
 .text.HAL_TIM_IC_Init
                0x08006688       0x60 build/stm32l4xx_hal_tim.o
                0x08006688                HAL_TIM_IC_Init
 .text.TIM_OC2_SetConfig
                0x080066e8       0x78 build/stm32l4xx_hal_tim.o
                0x080066e8                TIM_OC2_SetConfig
 .text.HAL_TIM_PWM_ConfigChannel
                0x08006760      0x13a build/stm32l4xx_hal_tim.o
                0x08006760                HAL_TIM_PWM_ConfigChannel
 *fill*         0x0800689a        0x2 
 .text.TIM_TI1_SetConfig
                0x0800689c       0x70 build/stm32l4xx_hal_tim.o
                0x0800689c                TIM_TI1_SetConfig
 .text.HAL_TIM_IC_ConfigChannel
                0x0800690c       0xcc build/stm32l4xx_hal_tim.o
                0x0800690c                HAL_TIM_IC_ConfigChannel
 .text.TIM_ETR_SetConfig
                0x080069d8       0x1a build/stm32l4xx_hal_tim.o
                0x080069d8                TIM_ETR_SetConfig
 *fill*         0x080069f2        0x2 
 .text.HAL_TIM_ConfigClockSource
                0x080069f4      0x100 build/stm32l4xx_hal_tim.o
                0x080069f4                HAL_TIM_ConfigClockSource
 .text.HAL_TIMEx_MasterConfigSynchronization
                0x08006af4       0x70 build/stm32l4xx_hal_tim_ex.o
                0x08006af4                HAL_TIMEx_MasterConfigSynchronization
 .text.HAL_TIMEx_ConfigBreakDeadTime
                0x08006b64       0x88 build/stm32l4xx_hal_tim_ex.o
                0x08006b64                HAL_TIMEx_ConfigBreakDeadTime
 .text.SystemInit
                0x08006bec       0x14 build/system_stm32l4xx.o
                0x08006bec                SystemInit
 .text.FATFS_LinkDriverEx
                0x08006c00       0x54 build/ff_gen_drv.o
                0x08006c00                FATFS_LinkDriverEx
 .text.FATFS_LinkDriver
                0x08006c54        0xa build/ff_gen_drv.o
                0x08006c54                FATFS_LinkDriver
 .text.USBD_Init
                0x08006c5e       0x2e build/usbd_core.o
                0x08006c5e                USBD_Init
 .text.USBD_RegisterClass
                0x08006c8c       0x34 build/usbd_core.o
                0x08006c8c                USBD_RegisterClass
 .text.USBD_Start
                0x08006cc0        0x8 build/usbd_core.o
                0x08006cc0                USBD_Start
 .text.USBD_SetClassConfig
                0x08006cc8       0x12 build/usbd_core.o
                0x08006cc8                USBD_SetClassConfig
 .text.USBD_ClrClassConfig
                0x08006cda       0x12 build/usbd_core.o
                0x08006cda                USBD_ClrClassConfig
 .text.USBD_LL_SetupStage
                0x08006cec       0x58 build/usbd_core.o
                0x08006cec                USBD_LL_SetupStage
 .text.USBD_LL_Reset
                0x08006d44       0x66 build/usbd_core.o
                0x08006d44                USBD_LL_Reset
 .text.USBD_LL_SetSpeed
                0x08006daa        0x6 build/usbd_core.o
                0x08006daa                USBD_LL_SetSpeed
 .text.USBD_LL_Suspend
                0x08006db0       0x1e build/usbd_core.o
                0x08006db0                USBD_LL_Suspend
 .text.USBD_LL_Resume
                0x08006dce       0x1a build/usbd_core.o
                0x08006dce                USBD_LL_Resume
 .text.USBD_LL_SOF
                0x08006de8       0x22 build/usbd_core.o
                0x08006de8                USBD_LL_SOF
 .text.USBD_CoreFindIF
                0x08006e0a        0x4 build/usbd_core.o
                0x08006e0a                USBD_CoreFindIF
 .text.USBD_CoreFindEP
                0x08006e0e        0x4 build/usbd_core.o
                0x08006e0e                USBD_CoreFindEP
 .text.USBD_LL_DataOutStage
                0x08006e12       0xca build/usbd_core.o
                0x08006e12                USBD_LL_DataOutStage
 .text.USBD_LL_DataInStage
                0x08006edc       0xd8 build/usbd_core.o
                0x08006edc                USBD_LL_DataInStage
 .text.USBD_GetNextDesc
                0x08006fb4        0xe build/usbd_core.o
                0x08006fb4                USBD_GetNextDesc
 .text.USBD_GetEpDesc
                0x08006fc2       0x3e build/usbd_core.o
                0x08006fc2                USBD_GetEpDesc
 .text.USBD_GetLen
                0x08007000       0x14 build/usbd_ctlreq.o
 .text.USBD_ParseSetupRequest
                0x08007014       0x28 build/usbd_ctlreq.o
                0x08007014                USBD_ParseSetupRequest
 .text.USBD_CtlError
                0x0800703c       0x14 build/usbd_ctlreq.o
                0x0800703c                USBD_CtlError
 .text.USBD_GetDescriptor
                0x08007050      0x1ac build/usbd_ctlreq.o
 .text.USBD_SetAddress
                0x080071fc       0x50 build/usbd_ctlreq.o
 .text.USBD_SetConfig
                0x0800724c       0xcc build/usbd_ctlreq.o
 .text.USBD_GetConfig
                0x08007318       0x40 build/usbd_ctlreq.o
 .text.USBD_GetStatus
                0x08007358       0x38 build/usbd_ctlreq.o
 .text.USBD_SetFeature
                0x08007390       0x2a build/usbd_ctlreq.o
 .text.USBD_ClrFeature
                0x080073ba       0x26 build/usbd_ctlreq.o
 .text.USBD_StdDevReq
                0x080073e0       0x76 build/usbd_ctlreq.o
                0x080073e0                USBD_StdDevReq
 .text.USBD_StdItfReq
                0x08007456       0x84 build/usbd_ctlreq.o
                0x08007456                USBD_StdItfReq
 .text.USBD_StdEPReq
                0x080074da      0x232 build/usbd_ctlreq.o
                0x080074da                USBD_StdEPReq
 .text.USBD_GetString
                0x0800770c       0x46 build/usbd_ctlreq.o
                0x0800770c                USBD_GetString
 .text.USBD_CtlSendData
                0x08007752       0x1c build/usbd_ioreq.o
                0x08007752                USBD_CtlSendData
 .text.USBD_CtlContinueSendData
                0x0800776e       0x10 build/usbd_ioreq.o
                0x0800776e                USBD_CtlContinueSendData
 .text.USBD_CtlPrepareRx
                0x0800777e       0x22 build/usbd_ioreq.o
                0x0800777e                USBD_CtlPrepareRx
 .text.USBD_CtlContinueRx
                0x080077a0       0x10 build/usbd_ioreq.o
                0x080077a0                USBD_CtlContinueRx
 .text.USBD_CtlSendStatus
                0x080077b0       0x16 build/usbd_ioreq.o
                0x080077b0                USBD_CtlSendStatus
 .text.USBD_CtlReceiveStatus
                0x080077c6       0x16 build/usbd_ioreq.o
                0x080077c6                USBD_CtlReceiveStatus
 .text.USBD_CDC_EP0_RxReady
                0x080077dc       0x40 build/usbd_cdc.o
 .text.USBD_CDC_GetDeviceQualifierDescriptor
                0x0800781c        0xc build/usbd_cdc.o
                0x0800781c                USBD_CDC_GetDeviceQualifierDescriptor
 .text.USBD_CDC_GetOtherSpeedCfgDesc
                0x08007828       0x48 build/usbd_cdc.o
 .text.USBD_CDC_GetFSCfgDesc
                0x08007870       0x48 build/usbd_cdc.o
 .text.USBD_CDC_GetHSCfgDesc
                0x080078b8       0x48 build/usbd_cdc.o
 .text.USBD_CDC_DataOut
                0x08007900       0x38 build/usbd_cdc.o
 .text.USBD_CDC_DataIn
                0x08007938       0x7c build/usbd_cdc.o
 .text.USBD_CDC_Setup
                0x080079b4      0x11a build/usbd_cdc.o
 .text.USBD_CDC_DeInit
                0x08007ace       0x64 build/usbd_cdc.o
 .text.USBD_CDC_Init
                0x08007b32       0xee build/usbd_cdc.o
 .text.USBD_CDC_RegisterInterface
                0x08007c20       0x16 build/usbd_cdc.o
                0x08007c20                USBD_CDC_RegisterInterface
 .text.USBD_CDC_SetTxBuffer
                0x08007c36       0x1c build/usbd_cdc.o
                0x08007c36                USBD_CDC_SetTxBuffer
 .text.USBD_CDC_SetRxBuffer
                0x08007c52       0x18 build/usbd_cdc.o
                0x08007c52                USBD_CDC_SetRxBuffer
 .text.USBD_CDC_TransmitPacket
                0x08007c6a       0x36 build/usbd_cdc.o
                0x08007c6a                USBD_CDC_TransmitPacket
 .text.USBD_CDC_ReceivePacket
                0x08007ca0       0x38 build/usbd_cdc.o
                0x08007ca0                USBD_CDC_ReceivePacket
 .text.Reset_Handler
                0x08007cd8       0x50 build/startup_stm32l433xx.o
                0x08007cd8                Reset_Handler
 .text.Default_Handler
                0x08007d28        0x2 build/startup_stm32l433xx.o
                0x08007d28                RTC_Alarm_IRQHandler
                0x08007d28                EXTI2_IRQHandler
                0x08007d28                TIM1_CC_IRQHandler
                0x08007d28                TSC_IRQHandler
                0x08007d28                TAMP_STAMP_IRQHandler
                0x08007d28                EXTI3_IRQHandler
                0x08007d28                LPTIM2_IRQHandler
                0x08007d28                I2C3_ER_IRQHandler
                0x08007d28                EXTI0_IRQHandler
                0x08007d28                I2C2_EV_IRQHandler
                0x08007d28                CAN1_RX0_IRQHandler
                0x08007d28                FPU_IRQHandler
                0x08007d28                TIM1_UP_TIM16_IRQHandler
                0x08007d28                SPI1_IRQHandler
                0x08007d28                TIM6_DAC_IRQHandler
                0x08007d28                DMA2_Channel2_IRQHandler
                0x08007d28                DMA1_Channel4_IRQHandler
                0x08007d28                ADC1_IRQHandler
                0x08007d28                USART3_IRQHandler
                0x08007d28                DMA1_Channel7_IRQHandler
                0x08007d28                CAN1_RX1_IRQHandler
                0x08007d28                LCD_IRQHandler
                0x08007d28                DMA2_Channel1_IRQHandler
                0x08007d28                QUADSPI_IRQHandler
                0x08007d28                I2C1_EV_IRQHandler
                0x08007d28                DMA1_Channel6_IRQHandler
                0x08007d28                DMA2_Channel4_IRQHandler
                0x08007d28                RCC_IRQHandler
                0x08007d28                TIM1_TRG_COM_IRQHandler
                0x08007d28                DMA1_Channel1_IRQHandler
                0x08007d28                Default_Handler
                0x08007d28                DMA2_Channel7_IRQHandler
                0x08007d28                EXTI15_10_IRQHandler
                0x08007d28                TIM7_IRQHandler
                0x08007d28                SDMMC1_IRQHandler
                0x08007d28                I2C3_EV_IRQHandler
                0x08007d28                EXTI9_5_IRQHandler
                0x08007d28                RTC_WKUP_IRQHandler
                0x08007d28                PVD_PVM_IRQHandler
                0x08007d28                SPI2_IRQHandler
                0x08007d28                CAN1_TX_IRQHandler
                0x08007d28                DMA2_Channel5_IRQHandler
                0x08007d28                CRS_IRQHandler
                0x08007d28                DMA1_Channel5_IRQHandler
                0x08007d28                EXTI4_IRQHandler
                0x08007d28                RNG_IRQHandler
                0x08007d28                DMA1_Channel3_IRQHandler
                0x08007d28                COMP_IRQHandler
                0x08007d28                WWDG_IRQHandler
                0x08007d28                LPUART1_IRQHandler
                0x08007d28                DMA2_Channel6_IRQHandler
                0x08007d28                TIM2_IRQHandler
                0x08007d28                EXTI1_IRQHandler
                0x08007d28                USART2_IRQHandler
                0x08007d28                I2C2_ER_IRQHandler
                0x08007d28                DMA1_Channel2_IRQHandler
                0x08007d28                CAN1_SCE_IRQHandler
                0x08007d28                FLASH_IRQHandler
                0x08007d28                USART1_IRQHandler
                0x08007d28                SPI3_IRQHandler
                0x08007d28                I2C1_ER_IRQHandler
                0x08007d28                SWPMI1_IRQHandler
                0x08007d28                SAI1_IRQHandler
                0x08007d28                DMA2_Channel3_IRQHandler
                0x08007d28                TIM1_BRK_TIM15_IRQHandler
 *(.glue_7)
 .glue_7        0x08007d2a        0x0 linker stubs
 *(.glue_7t)
 .glue_7t       0x08007d2a        0x0 linker stubs
 *(.eh_frame)
 *fill*         0x08007d2a        0x2 
 .eh_frame      0x08007d2c        0x0 /usr/lib/gcc/arm-none-eabi/13.2.1/thumb/v7e-m+fp/hard/crtbegin.o
 *(.init)
 .init          0x08007d2c        0x4 /usr/lib/gcc/arm-none-eabi/13.2.1/thumb/v7e-m+fp/hard/crti.o
                0x08007d2c                _init
 .init          0x08007d30        0x8 /usr/lib/gcc/arm-none-eabi/13.2.1/thumb/v7e-m+fp/hard/crtn.o
 *(.fini)
 .fini          0x08007d38        0x4 /usr/lib/gcc/arm-none-eabi/13.2.1/thumb/v7e-m+fp/hard/crti.o
                0x08007d38                _fini
 .fini          0x08007d3c        0x8 /usr/lib/gcc/arm-none-eabi/13.2.1/thumb/v7e-m+fp/hard/crtn.o
                0x08007d48                        . = ALIGN (0x8)
 *fill*         0x08007d44        0x4 
                0x08007d48                        _etext = .

.vfp11_veneer   0x08007d48        0x0
 .vfp11_veneer  0x08007d48        0x0 linker stubs

.v4_bx          0x08007d48        0x0
 .v4_bx         0x08007d48        0x0 linker stubs

.iplt           0x08007d48        0x0
 .iplt          0x08007d48        0x0 /usr/lib/gcc/arm-none-eabi/13.2.1/thumb/v7e-m+fp/hard/crtbegin.o

.rodata         0x08007d48       0xa0
                0x08007d48                        . = ALIGN (0x8)
 *(.rodata)
 *(.rodata*)
 .rodata.hello_msg.0
                0x08007d48        0xe build/main.o
 *fill*         0x08007d56        0x2 
 .rodata.USBD_FS_ProductStrDescriptor.str1.4
                0x08007d58       0x46 build/usbd_desc.o
                                 0x16 (size before relaxing)
 .rodata.USBD_FS_ManufacturerStrDescriptor.str1.4
                0x08007d9e       0x13 build/usbd_desc.o
 .rodata.USBD_FS_ConfigStrDescriptor.str1.4
                0x08007d9e        0xb build/usbd_desc.o
 .rodata.USBD_FS_InterfaceStrDescriptor.str1.4
                0x08007d9e        0xe build/usbd_desc.o
 *fill*         0x08007d9e        0x2 
 .rodata.MSIRangeTable
                0x08007da0       0x30 build/system_stm32l4xx.o
                0x08007da0                MSIRangeTable
 .rodata.APBPrescTable
                0x08007dd0        0x8 build/system_stm32l4xx.o
                0x08007dd0                APBPrescTable
 .rodata.AHBPrescTable
                0x08007dd8       0x10 build/system_stm32l4xx.o
                0x08007dd8                AHBPrescTable
                0x08007de8                        . = ALIGN (0x8)

.ARM.extab      0x08007de8        0x0
                0x08007de8                        . = ALIGN (0x8)
 *(.ARM.extab* .gnu.linkonce.armextab.*)
                0x08007de8                        . = ALIGN (0x8)

.ARM            0x08007de8        0x8
                0x08007de8                        . = ALIGN (0x8)
                0x08007de8                        __exidx_start = .
 *(.ARM.exidx*)
 .ARM.exidx     0x08007de8        0x8 /usr/lib/gcc/arm-none-eabi/13.2.1/thumb/v7e-m+fp/hard/libgcc.a(_udivmoddi4.o)
                0x08007df0                        __exidx_end = .
                0x08007df0                        . = ALIGN (0x8)

.preinit_array  0x08007df0        0x0
                0x08007df0                        . = ALIGN (0x8)
                0x08007df0                        PROVIDE (__preinit_array_start = .)
 *(.preinit_array*)
                0x08007df0                        PROVIDE (__preinit_array_end = .)
                0x08007df0                        . = ALIGN (0x8)

.init_array     0x08007df0        0x8
                0x08007df0                        . = ALIGN (0x8)
                0x08007df0                        PROVIDE (__init_array_start = .)
 *(SORT_BY_NAME(.init_array.*))
 *(.init_array*)
 .init_array    0x08007df0        0x4 /usr/lib/gcc/arm-none-eabi/13.2.1/thumb/v7e-m+fp/hard/crtbegin.o
                0x08007df4                        PROVIDE (__init_array_end = .)
                0x08007df8                        . = ALIGN (0x8)
 *fill*         0x08007df4        0x4 

.fini_array     0x08007df8        0x8
                0x08007df8                        . = ALIGN (0x8)
                0x08007df8                        PROVIDE (__fini_array_start = .)
 *(SORT_BY_NAME(.fini_array.*))
 *(.fini_array*)
 .fini_array    0x08007df8        0x4 /usr/lib/gcc/arm-none-eabi/13.2.1/thumb/v7e-m+fp/hard/crtbegin.o
                0x08007dfc                        PROVIDE (__fini_array_end = .)
                0x08007e00                        . = ALIGN (0x8)
 *fill*         0x08007dfc        0x4 
                0x08007e00                        _sidata = LOADADDR (.data)

.rel.dyn        0x08007e00        0x0
 .rel.iplt      0x08007e00        0x0 /usr/lib/gcc/arm-none-eabi/13.2.1/thumb/v7e-m+fp/hard/crtbegin.o

.data           0x20000000      0x120 load address 0x08007e00
                0x20000000                        . = ALIGN (0x8)
                0x20000000                        _sdata = .
 *(.data)
 *(.data*)
 .data.USER_Driver
                0x20000000       0x14 build/user_diskio.o
                0x20000000                USER_Driver
 .data.Stat     0x20000014        0x1 build/user_diskio.o
 *fill*         0x20000015        0x3 
 .data.USBD_StringSerial
                0x20000018       0x1a build/usbd_desc.o
                0x20000018                USBD_StringSerial
 *fill*         0x20000032        0x2 
 .data.USBD_LangIDDesc
                0x20000034        0x4 build/usbd_desc.o
                0x20000034                USBD_LangIDDesc
 .data.USBD_FS_BOSDesc
                0x20000038        0xc build/usbd_desc.o
                0x20000038                USBD_FS_BOSDesc
 .data.USBD_FS_DeviceDesc
                0x20000044       0x12 build/usbd_desc.o
                0x20000044                USBD_FS_DeviceDesc
 *fill*         0x20000056        0x2 
 .data.FS_Desc  0x20000058       0x20 build/usbd_desc.o
                0x20000058                FS_Desc
 .data.USBD_Interface_fops_FS
                0x20000078       0x14 build/usbd_cdc_if.o
                0x20000078                USBD_Interface_fops_FS
 .data.uwTickFreq
                0x2000008c        0x1 build/stm32l4xx_hal.o
                0x2000008c                uwTickFreq
 *fill*         0x2000008d        0x3 
 .data.uwTickPrio
                0x20000090        0x4 build/stm32l4xx_hal.o
                0x20000090                uwTickPrio
 .data.SystemCoreClock
                0x20000094        0x4 build/system_stm32l4xx.o
                0x20000094                SystemCoreClock
 .data.USBD_CDC_CfgDesc
                0x20000098       0x43 build/usbd_cdc.o
 *fill*         0x200000db        0x1 
 .data.USBD_CDC
                0x200000dc       0x38 build/usbd_cdc.o
                0x200000dc                USBD_CDC
 .data.USBD_CDC_DeviceQualifierDesc
                0x20000114        0xa build/usbd_cdc.o
 *(.RamFunc)
 *(.RamFunc*)
                0x20000120                        . = ALIGN (0x8)
 *fill*         0x2000011e        0x2 
                0x20000120                        _edata = .

.tm_clone_table
                0x20000120        0x0 load address 0x08007f20
 .tm_clone_table
                0x20000120        0x0 /usr/lib/gcc/arm-none-eabi/13.2.1/thumb/v7e-m+fp/hard/crtbegin.o
 .tm_clone_table
                0x20000120        0x0 /usr/lib/gcc/arm-none-eabi/13.2.1/thumb/v7e-m+fp/hard/crtend.o

.igot.plt       0x20000120        0x0 load address 0x08007f20
 .igot.plt      0x20000120        0x0 /usr/lib/gcc/arm-none-eabi/13.2.1/thumb/v7e-m+fp/hard/crtbegin.o
                0x20000120                        . = ALIGN (0x4)

.bss            0x20000120     0x16bc load address 0x08007f20
                0x20000120                        _sbss = .
                0x20000120                        __bss_start__ = _sbss
 *(.bss)
 .bss           0x20000120       0x1c /usr/lib/gcc/arm-none-eabi/13.2.1/thumb/v7e-m+fp/hard/crtbegin.o
 *(.bss*)
 .bss.lptim_wake_flag
                0x2000013c        0x1 build/main.o
 *fill*         0x2000013d        0x3 
 .bss.htim16    0x20000140       0x4c build/main.o
                0x20000140                htim16
 .bss.htim15    0x2000018c       0x4c build/main.o
                0x2000018c                htim15
 .bss.htim2     0x200001d8       0x4c build/main.o
                0x200001d8                htim2
 .bss.hspi1     0x20000224       0x64 build/main.o
                0x20000224                hspi1
 .bss.hrtc      0x20000288       0x24 build/main.o
                0x20000288                hrtc
 .bss.hqspi     0x200002ac       0x4c build/main.o
                0x200002ac                hqspi
 .bss.huart2    0x200002f8       0x88 build/main.o
                0x200002f8                huart2
 .bss.huart1    0x20000380       0x88 build/main.o
                0x20000380                huart1
 .bss.hlpuart1  0x20000408       0x88 build/main.o
                0x20000408                hlpuart1
 .bss.hlptim1   0x20000490       0x38 build/main.o
                0x20000490                hlptim1
 .bss.hiwdg     0x200004c8       0x10 build/main.o
                0x200004c8                hiwdg
 .bss.hi2c2     0x200004d8       0x54 build/main.o
                0x200004d8                hi2c2
 .bss.hi2c1     0x2000052c       0x54 build/main.o
                0x2000052c                hi2c1
 .bss.hadc1     0x20000580       0x64 build/main.o
                0x20000580                hadc1
 .bss.USERPath  0x200005e4        0x4 build/fatfs.o
                0x200005e4                USERPath
 .bss.retUSER   0x200005e8        0x1 build/fatfs.o
                0x200005e8                retUSER
 *fill*         0x200005e9        0x3 
 .bss.hUsbDeviceFS
                0x200005ec      0x2dc build/usb_device.o
                0x200005ec                hUsbDeviceFS
 .bss.USBD_StrDesc
                0x200008c8      0x200 build/usbd_desc.o
                0x200008c8                USBD_StrDesc
 .bss.UserTxBufferFS
                0x20000ac8      0x400 build/usbd_cdc_if.o
                0x20000ac8                UserTxBufferFS
 .bss.UserRxBufferFS
                0x20000ec8      0x400 build/usbd_cdc_if.o
                0x20000ec8                UserRxBufferFS
 .bss.mem.0     0x200012c8      0x220 build/usbd_conf.o
 .bss.hpcd_USB_FS
                0x200014e8      0x2e0 build/usbd_conf.o
                0x200014e8                hpcd_USB_FS
 .bss.uwTick    0x200017c8        0x4 build/stm32l4xx_hal.o
                0x200017c8                uwTick
 .bss.disk      0x200017cc        0xc build/ff_gen_drv.o
                0x200017cc                disk
 .bss.cfgidx.0  0x200017d8        0x1 build/usbd_ctlreq.o
 *(COMMON)
                0x200017dc                        . = ALIGN (0x4)
 *fill*         0x200017d9        0x3 
                0x200017dc                        _ebss = .
                0x200017dc                        __bss_end__ = _ebss

._user_heap_stack
                0x200017dc      0x604 load address 0x08007f20
                0x200017e0                        . = ALIGN (0x8)
 *fill*         0x200017dc        0x4 
                [!provide]                        PROVIDE (end = .)
                0x200017e0                        PROVIDE (_end = .)
                0x200019e0                        . = (. + _Min_Heap_Size)
 *fill*         0x200017e0      0x200 
                0x20001de0                        . = (. + _Min_Stack_Size)
 *fill*         0x200019e0      0x400 
                0x20001de0                        . = ALIGN (0x8)

/DISCARD/
 libc.a(*)
 libm.a(*)
 libgcc.a(*)
OUTPUT(build/JAIA_LOW_POWER_REV1-100LQFP.elf elf32-littlearm)
LOAD linker stubs
LOAD /usr/lib/gcc/arm-none-eabi/13.2.1/../../../arm-none-eabi/lib/thumb/v7e-m+fp/hard/libc.a
LOAD /usr/lib/gcc/arm-none-eabi/13.2.1/../../../arm-none-eabi/lib/thumb/v7e-m+fp/hard/libm.a
LOAD /usr/lib/gcc/arm-none-eabi/13.2.1/thumb/v7e-m+fp/hard/libgcc.a

.ARM.attributes
                0x00000000       0x30
 .ARM.attributes
                0x00000000       0x22 /usr/lib/gcc/arm-none-eabi/13.2.1/thumb/v7e-m+fp/hard/crti.o
 .ARM.attributes
                0x00000022       0x34 /usr/lib/gcc/arm-none-eabi/13.2.1/thumb/v7e-m+fp/hard/crtbegin.o
 .ARM.attributes
                0x00000056       0x34 build/main.o
 .ARM.attributes
                0x0000008a       0x34 build/stm32l4xx_it.o
 .ARM.attributes
                0x000000be       0x34 build/stm32l4xx_hal_msp.o
 .ARM.attributes
                0x000000f2       0x34 build/user_diskio.o
 .ARM.attributes
                0x00000126       0x34 build/fatfs.o
 .ARM.attributes
                0x0000015a       0x34 build/usb_device.o
 .ARM.attributes
                0x0000018e       0x34 build/usbd_desc.o
 .ARM.attributes
                0x000001c2       0x34 build/usbd_cdc_if.o
 .ARM.attributes
                0x000001f6       0x34 build/usbd_conf.o
 .ARM.attributes
                0x0000022a       0x34 build/stm32l4xx_hal_pcd.o
 .ARM.attributes
                0x0000025e       0x34 build/stm32l4xx_hal_pcd_ex.o
 .ARM.attributes
                0x00000292       0x34 build/stm32l4xx_ll_usb.o
 .ARM.attributes
                0x000002c6       0x34 build/stm32l4xx_hal.o
 .ARM.attributes
                0x000002fa       0x34 build/stm32l4xx_hal_rcc.o
 .ARM.attributes
                0x0000032e       0x34 build/stm32l4xx_hal_rcc_ex.o
 .ARM.attributes
                0x00000362       0x34 build/stm32l4xx_hal_gpio.o
 .ARM.attributes
                0x00000396       0x34 build/stm32l4xx_hal_i2c.o
 .ARM.attributes
                0x000003ca       0x34 build/stm32l4xx_hal_i2c_ex.o
 .ARM.attributes
                0x000003fe       0x34 build/stm32l4xx_hal_pwr.o
 .ARM.attributes
                0x00000432       0x34 build/stm32l4xx_hal_pwr_ex.o
 .ARM.attributes
                0x00000466       0x34 build/stm32l4xx_hal_cortex.o
 .ARM.attributes
                0x0000049a       0x34 build/stm32l4xx_hal_adc.o
 .ARM.attributes
                0x000004ce       0x34 build/stm32l4xx_hal_iwdg.o
 .ARM.attributes
                0x00000502       0x34 build/stm32l4xx_hal_lptim.o
 .ARM.attributes
                0x00000536       0x34 build/stm32l4xx_hal_uart.o
 .ARM.attributes
                0x0000056a       0x34 build/stm32l4xx_hal_qspi.o
 .ARM.attributes
                0x0000059e       0x34 build/stm32l4xx_hal_rtc.o
 .ARM.attributes
                0x000005d2       0x34 build/stm32l4xx_hal_spi.o
 .ARM.attributes
                0x00000606       0x34 build/stm32l4xx_hal_tim.o
 .ARM.attributes
                0x0000063a       0x34 build/stm32l4xx_hal_tim_ex.o
 .ARM.attributes
                0x0000066e       0x34 build/system_stm32l4xx.o
 .ARM.attributes
                0x000006a2       0x34 build/ff_gen_drv.o
 .ARM.attributes
                0x000006d6       0x34 build/usbd_core.o
 .ARM.attributes
                0x0000070a       0x34 build/usbd_ctlreq.o
 .ARM.attributes
                0x0000073e       0x34 build/usbd_ioreq.o
 .ARM.attributes
                0x00000772       0x34 build/usbd_cdc.o
 .ARM.attributes
                0x000007a6       0x21 build/startup_stm32l433xx.o
 .ARM.attributes
                0x000007c7       0x34 /usr/lib/gcc/arm-none-eabi/13.2.1/../../../arm-none-eabi/lib/thumb/v7e-m+fp/hard/libc_nano.a(libc_a-init.o)
 .ARM.attributes
                0x000007fb       0x34 /usr/lib/gcc/arm-none-eabi/13.2.1/../../../arm-none-eabi/lib/thumb/v7e-m+fp/hard/libc_nano.a(libc_a-memset.o)
 .ARM.attributes
                0x0000082f       0x22 /usr/lib/gcc/arm-none-eabi/13.2.1/thumb/v7e-m+fp/hard/libgcc.a(_aeabi_uldivmod.o)
 .ARM.attributes
                0x00000851       0x34 /usr/lib/gcc/arm-none-eabi/13.2.1/thumb/v7e-m+fp/hard/libgcc.a(_udivmoddi4.o)
 .ARM.attributes
                0x00000885       0x22 /usr/lib/gcc/arm-none-eabi/13.2.1/thumb/v7e-m+fp/hard/libgcc.a(_dvmd_tls.o)
 .ARM.attributes
                0x000008a7       0x34 /usr/lib/gcc/arm-none-eabi/13.2.1/thumb/v7e-m+fp/hard/crtend.o
 .ARM.attributes
                0x000008db       0x22 /usr/lib/gcc/arm-none-eabi/13.2.1/thumb/v7e-m+fp/hard/crtn.o

.comment        0x00000000       0x26
 .comment       0x00000000       0x26 /usr/lib/gcc/arm-none-eabi/13.2.1/thumb/v7e-m+fp/hard/crtbegin.o
                                 0x27 (size before relaxing)
 .comment       0x00000026       0x27 build/main.o
 .comment       0x00000026       0x27 build/stm32l4xx_it.o
 .comment       0x00000026       0x27 build/stm32l4xx_hal_msp.o
 .comment       0x00000026       0x27 build/user_diskio.o
 .comment       0x00000026       0x27 build/fatfs.o
 .comment       0x00000026       0x27 build/usb_device.o
 .comment       0x00000026       0x27 build/usbd_desc.o
 .comment       0x00000026       0x27 build/usbd_cdc_if.o
 .comment       0x00000026       0x27 build/usbd_conf.o
 .comment       0x00000026       0x27 build/stm32l4xx_hal_pcd.o
 .comment       0x00000026       0x27 build/stm32l4xx_hal_pcd_ex.o
 .comment       0x00000026       0x27 build/stm32l4xx_ll_usb.o
 .comment       0x00000026       0x27 build/stm32l4xx_hal.o
 .comment       0x00000026       0x27 build/stm32l4xx_hal_rcc.o
 .comment       0x00000026       0x27 build/stm32l4xx_hal_rcc_ex.o
 .comment       0x00000026       0x27 build/stm32l4xx_hal_gpio.o
 .comment       0x00000026       0x27 build/stm32l4xx_hal_i2c.o
 .comment       0x00000026       0x27 build/stm32l4xx_hal_i2c_ex.o
 .comment       0x00000026       0x27 build/stm32l4xx_hal_pwr.o
 .comment       0x00000026       0x27 build/stm32l4xx_hal_pwr_ex.o
 .comment       0x00000026       0x27 build/stm32l4xx_hal_cortex.o
 .comment       0x00000026       0x27 build/stm32l4xx_hal_adc.o
 .comment       0x00000026       0x27 build/stm32l4xx_hal_iwdg.o
 .comment       0x00000026       0x27 build/stm32l4xx_hal_lptim.o
 .comment       0x00000026       0x27 build/stm32l4xx_hal_uart.o
 .comment       0x00000026       0x27 build/stm32l4xx_hal_qspi.o
 .comment       0x00000026       0x27 build/stm32l4xx_hal_rtc.o
 .comment       0x00000026       0x27 build/stm32l4xx_hal_spi.o
 .comment       0x00000026       0x27 build/stm32l4xx_hal_tim.o
 .comment       0x00000026       0x27 build/stm32l4xx_hal_tim_ex.o
 .comment       0x00000026       0x27 build/system_stm32l4xx.o
 .comment       0x00000026       0x27 build/ff_gen_drv.o
 .comment       0x00000026       0x27 build/usbd_core.o
 .comment       0x00000026       0x27 build/usbd_ctlreq.o
 .comment       0x00000026       0x27 build/usbd_ioreq.o
 .comment       0x00000026       0x27 build/usbd_cdc.o
 .comment       0x00000026       0x27 /usr/lib/gcc/arm-none-eabi/13.2.1/../../../arm-none-eabi/lib/thumb/v7e-m+fp/hard/libc_nano.a(libc_a-init.o)
 .comment       0x00000026       0x27 /usr/lib/gcc/arm-none-eabi/13.2.1/../../../arm-none-eabi/lib/thumb/v7e-m+fp/hard/libc_nano.a(libc_a-memset.o)
 .comment       0x00000026       0x27 /usr/lib/gcc/arm-none-eabi/13.2.1/thumb/v7e-m+fp/hard/libgcc.a(_udivmoddi4.o)
 .comment       0x00000026       0x27 /usr/lib/gcc/arm-none-eabi/13.2.1/thumb/v7e-m+fp/hard/crtend.o

.debug_info     0x00000000    0x37930
 .debug_info    0x00000000     0x3a93 build/main.o
 .debug_info    0x00003a93      0xa9c build/stm32l4xx_it.o
 .debug_info    0x0000452f     0x3489 build/stm32l4xx_hal_msp.o
 .debug_info    0x000079b8      0x3b7 build/user_diskio.o
 .debug_info    0x00007d6f      0x59a build/fatfs.o
 .debug_info    0x00008309      0x8b2 build/usb_device.o
 .debug_info    0x00008bbb      0x6ea build/usbd_desc.o
 .debug_info    0x000092a5      0xb10 build/usbd_cdc_if.o
 .debug_info    0x00009db5     0x2616 build/usbd_conf.o
 .debug_info    0x0000c3cb     0x1fad build/stm32l4xx_hal_pcd.o
 .debug_info    0x0000e378      0xaab build/stm32l4xx_hal_pcd_ex.o
 .debug_info    0x0000ee23     0x1ca1 build/stm32l4xx_ll_usb.o
 .debug_info    0x00010ac4      0xcf0 build/stm32l4xx_hal.o
 .debug_info    0x000117b4     0x1082 build/stm32l4xx_hal_rcc.o
 .debug_info    0x00012836     0x1436 build/stm32l4xx_hal_rcc_ex.o
 .debug_info    0x00013c6c      0x93e build/stm32l4xx_hal_gpio.o
 .debug_info    0x000145aa     0x46d3 build/stm32l4xx_hal_i2c.o
 .debug_info    0x00018c7d      0xb6d build/stm32l4xx_hal_i2c_ex.o
 .debug_info    0x000197ea      0xaeb build/stm32l4xx_hal_pwr.o
 .debug_info    0x0001a2d5      0xb35 build/stm32l4xx_hal_pwr_ex.o
 .debug_info    0x0001ae0a     0x117f build/stm32l4xx_hal_cortex.o
 .debug_info    0x0001bf89     0x3297 build/stm32l4xx_hal_adc.o
 .debug_info    0x0001f220      0x278 build/stm32l4xx_hal_iwdg.o
 .debug_info    0x0001f498     0x1878 build/stm32l4xx_hal_lptim.o
 .debug_info    0x00020d10     0x5569 build/stm32l4xx_hal_uart.o
 .debug_info    0x00026279     0x1a66 build/stm32l4xx_hal_qspi.o
 .debug_info    0x00027cdf     0x13d3 build/stm32l4xx_hal_rtc.o
 .debug_info    0x000290b2     0x2243 build/stm32l4xx_hal_spi.o
 .debug_info    0x0002b2f5     0x42a9 build/stm32l4xx_hal_tim.o
 .debug_info    0x0002f59e     0x1ffe build/stm32l4xx_hal_tim_ex.o
 .debug_info    0x0003159c      0x693 build/system_stm32l4xx.o
 .debug_info    0x00031c2f      0x474 build/ff_gen_drv.o
 .debug_info    0x000320a3     0x147e build/usbd_core.o
 .debug_info    0x00033521     0x160b build/usbd_ctlreq.o
 .debug_info    0x00034b2c      0xa43 build/usbd_ioreq.o
 .debug_info    0x0003556f     0x19fc build/usbd_cdc.o
 .debug_info    0x00036f6b       0x30 build/startup_stm32l433xx.o
 .debug_info    0x00036f9b      0x10b /usr/lib/gcc/arm-none-eabi/13.2.1/../../../arm-none-eabi/lib/thumb/v7e-m+fp/hard/libc_nano.a(libc_a-init.o)
 .debug_info    0x000370a6      0x135 /usr/lib/gcc/arm-none-eabi/13.2.1/../../../arm-none-eabi/lib/thumb/v7e-m+fp/hard/libc_nano.a(libc_a-memset.o)
 .debug_info    0x000371db       0x24 /usr/lib/gcc/arm-none-eabi/13.2.1/thumb/v7e-m+fp/hard/libgcc.a(_aeabi_uldivmod.o)
 .debug_info    0x000371ff      0x6f5 /usr/lib/gcc/arm-none-eabi/13.2.1/thumb/v7e-m+fp/hard/libgcc.a(_udivmoddi4.o)
 .debug_info    0x000378f4       0x3c /usr/lib/gcc/arm-none-eabi/13.2.1/thumb/v7e-m+fp/hard/libgcc.a(_dvmd_tls.o)

.debug_abbrev   0x00000000     0x5df7
 .debug_abbrev  0x00000000      0x321 build/main.o
 .debug_abbrev  0x00000321      0x19b build/stm32l4xx_it.o
 .debug_abbrev  0x000004bc      0x29d build/stm32l4xx_hal_msp.o
 .debug_abbrev  0x00000759      0x16f build/user_diskio.o
 .debug_abbrev  0x000008c8      0x181 build/fatfs.o
 .debug_abbrev  0x00000a49      0x1b4 build/usb_device.o
 .debug_abbrev  0x00000bfd      0x220 build/usbd_desc.o
 .debug_abbrev  0x00000e1d      0x2d4 build/usbd_cdc_if.o
 .debug_abbrev  0x000010f1      0x36e build/usbd_conf.o
 .debug_abbrev  0x0000145f      0x344 build/stm32l4xx_hal_pcd.o
 .debug_abbrev  0x000017a3      0x22c build/stm32l4xx_hal_pcd_ex.o
 .debug_abbrev  0x000019cf      0x273 build/stm32l4xx_ll_usb.o
 .debug_abbrev  0x00001c42      0x295 build/stm32l4xx_hal.o
 .debug_abbrev  0x00001ed7      0x2ef build/stm32l4xx_hal_rcc.o
 .debug_abbrev  0x000021c6      0x2d3 build/stm32l4xx_hal_rcc_ex.o
 .debug_abbrev  0x00002499      0x23a build/stm32l4xx_hal_gpio.o
 .debug_abbrev  0x000026d3      0x307 build/stm32l4xx_hal_i2c.o
 .debug_abbrev  0x000029da      0x1cd build/stm32l4xx_hal_i2c_ex.o
 .debug_abbrev  0x00002ba7      0x200 build/stm32l4xx_hal_pwr.o
 .debug_abbrev  0x00002da7      0x244 build/stm32l4xx_hal_pwr_ex.o
 .debug_abbrev  0x00002feb      0x3db build/stm32l4xx_hal_cortex.o
 .debug_abbrev  0x000033c6      0x35b build/stm32l4xx_hal_adc.o
 .debug_abbrev  0x00003721      0x187 build/stm32l4xx_hal_iwdg.o
 .debug_abbrev  0x000038a8      0x2c6 build/stm32l4xx_hal_lptim.o
 .debug_abbrev  0x00003b6e      0x352 build/stm32l4xx_hal_uart.o
 .debug_abbrev  0x00003ec0      0x2bb build/stm32l4xx_hal_qspi.o
 .debug_abbrev  0x0000417b      0x273 build/stm32l4xx_hal_rtc.o
 .debug_abbrev  0x000043ee      0x2c7 build/stm32l4xx_hal_spi.o
 .debug_abbrev  0x000046b5      0x2ce build/stm32l4xx_hal_tim.o
 .debug_abbrev  0x00004983      0x2c8 build/stm32l4xx_hal_tim_ex.o
 .debug_abbrev  0x00004c4b      0x12c build/system_stm32l4xx.o
 .debug_abbrev  0x00004d77      0x1da build/ff_gen_drv.o
 .debug_abbrev  0x00004f51      0x30f build/usbd_core.o
 .debug_abbrev  0x00005260      0x371 build/usbd_ctlreq.o
 .debug_abbrev  0x000055d1      0x1ad build/usbd_ioreq.o
 .debug_abbrev  0x0000577e      0x338 build/usbd_cdc.o
 .debug_abbrev  0x00005ab6       0x1d build/startup_stm32l433xx.o
 .debug_abbrev  0x00005ad3       0xc9 /usr/lib/gcc/arm-none-eabi/13.2.1/../../../arm-none-eabi/lib/thumb/v7e-m+fp/hard/libc_nano.a(libc_a-init.o)
 .debug_abbrev  0x00005b9c       0xb7 /usr/lib/gcc/arm-none-eabi/13.2.1/../../../arm-none-eabi/lib/thumb/v7e-m+fp/hard/libc_nano.a(libc_a-memset.o)
 .debug_abbrev  0x00005c53       0x14 /usr/lib/gcc/arm-none-eabi/13.2.1/thumb/v7e-m+fp/hard/libgcc.a(_aeabi_uldivmod.o)
 .debug_abbrev  0x00005c67      0x16a /usr/lib/gcc/arm-none-eabi/13.2.1/thumb/v7e-m+fp/hard/libgcc.a(_udivmoddi4.o)
 .debug_abbrev  0x00005dd1       0x26 /usr/lib/gcc/arm-none-eabi/13.2.1/thumb/v7e-m+fp/hard/libgcc.a(_dvmd_tls.o)

.debug_loc      0x00000000    0x2b9bb
 .debug_loc     0x00000000      0x338 build/main.o
 .debug_loc     0x00000338       0x60 build/stm32l4xx_it.o
 .debug_loc     0x00000398      0x885 build/stm32l4xx_hal_msp.o
 .debug_loc     0x00000c1d       0xd7 build/user_diskio.o
 .debug_loc     0x00000cf4       0x20 build/fatfs.o
 .debug_loc     0x00000d14       0x20 build/usb_device.o
 .debug_loc     0x00000d34      0x512 build/usbd_desc.o
 .debug_loc     0x00001246      0x1e6 build/usbd_cdc_if.o
 .debug_loc     0x0000142c     0x12ad build/usbd_conf.o
 .debug_loc     0x000026d9     0x1aba build/stm32l4xx_hal_pcd.o
 .debug_loc     0x00004193      0x2fa build/stm32l4xx_hal_pcd_ex.o
 .debug_loc     0x0000448d     0x18f3 build/stm32l4xx_ll_usb.o
 .debug_loc     0x00005d80      0x2cd build/stm32l4xx_hal.o
 .debug_loc     0x0000604d      0xa09 build/stm32l4xx_hal_rcc.o
 .debug_loc     0x00006a56     0x1a3c build/stm32l4xx_hal_rcc_ex.o
 .debug_loc     0x00008492      0x499 build/stm32l4xx_hal_gpio.o
 .debug_loc     0x0000892b     0x6469 build/stm32l4xx_hal_i2c.o
 .debug_loc     0x0000ed94      0x243 build/stm32l4xx_hal_i2c_ex.o
 .debug_loc     0x0000efd7      0x224 build/stm32l4xx_hal_pwr.o
 .debug_loc     0x0000f1fb      0x8e1 build/stm32l4xx_hal_pwr_ex.o
 .debug_loc     0x0000fadc      0x8ff build/stm32l4xx_hal_cortex.o
 .debug_loc     0x000103db     0x28c2 build/stm32l4xx_hal_adc.o
 .debug_loc     0x00012c9d       0xbe build/stm32l4xx_hal_iwdg.o
 .debug_loc     0x00012d5b      0xf49 build/stm32l4xx_hal_lptim.o
 .debug_loc     0x00013ca4     0x5543 build/stm32l4xx_hal_uart.o
 .debug_loc     0x000191e7     0x1a60 build/stm32l4xx_hal_qspi.o
 .debug_loc     0x0001ac47     0x10bd build/stm32l4xx_hal_rtc.o
 .debug_loc     0x0001bd04     0x290d build/stm32l4xx_hal_spi.o
 .debug_loc     0x0001e611     0x672a build/stm32l4xx_hal_tim.o
 .debug_loc     0x00024d3b     0x29d1 build/stm32l4xx_hal_tim_ex.o
 .debug_loc     0x0002770c      0x127 build/system_stm32l4xx.o
 .debug_loc     0x00027833      0x37c build/ff_gen_drv.o
 .debug_loc     0x00027baf     0x115e build/usbd_core.o
 .debug_loc     0x00028d0d     0x1c2c build/usbd_ctlreq.o
 .debug_loc     0x0002a939      0x3f8 build/usbd_ioreq.o
 .debug_loc     0x0002ad31      0xc8a build/usbd_cdc.o

.debug_aranges  0x00000000     0x2110
 .debug_aranges
                0x00000000       0xb0 build/main.o
 .debug_aranges
                0x000000b0       0x70 build/stm32l4xx_it.o
 .debug_aranges
                0x00000120       0xb8 build/stm32l4xx_hal_msp.o
 .debug_aranges
                0x000001d8       0x40 build/user_diskio.o
 .debug_aranges
                0x00000218       0x28 build/fatfs.o
 .debug_aranges
                0x00000240       0x20 build/usb_device.o
 .debug_aranges
                0x00000260       0x68 build/usbd_desc.o
 .debug_aranges
                0x000002c8       0x48 build/usbd_cdc_if.o
 .debug_aranges
                0x00000310      0x118 build/usbd_conf.o
 .debug_aranges
                0x00000428      0x138 build/stm32l4xx_hal_pcd.o
 .debug_aranges
                0x00000560       0x58 build/stm32l4xx_hal_pcd_ex.o
 .debug_aranges
                0x000005b8       0xf8 build/stm32l4xx_ll_usb.o
 .debug_aranges
                0x000006b0      0x130 build/stm32l4xx_hal.o
 .debug_aranges
                0x000007e0       0x90 build/stm32l4xx_hal_rcc.o
 .debug_aranges
                0x00000870       0xf0 build/stm32l4xx_hal_rcc_ex.o
 .debug_aranges
                0x00000960       0x58 build/stm32l4xx_hal_gpio.o
 .debug_aranges
                0x000009b8      0x2a0 build/stm32l4xx_hal_i2c.o
 .debug_aranges
                0x00000c58       0x48 build/stm32l4xx_hal_i2c_ex.o
 .debug_aranges
                0x00000ca0       0x98 build/stm32l4xx_hal_pwr.o
 .debug_aranges
                0x00000d38      0x128 build/stm32l4xx_hal_pwr_ex.o
 .debug_aranges
                0x00000e60       0xf0 build/stm32l4xx_hal_cortex.o
 .debug_aranges
                0x00000f50      0x110 build/stm32l4xx_hal_adc.o
 .debug_aranges
                0x00001060       0x28 build/stm32l4xx_hal_iwdg.o
 .debug_aranges
                0x00001088      0x168 build/stm32l4xx_hal_lptim.o
 .debug_aranges
                0x000011f0      0x228 build/stm32l4xx_hal_uart.o
 .debug_aranges
                0x00001418      0x168 build/stm32l4xx_hal_qspi.o
 .debug_aranges
                0x00001580       0xe8 build/stm32l4xx_hal_rtc.o
 .debug_aranges
                0x00001668      0x1d8 build/stm32l4xx_hal_spi.o
 .debug_aranges
                0x00001840      0x3e0 build/stm32l4xx_hal_tim.o
 .debug_aranges
                0x00001c20      0x180 build/stm32l4xx_hal_tim_ex.o
 .debug_aranges
                0x00001da0       0x28 build/system_stm32l4xx.o
 .debug_aranges
                0x00001dc8       0x40 build/ff_gen_drv.o
 .debug_aranges
                0x00001e08       0xd8 build/usbd_core.o
 .debug_aranges
                0x00001ee0       0x88 build/usbd_ctlreq.o
 .debug_aranges
                0x00001f68       0x50 build/usbd_ioreq.o
 .debug_aranges
                0x00001fb8       0x90 build/usbd_cdc.o
 .debug_aranges
                0x00002048       0x28 build/startup_stm32l433xx.o
 .debug_aranges
                0x00002070       0x20 /usr/lib/gcc/arm-none-eabi/13.2.1/../../../arm-none-eabi/lib/thumb/v7e-m+fp/hard/libc_nano.a(libc_a-init.o)
 .debug_aranges
                0x00002090       0x20 /usr/lib/gcc/arm-none-eabi/13.2.1/../../../arm-none-eabi/lib/thumb/v7e-m+fp/hard/libc_nano.a(libc_a-memset.o)
 .debug_aranges
                0x000020b0       0x20 /usr/lib/gcc/arm-none-eabi/13.2.1/thumb/v7e-m+fp/hard/libgcc.a(_aeabi_uldivmod.o)
 .debug_aranges
                0x000020d0       0x20 /usr/lib/gcc/arm-none-eabi/13.2.1/thumb/v7e-m+fp/hard/libgcc.a(_udivmoddi4.o)
 .debug_aranges
                0x000020f0       0x20 /usr/lib/gcc/arm-none-eabi/13.2.1/thumb/v7e-m+fp/hard/libgcc.a(_dvmd_tls.o)

.debug_ranges   0x00000000     0x23e0
 .debug_ranges  0x00000000       0xb8 build/main.o
 .debug_ranges  0x000000b8       0x60 build/stm32l4xx_it.o
 .debug_ranges  0x00000118       0xc0 build/stm32l4xx_hal_msp.o
 .debug_ranges  0x000001d8       0x30 build/user_diskio.o
 .debug_ranges  0x00000208       0x18 build/fatfs.o
 .debug_ranges  0x00000220       0x10 build/usb_device.o
 .debug_ranges  0x00000230       0x58 build/usbd_desc.o
 .debug_ranges  0x00000288       0x38 build/usbd_cdc_if.o
 .debug_ranges  0x000002c0      0x108 build/usbd_conf.o
 .debug_ranges  0x000003c8      0x208 build/stm32l4xx_hal_pcd.o
 .debug_ranges  0x000005d0       0x48 build/stm32l4xx_hal_pcd_ex.o
 .debug_ranges  0x00000618      0x278 build/stm32l4xx_ll_usb.o
 .debug_ranges  0x00000890      0x120 build/stm32l4xx_hal.o
 .debug_ranges  0x000009b0       0x98 build/stm32l4xx_hal_rcc.o
 .debug_ranges  0x00000a48       0xf8 build/stm32l4xx_hal_rcc_ex.o
 .debug_ranges  0x00000b40       0x48 build/stm32l4xx_hal_gpio.o
 .debug_ranges  0x00000b88      0x290 build/stm32l4xx_hal_i2c.o
 .debug_ranges  0x00000e18       0x38 build/stm32l4xx_hal_i2c_ex.o
 .debug_ranges  0x00000e50       0x88 build/stm32l4xx_hal_pwr.o
 .debug_ranges  0x00000ed8      0x118 build/stm32l4xx_hal_pwr_ex.o
 .debug_ranges  0x00000ff0       0xe0 build/stm32l4xx_hal_cortex.o
 .debug_ranges  0x000010d0      0x3a0 build/stm32l4xx_hal_adc.o
 .debug_ranges  0x00001470       0x18 build/stm32l4xx_hal_iwdg.o
 .debug_ranges  0x00001488      0x158 build/stm32l4xx_hal_lptim.o
 .debug_ranges  0x000015e0      0x230 build/stm32l4xx_hal_uart.o
 .debug_ranges  0x00001810      0x158 build/stm32l4xx_hal_qspi.o
 .debug_ranges  0x00001968      0x108 build/stm32l4xx_hal_rtc.o
 .debug_ranges  0x00001a70      0x1c8 build/stm32l4xx_hal_spi.o
 .debug_ranges  0x00001c38      0x3d0 build/stm32l4xx_hal_tim.o
 .debug_ranges  0x00002008      0x170 build/stm32l4xx_hal_tim_ex.o
 .debug_ranges  0x00002178       0x18 build/system_stm32l4xx.o
 .debug_ranges  0x00002190       0x30 build/ff_gen_drv.o
 .debug_ranges  0x000021c0       0xc8 build/usbd_core.o
 .debug_ranges  0x00002288       0x78 build/usbd_ctlreq.o
 .debug_ranges  0x00002300       0x40 build/usbd_ioreq.o
 .debug_ranges  0x00002340       0x80 build/usbd_cdc.o
 .debug_ranges  0x000023c0       0x20 build/startup_stm32l433xx.o

.debug_line     0x00000000    0x24b76
 .debug_line    0x00000000      0xf2c build/main.o
 .debug_line    0x00000f2c      0x253 build/stm32l4xx_it.o
 .debug_line    0x0000117f      0xafa build/stm32l4xx_hal_msp.o
 .debug_line    0x00001c79      0x18a build/user_diskio.o
 .debug_line    0x00001e03      0x155 build/fatfs.o
 .debug_line    0x00001f58      0x1cb build/usb_device.o
 .debug_line    0x00002123      0x309 build/usbd_desc.o
 .debug_line    0x0000242c      0x217 build/usbd_cdc_if.o
 .debug_line    0x00002643      0x88d build/usbd_conf.o
 .debug_line    0x00002ed0     0x176b build/stm32l4xx_hal_pcd.o
 .debug_line    0x0000463b      0x3af build/stm32l4xx_hal_pcd_ex.o
 .debug_line    0x000049ea     0x1584 build/stm32l4xx_ll_usb.o
 .debug_line    0x00005f6e      0x631 build/stm32l4xx_hal.o
 .debug_line    0x0000659f      0xfc1 build/stm32l4xx_hal_rcc.o
 .debug_line    0x00007560     0x1341 build/stm32l4xx_hal_rcc_ex.o
 .debug_line    0x000088a1      0x627 build/stm32l4xx_hal_gpio.o
 .debug_line    0x00008ec8     0x4e3a build/stm32l4xx_hal_i2c.o
 .debug_line    0x0000dd02      0x35e build/stm32l4xx_hal_i2c_ex.o
 .debug_line    0x0000e060      0x3a5 build/stm32l4xx_hal_pwr.o
 .debug_line    0x0000e405      0x8b7 build/stm32l4xx_hal_pwr_ex.o
 .debug_line    0x0000ecbc      0x790 build/stm32l4xx_hal_cortex.o
 .debug_line    0x0000f44c     0x201b build/stm32l4xx_hal_adc.o
 .debug_line    0x00011467      0x20d build/stm32l4xx_hal_iwdg.o
 .debug_line    0x00011674     0x10b1 build/stm32l4xx_hal_lptim.o
 .debug_line    0x00012725     0x3fe4 build/stm32l4xx_hal_uart.o
 .debug_line    0x00016709     0x156a build/stm32l4xx_hal_qspi.o
 .debug_line    0x00017c73     0x1074 build/stm32l4xx_hal_rtc.o
 .debug_line    0x00018ce7     0x28b2 build/stm32l4xx_hal_spi.o
 .debug_line    0x0001b599     0x49df build/stm32l4xx_hal_tim.o
 .debug_line    0x0001ff78     0x1bb8 build/stm32l4xx_hal_tim_ex.o
 .debug_line    0x00021b30      0x243 build/system_stm32l4xx.o
 .debug_line    0x00021d73      0x22e build/ff_gen_drv.o
 .debug_line    0x00021fa1      0x99c build/usbd_core.o
 .debug_line    0x0002293d      0xce1 build/usbd_ctlreq.o
 .debug_line    0x0002361e      0x268 build/usbd_ioreq.o
 .debug_line    0x00023886      0x99d build/usbd_cdc.o
 .debug_line    0x00024223       0x73 build/startup_stm32l433xx.o
 .debug_line    0x00024296      0x11e /usr/lib/gcc/arm-none-eabi/13.2.1/../../../arm-none-eabi/lib/thumb/v7e-m+fp/hard/libc_nano.a(libc_a-init.o)
 .debug_line    0x000243b4      0x1b6 /usr/lib/gcc/arm-none-eabi/13.2.1/../../../arm-none-eabi/lib/thumb/v7e-m+fp/hard/libc_nano.a(libc_a-memset.o)
 .debug_line    0x0002456a       0x4e /usr/lib/gcc/arm-none-eabi/13.2.1/thumb/v7e-m+fp/hard/libgcc.a(_aeabi_uldivmod.o)
 .debug_line    0x000245b8      0x574 /usr/lib/gcc/arm-none-eabi/13.2.1/thumb/v7e-m+fp/hard/libgcc.a(_udivmoddi4.o)
 .debug_line    0x00024b2c       0x4a /usr/lib/gcc/arm-none-eabi/13.2.1/thumb/v7e-m+fp/hard/libgcc.a(_dvmd_tls.o)

.debug_str      0x00000000     0xa0ac
 .debug_str     0x00000000     0xa0ac build/main.o
                               0x1f99 (size before relaxing)
 .debug_str     0x0000a0ac      0x827 build/stm32l4xx_it.o
 .debug_str     0x0000a0ac     0x1edd build/stm32l4xx_hal_msp.o
 .debug_str     0x0000a0ac      0x2ad build/user_diskio.o
 .debug_str     0x0000a0ac      0x37a build/fatfs.o
 .debug_str     0x0000a0ac      0x6bc build/usb_device.o
 .debug_str     0x0000a0ac      0x480 build/usbd_desc.o
 .debug_str     0x0000a0ac      0x78a build/usbd_cdc_if.o
 .debug_str     0x0000a0ac     0x16ba build/usbd_conf.o
 .debug_str     0x0000a0ac      0xb63 build/stm32l4xx_hal_pcd.o
 .debug_str     0x0000a0ac      0x781 build/stm32l4xx_hal_pcd_ex.o
 .debug_str     0x0000a0ac      0x739 build/stm32l4xx_ll_usb.o
 .debug_str     0x0000a0ac      0xc2e build/stm32l4xx_hal.o
 .debug_str     0x0000a0ac      0x840 build/stm32l4xx_hal_rcc.o
 .debug_str     0x0000a0ac      0xb95 build/stm32l4xx_hal_rcc_ex.o
 .debug_str     0x0000a0ac      0x537 build/stm32l4xx_hal_gpio.o
 .debug_str     0x0000a0ac      0xfc0 build/stm32l4xx_hal_i2c.o
 .debug_str     0x0000a0ac      0x8d0 build/stm32l4xx_hal_i2c_ex.o
 .debug_str     0x0000a0ac      0x682 build/stm32l4xx_hal_pwr.o
 .debug_str     0x0000a0ac      0x791 build/stm32l4xx_hal_pwr_ex.o
 .debug_str     0x0000a0ac      0xb69 build/stm32l4xx_hal_cortex.o
 .debug_str     0x0000a0ac     0x10a6 build/stm32l4xx_hal_adc.o
 .debug_str     0x0000a0ac      0x298 build/stm32l4xx_hal_iwdg.o
 .debug_str     0x0000a0ac      0xa25 build/stm32l4xx_hal_lptim.o
 .debug_str     0x0000a0ac      0xff3 build/stm32l4xx_hal_uart.o
 .debug_str     0x0000a0ac      0xb51 build/stm32l4xx_hal_qspi.o
 .debug_str     0x0000a0ac      0x856 build/stm32l4xx_hal_rtc.o
 .debug_str     0x0000a0ac      0xbc2 build/stm32l4xx_hal_spi.o
 .debug_str     0x0000a0ac     0x1712 build/stm32l4xx_hal_tim.o
 .debug_str     0x0000a0ac     0x1026 build/stm32l4xx_hal_tim_ex.o
 .debug_str     0x0000a0ac      0x3ce build/system_stm32l4xx.o
 .debug_str     0x0000a0ac      0x2f6 build/ff_gen_drv.o
 .debug_str     0x0000a0ac      0x9d7 build/usbd_core.o
 .debug_str     0x0000a0ac      0x802 build/usbd_ctlreq.o
 .debug_str     0x0000a0ac      0x6d7 build/usbd_ioreq.o
 .debug_str     0x0000a0ac      0xd63 build/usbd_cdc.o
 .debug_str     0x0000a0ac       0x74 build/startup_stm32l433xx.o
 .debug_str     0x0000a0ac      0x1fa /usr/lib/gcc/arm-none-eabi/13.2.1/../../../arm-none-eabi/lib/thumb/v7e-m+fp/hard/libc_nano.a(libc_a-init.o)
 .debug_str     0x0000a0ac      0x1ad /usr/lib/gcc/arm-none-eabi/13.2.1/../../../arm-none-eabi/lib/thumb/v7e-m+fp/hard/libc_nano.a(libc_a-memset.o)
 .debug_str     0x0000a0ac       0xa3 /usr/lib/gcc/arm-none-eabi/13.2.1/thumb/v7e-m+fp/hard/libgcc.a(_aeabi_uldivmod.o)
 .debug_str     0x0000a0ac      0x685 /usr/lib/gcc/arm-none-eabi/13.2.1/thumb/v7e-m+fp/hard/libgcc.a(_udivmoddi4.o)
 .debug_str     0x0000a0ac       0xc3 /usr/lib/gcc/arm-none-eabi/13.2.1/thumb/v7e-m+fp/hard/libgcc.a(_dvmd_tls.o)

.debug_frame    0x00000000     0x57e0
 .debug_frame   0x00000000      0x208 build/main.o
 .debug_frame   0x00000208       0xd8 build/stm32l4xx_it.o
 .debug_frame   0x000002e0      0x240 build/stm32l4xx_hal_msp.o
 .debug_frame   0x00000520       0x60 build/user_diskio.o
 .debug_frame   0x00000580       0x38 build/fatfs.o
 .debug_frame   0x000005b8       0x28 build/usb_device.o
 .debug_frame   0x000005e0       0xf0 build/usbd_desc.o
 .debug_frame   0x000006d0       0x88 build/usbd_cdc_if.o
 .debug_frame   0x00000758      0x300 build/usbd_conf.o
 .debug_frame   0x00000a58      0x33c build/stm32l4xx_hal_pcd.o
 .debug_frame   0x00000d94       0x9c build/stm32l4xx_hal_pcd_ex.o
 .debug_frame   0x00000e30      0x200 build/stm32l4xx_ll_usb.o
 .debug_frame   0x00001030      0x274 build/stm32l4xx_hal.o
 .debug_frame   0x000012a4      0x19c build/stm32l4xx_hal_rcc.o
 .debug_frame   0x00001440      0x25c build/stm32l4xx_hal_rcc_ex.o
 .debug_frame   0x0000169c       0xd0 build/stm32l4xx_hal_gpio.o
 .debug_frame   0x0000176c      0x974 build/stm32l4xx_hal_i2c.o
 .debug_frame   0x000020e0       0x80 build/stm32l4xx_hal_i2c_ex.o
 .debug_frame   0x00002160      0x120 build/stm32l4xx_hal_pwr.o
 .debug_frame   0x00002280      0x248 build/stm32l4xx_hal_pwr_ex.o
 .debug_frame   0x000024c8      0x204 build/stm32l4xx_hal_cortex.o
 .debug_frame   0x000026cc      0x328 build/stm32l4xx_hal_adc.o
 .debug_frame   0x000029f4       0x44 build/stm32l4xx_hal_iwdg.o
 .debug_frame   0x00002a38      0x3dc build/stm32l4xx_hal_lptim.o
 .debug_frame   0x00002e14      0x600 build/stm32l4xx_hal_uart.o
 .debug_frame   0x00003414      0x41c build/stm32l4xx_hal_qspi.o
 .debug_frame   0x00003830      0x278 build/stm32l4xx_hal_rtc.o
 .debug_frame   0x00003aa8      0x600 build/stm32l4xx_hal_spi.o
 .debug_frame   0x000040a8      0xb4c build/stm32l4xx_hal_tim.o
 .debug_frame   0x00004bf4      0x480 build/stm32l4xx_hal_tim_ex.o
 .debug_frame   0x00005074       0x30 build/system_stm32l4xx.o
 .debug_frame   0x000050a4       0x7c build/ff_gen_drv.o
 .debug_frame   0x00005120      0x240 build/usbd_core.o
 .debug_frame   0x00005360      0x180 build/usbd_ctlreq.o
 .debug_frame   0x000054e0       0xb8 build/usbd_ioreq.o
 .debug_frame   0x00005598      0x190 build/usbd_cdc.o
 .debug_frame   0x00005728       0x2c /usr/lib/gcc/arm-none-eabi/13.2.1/../../../arm-none-eabi/lib/thumb/v7e-m+fp/hard/libc_nano.a(libc_a-init.o)
 .debug_frame   0x00005754       0x2c /usr/lib/gcc/arm-none-eabi/13.2.1/../../../arm-none-eabi/lib/thumb/v7e-m+fp/hard/libc_nano.a(libc_a-memset.o)
 .debug_frame   0x00005780       0x2c /usr/lib/gcc/arm-none-eabi/13.2.1/thumb/v7e-m+fp/hard/libgcc.a(_aeabi_uldivmod.o)
 .debug_frame   0x000057ac       0x34 /usr/lib/gcc/arm-none-eabi/13.2.1/thumb/v7e-m+fp/hard/libgcc.a(_udivmoddi4.o)

.debug_loclists
                0x00000000      0xc0b
 .debug_loclists
                0x00000000       0x65 /usr/lib/gcc/arm-none-eabi/13.2.1/../../../arm-none-eabi/lib/thumb/v7e-m+fp/hard/libc_nano.a(libc_a-init.o)
 .debug_loclists
                0x00000065      0x1c2 /usr/lib/gcc/arm-none-eabi/13.2.1/../../../arm-none-eabi/lib/thumb/v7e-m+fp/hard/libc_nano.a(libc_a-memset.o)
 .debug_loclists
                0x00000227      0x9e4 /usr/lib/gcc/arm-none-eabi/13.2.1/thumb/v7e-m+fp/hard/libgcc.a(_udivmoddi4.o)

.debug_line_str
                0x00000000       0xa3
 .debug_line_str
                0x00000000       0xa3 /usr/lib/gcc/arm-none-eabi/13.2.1/thumb/v7e-m+fp/hard/libgcc.a(_aeabi_uldivmod.o)
                                 0x97 (size before relaxing)
 .debug_line_str
                0x000000a3       0x9b /usr/lib/gcc/arm-none-eabi/13.2.1/thumb/v7e-m+fp/hard/libgcc.a(_dvmd_tls.o)

.debug_rnglists
                0x00000000       0x84
 .debug_rnglists
                0x00000000       0x84 /usr/lib/gcc/arm-none-eabi/13.2.1/thumb/v7e-m+fp/hard/libgcc.a(_udivmoddi4.o)

Cross Reference Table

Symbol                                            File
ADC1_IRQHandler                                   build/startup_stm32l433xx.o
ADC_ConversionStop                                build/stm32l4xx_hal_adc.o
                                                  build/stm32l4xx_hal_adc_ex.o
ADC_DMAConvCplt                                   build/stm32l4xx_hal_adc.o
ADC_DMAError                                      build/stm32l4xx_hal_adc.o
ADC_DMAHalfConvCplt                               build/stm32l4xx_hal_adc.o
ADC_Disable                                       build/stm32l4xx_hal_adc.o
                                                  build/stm32l4xx_hal_adc_ex.o
ADC_Enable                                        build/stm32l4xx_hal_adc.o
                                                  build/stm32l4xx_hal_adc_ex.o
AHBPrescTable                                     build/system_stm32l4xx.o
                                                  build/stm32l4xx_hal_rcc.o
APBPrescTable                                     build/system_stm32l4xx.o
                                                  build/stm32l4xx_hal_rcc.o
BusFault_Handler                                  build/stm32l4xx_it.o
CAN1_RX0_IRQHandler                               build/startup_stm32l433xx.o
CAN1_RX1_IRQHandler                               build/startup_stm32l433xx.o
CAN1_SCE_IRQHandler                               build/startup_stm32l433xx.o
CAN1_TX_IRQHandler                                build/startup_stm32l433xx.o
CDC_Transmit_FS                                   build/usbd_cdc_if.o
                                                  build/main.o
COMP_IRQHandler                                   build/startup_stm32l433xx.o
CRS_IRQHandler                                    build/startup_stm32l433xx.o
DMA1_Channel1_IRQHandler                          build/startup_stm32l433xx.o
DMA1_Channel2_IRQHandler                          build/startup_stm32l433xx.o
DMA1_Channel3_IRQHandler                          build/startup_stm32l433xx.o
DMA1_Channel4_IRQHandler                          build/startup_stm32l433xx.o
DMA1_Channel5_IRQHandler                          build/startup_stm32l433xx.o
DMA1_Channel6_IRQHandler                          build/startup_stm32l433xx.o
DMA1_Channel7_IRQHandler                          build/startup_stm32l433xx.o
DMA2_Channel1_IRQHandler                          build/startup_stm32l433xx.o
DMA2_Channel2_IRQHandler                          build/startup_stm32l433xx.o
DMA2_Channel3_IRQHandler                          build/startup_stm32l433xx.o
DMA2_Channel4_IRQHandler                          build/startup_stm32l433xx.o
DMA2_Channel5_IRQHandler                          build/startup_stm32l433xx.o
DMA2_Channel6_IRQHandler                          build/startup_stm32l433xx.o
DMA2_Channel7_IRQHandler                          build/startup_stm32l433xx.o
DebugMon_Handler                                  build/stm32l4xx_it.o
Default_Handler                                   build/startup_stm32l433xx.o
EXTI0_IRQHandler                                  build/startup_stm32l433xx.o
EXTI15_10_IRQHandler                              build/startup_stm32l433xx.o
EXTI1_IRQHandler                                  build/startup_stm32l433xx.o
EXTI2_IRQHandler                                  build/startup_stm32l433xx.o
EXTI3_IRQHandler                                  build/startup_stm32l433xx.o
EXTI4_IRQHandler                                  build/startup_stm32l433xx.o
EXTI9_5_IRQHandler                                build/startup_stm32l433xx.o
Error_Handler                                     build/main.o
                                                  build/usbd_conf.o
                                                  build/usb_device.o
                                                  build/stm32l4xx_hal_msp.o
FATFS_GetAttachedDriversNbr                       build/ff_gen_drv.o
FATFS_LinkDriver                                  build/ff_gen_drv.o
                                                  build/fatfs.o
FATFS_LinkDriverEx                                build/ff_gen_drv.o
FATFS_UnLinkDriver                                build/ff_gen_drv.o
FATFS_UnLinkDriverEx                              build/ff_gen_drv.o
FLASH_FlushCaches                                 build/stm32l4xx_hal_flash_ex.o
                                                  build/stm32l4xx_hal_flash.o
FLASH_IRQHandler                                  build/startup_stm32l433xx.o
FLASH_PageErase                                   build/stm32l4xx_hal_flash_ex.o
                                                  build/stm32l4xx_hal_flash.o
FLASH_WaitForLastOperation                        build/stm32l4xx_hal_flash.o
                                                  build/stm32l4xx_hal_flash_ex.o
FPU_IRQHandler                                    build/startup_stm32l433xx.o
FS_Desc                                           build/usbd_desc.o
                                                  build/usb_device.o
HAL_ADCEx_Calibration_GetValue                    build/stm32l4xx_hal_adc_ex.o
HAL_ADCEx_Calibration_SetValue                    build/stm32l4xx_hal_adc_ex.o
HAL_ADCEx_Calibration_Start                       build/stm32l4xx_hal_adc_ex.o
HAL_ADCEx_DisableInjectedQueue                    build/stm32l4xx_hal_adc_ex.o
HAL_ADCEx_DisableVoltageRegulator                 build/stm32l4xx_hal_adc_ex.o
HAL_ADCEx_EnableInjectedQueue                     build/stm32l4xx_hal_adc_ex.o
HAL_ADCEx_EndOfSamplingCallback                   build/stm32l4xx_hal_adc_ex.o
                                                  build/stm32l4xx_hal_adc.o
HAL_ADCEx_EnterADCDeepPowerDownMode               build/stm32l4xx_hal_adc_ex.o
HAL_ADCEx_InjectedConfigChannel                   build/stm32l4xx_hal_adc_ex.o
HAL_ADCEx_InjectedConvCpltCallback                build/stm32l4xx_hal_adc_ex.o
                                                  build/stm32l4xx_hal_adc.o
HAL_ADCEx_InjectedGetValue                        build/stm32l4xx_hal_adc_ex.o
HAL_ADCEx_InjectedPollForConversion               build/stm32l4xx_hal_adc_ex.o
HAL_ADCEx_InjectedQueueOverflowCallback           build/stm32l4xx_hal_adc_ex.o
                                                  build/stm32l4xx_hal_adc.o
HAL_ADCEx_InjectedStart                           build/stm32l4xx_hal_adc_ex.o
HAL_ADCEx_InjectedStart_IT                        build/stm32l4xx_hal_adc_ex.o
HAL_ADCEx_InjectedStop                            build/stm32l4xx_hal_adc_ex.o
HAL_ADCEx_InjectedStop_IT                         build/stm32l4xx_hal_adc_ex.o
HAL_ADCEx_LevelOutOfWindow2Callback               build/stm32l4xx_hal_adc_ex.o
                                                  build/stm32l4xx_hal_adc.o
HAL_ADCEx_LevelOutOfWindow3Callback               build/stm32l4xx_hal_adc_ex.o
                                                  build/stm32l4xx_hal_adc.o
HAL_ADCEx_RegularStop                             build/stm32l4xx_hal_adc_ex.o
HAL_ADCEx_RegularStop_DMA                         build/stm32l4xx_hal_adc_ex.o
HAL_ADCEx_RegularStop_IT                          build/stm32l4xx_hal_adc_ex.o