ARM GAS  /tmp/ccnXUrcj.s 			page 1


   1              		.cpu cortex-m4
   2              		.arch armv7e-m
   3              		.fpu fpv4-sp-d16
   4              		.eabi_attribute 27, 1
   5              		.eabi_attribute 28, 1
   6              		.eabi_attribute 20, 1
   7              		.eabi_attribute 21, 1
   8              		.eabi_attribute 23, 3
   9              		.eabi_attribute 24, 1
  10              		.eabi_attribute 25, 1
  11              		.eabi_attribute 26, 1
  12              		.eabi_attribute 30, 1
  13              		.eabi_attribute 34, 1
  14              		.eabi_attribute 18, 4
  15              		.file	"stm32l4xx_hal_flash_ramfunc.c"
  16              		.text
  17              	.Ltext0:
  18              		.cfi_sections	.debug_frame
  19              		.file 1 "Drivers/STM32L4xx_HAL_Driver/Src/stm32l4xx_hal_flash_ramfunc.c"
  20              		.section	.RamFunc,"ax",%progbits
  21              		.align	1
  22              		.global	HAL_FLASHEx_EnableRunPowerDown
  23              		.syntax unified
  24              		.thumb
  25              		.thumb_func
  27              	HAL_FLASHEx_EnableRunPowerDown:
  28              	.LFB384:
   1:Drivers/STM32L4xx_HAL_Driver/Src/stm32l4xx_hal_flash_ramfunc.c **** /**
   2:Drivers/STM32L4xx_HAL_Driver/Src/stm32l4xx_hal_flash_ramfunc.c ****   ******************************************************************************
   3:Drivers/STM32L4xx_HAL_Driver/Src/stm32l4xx_hal_flash_ramfunc.c ****   * @file    stm32l4xx_hal_flash_ramfunc.c
   4:Drivers/STM32L4xx_HAL_Driver/Src/stm32l4xx_hal_flash_ramfunc.c ****   * @author  MCD Application Team
   5:Drivers/STM32L4xx_HAL_Driver/Src/stm32l4xx_hal_flash_ramfunc.c ****   * @brief   FLASH RAMFUNC driver.
   6:Drivers/STM32L4xx_HAL_Driver/Src/stm32l4xx_hal_flash_ramfunc.c ****   *          This file provides a Flash firmware functions which should be
   7:Drivers/STM32L4xx_HAL_Driver/Src/stm32l4xx_hal_flash_ramfunc.c ****   *          executed from internal SRAM
   8:Drivers/STM32L4xx_HAL_Driver/Src/stm32l4xx_hal_flash_ramfunc.c ****   *            + FLASH HalfPage Programming
   9:Drivers/STM32L4xx_HAL_Driver/Src/stm32l4xx_hal_flash_ramfunc.c ****   *            + FLASH Power Down in Run mode
  10:Drivers/STM32L4xx_HAL_Driver/Src/stm32l4xx_hal_flash_ramfunc.c ****   *
  11:Drivers/STM32L4xx_HAL_Driver/Src/stm32l4xx_hal_flash_ramfunc.c ****   *  @verbatim
  12:Drivers/STM32L4xx_HAL_Driver/Src/stm32l4xx_hal_flash_ramfunc.c ****   ==============================================================================
  13:Drivers/STM32L4xx_HAL_Driver/Src/stm32l4xx_hal_flash_ramfunc.c ****                    ##### Flash RAM functions #####
  14:Drivers/STM32L4xx_HAL_Driver/Src/stm32l4xx_hal_flash_ramfunc.c ****   ==============================================================================
  15:Drivers/STM32L4xx_HAL_Driver/Src/stm32l4xx_hal_flash_ramfunc.c **** 
  16:Drivers/STM32L4xx_HAL_Driver/Src/stm32l4xx_hal_flash_ramfunc.c ****     *** ARM Compiler ***
  17:Drivers/STM32L4xx_HAL_Driver/Src/stm32l4xx_hal_flash_ramfunc.c ****     --------------------
  18:Drivers/STM32L4xx_HAL_Driver/Src/stm32l4xx_hal_flash_ramfunc.c ****     [..] RAM functions are defined using the toolchain options.
  19:Drivers/STM32L4xx_HAL_Driver/Src/stm32l4xx_hal_flash_ramfunc.c ****          Functions that are executed in RAM should reside in a separate
  20:Drivers/STM32L4xx_HAL_Driver/Src/stm32l4xx_hal_flash_ramfunc.c ****          source module. Using the 'Options for File' dialog you can simply change
  21:Drivers/STM32L4xx_HAL_Driver/Src/stm32l4xx_hal_flash_ramfunc.c ****          the 'Code / Const' area of a module to a memory space in physical RAM.
  22:Drivers/STM32L4xx_HAL_Driver/Src/stm32l4xx_hal_flash_ramfunc.c ****          Available memory areas are declared in the 'Target' tab of the
  23:Drivers/STM32L4xx_HAL_Driver/Src/stm32l4xx_hal_flash_ramfunc.c ****          Options for Target' dialog.
  24:Drivers/STM32L4xx_HAL_Driver/Src/stm32l4xx_hal_flash_ramfunc.c **** 
  25:Drivers/STM32L4xx_HAL_Driver/Src/stm32l4xx_hal_flash_ramfunc.c ****     *** ICCARM Compiler ***
  26:Drivers/STM32L4xx_HAL_Driver/Src/stm32l4xx_hal_flash_ramfunc.c ****     -----------------------
  27:Drivers/STM32L4xx_HAL_Driver/Src/stm32l4xx_hal_flash_ramfunc.c ****     [..] RAM functions are defined using a specific toolchain keyword "__ramfunc".
  28:Drivers/STM32L4xx_HAL_Driver/Src/stm32l4xx_hal_flash_ramfunc.c **** 
  29:Drivers/STM32L4xx_HAL_Driver/Src/stm32l4xx_hal_flash_ramfunc.c ****     *** GNU Compiler ***
  30:Drivers/STM32L4xx_HAL_Driver/Src/stm32l4xx_hal_flash_ramfunc.c ****     --------------------
ARM GAS  /tmp/ccnXUrcj.s 			page 2


  31:Drivers/STM32L4xx_HAL_Driver/Src/stm32l4xx_hal_flash_ramfunc.c ****     [..] RAM functions are defined using a specific toolchain attribute
  32:Drivers/STM32L4xx_HAL_Driver/Src/stm32l4xx_hal_flash_ramfunc.c ****          "__attribute__((section(".RamFunc")))".
  33:Drivers/STM32L4xx_HAL_Driver/Src/stm32l4xx_hal_flash_ramfunc.c **** 
  34:Drivers/STM32L4xx_HAL_Driver/Src/stm32l4xx_hal_flash_ramfunc.c ****   @endverbatim
  35:Drivers/STM32L4xx_HAL_Driver/Src/stm32l4xx_hal_flash_ramfunc.c ****   ******************************************************************************
  36:Drivers/STM32L4xx_HAL_Driver/Src/stm32l4xx_hal_flash_ramfunc.c ****   * @attention
  37:Drivers/STM32L4xx_HAL_Driver/Src/stm32l4xx_hal_flash_ramfunc.c ****   *
  38:Drivers/STM32L4xx_HAL_Driver/Src/stm32l4xx_hal_flash_ramfunc.c ****   * Copyright (c) 2017 STMicroelectronics.
  39:Drivers/STM32L4xx_HAL_Driver/Src/stm32l4xx_hal_flash_ramfunc.c ****   * All rights reserved.
  40:Drivers/STM32L4xx_HAL_Driver/Src/stm32l4xx_hal_flash_ramfunc.c ****   *
  41:Drivers/STM32L4xx_HAL_Driver/Src/stm32l4xx_hal_flash_ramfunc.c ****   * This software is licensed under terms that can be found in the LICENSE file in
  42:Drivers/STM32L4xx_HAL_Driver/Src/stm32l4xx_hal_flash_ramfunc.c ****   * the root directory of this software component.
  43:Drivers/STM32L4xx_HAL_Driver/Src/stm32l4xx_hal_flash_ramfunc.c ****   * If no LICENSE file comes with this software, it is provided AS-IS.
  44:Drivers/STM32L4xx_HAL_Driver/Src/stm32l4xx_hal_flash_ramfunc.c ****   ******************************************************************************
  45:Drivers/STM32L4xx_HAL_Driver/Src/stm32l4xx_hal_flash_ramfunc.c ****   */
  46:Drivers/STM32L4xx_HAL_Driver/Src/stm32l4xx_hal_flash_ramfunc.c **** 
  47:Drivers/STM32L4xx_HAL_Driver/Src/stm32l4xx_hal_flash_ramfunc.c **** /* Includes ------------------------------------------------------------------*/
  48:Drivers/STM32L4xx_HAL_Driver/Src/stm32l4xx_hal_flash_ramfunc.c **** #include "stm32l4xx_hal.h"
  49:Drivers/STM32L4xx_HAL_Driver/Src/stm32l4xx_hal_flash_ramfunc.c **** 
  50:Drivers/STM32L4xx_HAL_Driver/Src/stm32l4xx_hal_flash_ramfunc.c **** /** @addtogroup STM32L4xx_HAL_Driver
  51:Drivers/STM32L4xx_HAL_Driver/Src/stm32l4xx_hal_flash_ramfunc.c ****   * @{
  52:Drivers/STM32L4xx_HAL_Driver/Src/stm32l4xx_hal_flash_ramfunc.c ****   */
  53:Drivers/STM32L4xx_HAL_Driver/Src/stm32l4xx_hal_flash_ramfunc.c **** 
  54:Drivers/STM32L4xx_HAL_Driver/Src/stm32l4xx_hal_flash_ramfunc.c **** /** @defgroup FLASH_RAMFUNC FLASH_RAMFUNC
  55:Drivers/STM32L4xx_HAL_Driver/Src/stm32l4xx_hal_flash_ramfunc.c ****   * @brief FLASH functions executed from RAM
  56:Drivers/STM32L4xx_HAL_Driver/Src/stm32l4xx_hal_flash_ramfunc.c ****   * @{
  57:Drivers/STM32L4xx_HAL_Driver/Src/stm32l4xx_hal_flash_ramfunc.c ****   */
  58:Drivers/STM32L4xx_HAL_Driver/Src/stm32l4xx_hal_flash_ramfunc.c **** 
  59:Drivers/STM32L4xx_HAL_Driver/Src/stm32l4xx_hal_flash_ramfunc.c **** #ifdef HAL_FLASH_MODULE_ENABLED
  60:Drivers/STM32L4xx_HAL_Driver/Src/stm32l4xx_hal_flash_ramfunc.c **** 
  61:Drivers/STM32L4xx_HAL_Driver/Src/stm32l4xx_hal_flash_ramfunc.c **** /* Private typedef -----------------------------------------------------------*/
  62:Drivers/STM32L4xx_HAL_Driver/Src/stm32l4xx_hal_flash_ramfunc.c **** /* Private define ------------------------------------------------------------*/
  63:Drivers/STM32L4xx_HAL_Driver/Src/stm32l4xx_hal_flash_ramfunc.c **** /* Private macro -------------------------------------------------------------*/
  64:Drivers/STM32L4xx_HAL_Driver/Src/stm32l4xx_hal_flash_ramfunc.c **** /* Private variables ---------------------------------------------------------*/
  65:Drivers/STM32L4xx_HAL_Driver/Src/stm32l4xx_hal_flash_ramfunc.c **** /* Private function prototypes -----------------------------------------------*/
  66:Drivers/STM32L4xx_HAL_Driver/Src/stm32l4xx_hal_flash_ramfunc.c **** /* Exported functions -------------------------------------------------------*/
  67:Drivers/STM32L4xx_HAL_Driver/Src/stm32l4xx_hal_flash_ramfunc.c **** 
  68:Drivers/STM32L4xx_HAL_Driver/Src/stm32l4xx_hal_flash_ramfunc.c **** /** @defgroup FLASH_RAMFUNC_Exported_Functions FLASH in RAM function Exported Functions
  69:Drivers/STM32L4xx_HAL_Driver/Src/stm32l4xx_hal_flash_ramfunc.c ****   * @{
  70:Drivers/STM32L4xx_HAL_Driver/Src/stm32l4xx_hal_flash_ramfunc.c ****   */
  71:Drivers/STM32L4xx_HAL_Driver/Src/stm32l4xx_hal_flash_ramfunc.c **** 
  72:Drivers/STM32L4xx_HAL_Driver/Src/stm32l4xx_hal_flash_ramfunc.c **** /** @defgroup FLASH_RAMFUNC_Exported_Functions_Group1 Peripheral features functions
  73:Drivers/STM32L4xx_HAL_Driver/Src/stm32l4xx_hal_flash_ramfunc.c ****  *  @brief   Data transfers functions
  74:Drivers/STM32L4xx_HAL_Driver/Src/stm32l4xx_hal_flash_ramfunc.c ****  *
  75:Drivers/STM32L4xx_HAL_Driver/Src/stm32l4xx_hal_flash_ramfunc.c **** @verbatim
  76:Drivers/STM32L4xx_HAL_Driver/Src/stm32l4xx_hal_flash_ramfunc.c ****  ===============================================================================
  77:Drivers/STM32L4xx_HAL_Driver/Src/stm32l4xx_hal_flash_ramfunc.c ****                       ##### ramfunc functions #####
  78:Drivers/STM32L4xx_HAL_Driver/Src/stm32l4xx_hal_flash_ramfunc.c ****  ===============================================================================
  79:Drivers/STM32L4xx_HAL_Driver/Src/stm32l4xx_hal_flash_ramfunc.c ****     [..]
  80:Drivers/STM32L4xx_HAL_Driver/Src/stm32l4xx_hal_flash_ramfunc.c ****     This subsection provides a set of functions that should be executed from RAM.
  81:Drivers/STM32L4xx_HAL_Driver/Src/stm32l4xx_hal_flash_ramfunc.c **** 
  82:Drivers/STM32L4xx_HAL_Driver/Src/stm32l4xx_hal_flash_ramfunc.c **** @endverbatim
  83:Drivers/STM32L4xx_HAL_Driver/Src/stm32l4xx_hal_flash_ramfunc.c ****   * @{
  84:Drivers/STM32L4xx_HAL_Driver/Src/stm32l4xx_hal_flash_ramfunc.c ****   */
  85:Drivers/STM32L4xx_HAL_Driver/Src/stm32l4xx_hal_flash_ramfunc.c **** 
  86:Drivers/STM32L4xx_HAL_Driver/Src/stm32l4xx_hal_flash_ramfunc.c **** /**
  87:Drivers/STM32L4xx_HAL_Driver/Src/stm32l4xx_hal_flash_ramfunc.c ****   * @brief   Enable the Power down in Run Mode
ARM GAS  /tmp/ccnXUrcj.s 			page 3


  88:Drivers/STM32L4xx_HAL_Driver/Src/stm32l4xx_hal_flash_ramfunc.c ****   * @note    This function should be called and executed from SRAM memory
  89:Drivers/STM32L4xx_HAL_Driver/Src/stm32l4xx_hal_flash_ramfunc.c ****   * @retval  HAL status
  90:Drivers/STM32L4xx_HAL_Driver/Src/stm32l4xx_hal_flash_ramfunc.c ****   */
  91:Drivers/STM32L4xx_HAL_Driver/Src/stm32l4xx_hal_flash_ramfunc.c **** __RAM_FUNC HAL_StatusTypeDef HAL_FLASHEx_EnableRunPowerDown(void)
  92:Drivers/STM32L4xx_HAL_Driver/Src/stm32l4xx_hal_flash_ramfunc.c **** {
  29              		.loc 1 92 1 view -0
  30              		.cfi_startproc
  31              		@ args = 0, pretend = 0, frame = 0
  32              		@ frame_needed = 0, uses_anonymous_args = 0
  33              		@ link register save eliminated.
  93:Drivers/STM32L4xx_HAL_Driver/Src/stm32l4xx_hal_flash_ramfunc.c ****   /* Enable the Power Down in Run mode*/
  94:Drivers/STM32L4xx_HAL_Driver/Src/stm32l4xx_hal_flash_ramfunc.c ****   __HAL_FLASH_POWER_DOWN_ENABLE();
  34              		.loc 1 94 3 view .LVU1
  35              		.loc 1 94 3 view .LVU2
  36 0000 054B     		ldr	r3, .L2
  37 0002 064A     		ldr	r2, .L2+4
  38 0004 5A60     		str	r2, [r3, #4]
  39              		.loc 1 94 3 view .LVU3
  40 0006 064A     		ldr	r2, .L2+8
  41 0008 5A60     		str	r2, [r3, #4]
  42              		.loc 1 94 3 view .LVU4
  43 000a 1A68     		ldr	r2, [r3]
  44 000c 42F40052 		orr	r2, r2, #8192
  45 0010 1A60     		str	r2, [r3]
  46              		.loc 1 94 3 view .LVU5
  95:Drivers/STM32L4xx_HAL_Driver/Src/stm32l4xx_hal_flash_ramfunc.c **** 
  96:Drivers/STM32L4xx_HAL_Driver/Src/stm32l4xx_hal_flash_ramfunc.c ****   return HAL_OK;
  47              		.loc 1 96 3 view .LVU6
  97:Drivers/STM32L4xx_HAL_Driver/Src/stm32l4xx_hal_flash_ramfunc.c **** 
  98:Drivers/STM32L4xx_HAL_Driver/Src/stm32l4xx_hal_flash_ramfunc.c **** }
  48              		.loc 1 98 1 is_stmt 0 view .LVU7
  49 0012 0020     		movs	r0, #0
  50 0014 7047     		bx	lr
  51              	.L3:
  52 0016 00BF     		.align	2
  53              	.L2:
  54 0018 00200240 		.word	1073881088
  55 001c 37261504 		.word	68494903
  56 0020 FDFCFBFA 		.word	-84148995
  57              		.cfi_endproc
  58              	.LFE384:
  60              		.align	1
  61              		.global	HAL_FLASHEx_DisableRunPowerDown
  62              		.syntax unified
  63              		.thumb
  64              		.thumb_func
  66              	HAL_FLASHEx_DisableRunPowerDown:
  67              	.LFB385:
  99:Drivers/STM32L4xx_HAL_Driver/Src/stm32l4xx_hal_flash_ramfunc.c **** 
 100:Drivers/STM32L4xx_HAL_Driver/Src/stm32l4xx_hal_flash_ramfunc.c **** /**
 101:Drivers/STM32L4xx_HAL_Driver/Src/stm32l4xx_hal_flash_ramfunc.c ****   * @brief   Disable the Power down in Run Mode
 102:Drivers/STM32L4xx_HAL_Driver/Src/stm32l4xx_hal_flash_ramfunc.c ****   * @note    This function should be called and executed from SRAM memory
 103:Drivers/STM32L4xx_HAL_Driver/Src/stm32l4xx_hal_flash_ramfunc.c ****   * @retval  HAL status
 104:Drivers/STM32L4xx_HAL_Driver/Src/stm32l4xx_hal_flash_ramfunc.c ****   */
 105:Drivers/STM32L4xx_HAL_Driver/Src/stm32l4xx_hal_flash_ramfunc.c **** __RAM_FUNC HAL_StatusTypeDef HAL_FLASHEx_DisableRunPowerDown(void)
 106:Drivers/STM32L4xx_HAL_Driver/Src/stm32l4xx_hal_flash_ramfunc.c **** {
  68              		.loc 1 106 1 is_stmt 1 view -0
ARM GAS  /tmp/ccnXUrcj.s 			page 4


  69              		.cfi_startproc
  70              		@ args = 0, pretend = 0, frame = 0
  71              		@ frame_needed = 0, uses_anonymous_args = 0
  72              		@ link register save eliminated.
 107:Drivers/STM32L4xx_HAL_Driver/Src/stm32l4xx_hal_flash_ramfunc.c ****   /* Disable the Power Down in Run mode*/
 108:Drivers/STM32L4xx_HAL_Driver/Src/stm32l4xx_hal_flash_ramfunc.c ****   __HAL_FLASH_POWER_DOWN_DISABLE();
  73              		.loc 1 108 3 view .LVU9
  74              		.loc 1 108 3 view .LVU10
  75 0024 054B     		ldr	r3, .L5
  76 0026 064A     		ldr	r2, .L5+4
  77 0028 5A60     		str	r2, [r3, #4]
  78              		.loc 1 108 3 view .LVU11
  79 002a 064A     		ldr	r2, .L5+8
  80 002c 5A60     		str	r2, [r3, #4]
  81              		.loc 1 108 3 view .LVU12
  82 002e 1A68     		ldr	r2, [r3]
  83 0030 22F40052 		bic	r2, r2, #8192
  84 0034 1A60     		str	r2, [r3]
  85              		.loc 1 108 3 view .LVU13
 109:Drivers/STM32L4xx_HAL_Driver/Src/stm32l4xx_hal_flash_ramfunc.c **** 
 110:Drivers/STM32L4xx_HAL_Driver/Src/stm32l4xx_hal_flash_ramfunc.c ****   return HAL_OK;
  86              		.loc 1 110 3 view .LVU14
 111:Drivers/STM32L4xx_HAL_Driver/Src/stm32l4xx_hal_flash_ramfunc.c **** }
  87              		.loc 1 111 1 is_stmt 0 view .LVU15
  88 0036 0020     		movs	r0, #0
  89 0038 7047     		bx	lr
  90              	.L6:
  91 003a 00BF     		.align	2
  92              	.L5:
  93 003c 00200240 		.word	1073881088
  94 0040 37261504 		.word	68494903
  95 0044 FDFCFBFA 		.word	-84148995
  96              		.cfi_endproc
  97              	.LFE385:
  99              		.text
 100              	.Letext0:
 101              		.file 2 "/usr/lib/gcc/arm-none-eabi/13.2.1/include/stdint.h"
 102              		.file 3 "Drivers/CMSIS/Device/ST/STM32L4xx/Include/stm32l433xx.h"
 103              		.file 4 "Drivers/STM32L4xx_HAL_Driver/Inc/stm32l4xx_hal_def.h"
 104              		.file 5 "Drivers/STM32L4xx_HAL_Driver/Inc/stm32l4xx_ll_dma.h"
ARM GAS  /tmp/ccnXUrcj.s 			page 5


DEFINED SYMBOLS
                            *ABS*:00000000 stm32l4xx_hal_flash_ramfunc.c
     /tmp/ccnXUrcj.s:21     .RamFunc:00000000 $t
     /tmp/ccnXUrcj.s:27     .RamFunc:00000000 HAL_FLASHEx_EnableRunPowerDown
     /tmp/ccnXUrcj.s:54     .RamFunc:00000018 $d
     /tmp/ccnXUrcj.s:60     .RamFunc:00000024 $t
     /tmp/ccnXUrcj.s:66     .RamFunc:00000024 HAL_FLASHEx_DisableRunPowerDown
     /tmp/ccnXUrcj.s:93     .RamFunc:0000003c $d

NO UNDEFINED SYMBOLS
