ARM GAS  /tmp/ccdSVKs5.s 			page 1


   1              		.cpu cortex-m4
   2              		.arch armv7e-m
   3              		.fpu fpv4-sp-d16
   4              		.eabi_attribute 27, 1
   5              		.eabi_attribute 28, 1
   6              		.eabi_attribute 20, 1
   7              		.eabi_attribute 21, 1
   8              		.eabi_attribute 23, 3
   9              		.eabi_attribute 24, 1
  10              		.eabi_attribute 25, 1
  11              		.eabi_attribute 26, 1
  12              		.eabi_attribute 30, 1
  13              		.eabi_attribute 34, 1
  14              		.eabi_attribute 18, 4
  15              		.file	"stm32l4xx_hal_iwdg.c"
  16              		.text
  17              	.Ltext0:
  18              		.cfi_sections	.debug_frame
  19              		.file 1 "Drivers/STM32L4xx_HAL_Driver/Src/stm32l4xx_hal_iwdg.c"
  20              		.section	.text.HAL_IWDG_Init,"ax",%progbits
  21              		.align	1
  22              		.global	HAL_IWDG_Init
  23              		.syntax unified
  24              		.thumb
  25              		.thumb_func
  27              	HAL_IWDG_Init:
  28              	.LVL0:
  29              	.LFB384:
   1:Drivers/STM32L4xx_HAL_Driver/Src/stm32l4xx_hal_iwdg.c **** /**
   2:Drivers/STM32L4xx_HAL_Driver/Src/stm32l4xx_hal_iwdg.c ****   ******************************************************************************
   3:Drivers/STM32L4xx_HAL_Driver/Src/stm32l4xx_hal_iwdg.c ****   * @file    stm32l4xx_hal_iwdg.c
   4:Drivers/STM32L4xx_HAL_Driver/Src/stm32l4xx_hal_iwdg.c ****   * @author  MCD Application Team
   5:Drivers/STM32L4xx_HAL_Driver/Src/stm32l4xx_hal_iwdg.c ****   * @brief   IWDG HAL module driver.
   6:Drivers/STM32L4xx_HAL_Driver/Src/stm32l4xx_hal_iwdg.c ****   *          This file provides firmware functions to manage the following
   7:Drivers/STM32L4xx_HAL_Driver/Src/stm32l4xx_hal_iwdg.c ****   *          functionalities of the Independent Watchdog (IWDG) peripheral:
   8:Drivers/STM32L4xx_HAL_Driver/Src/stm32l4xx_hal_iwdg.c ****   *           + Initialization and Start functions
   9:Drivers/STM32L4xx_HAL_Driver/Src/stm32l4xx_hal_iwdg.c ****   *           + IO operation functions
  10:Drivers/STM32L4xx_HAL_Driver/Src/stm32l4xx_hal_iwdg.c ****   *
  11:Drivers/STM32L4xx_HAL_Driver/Src/stm32l4xx_hal_iwdg.c ****   ******************************************************************************
  12:Drivers/STM32L4xx_HAL_Driver/Src/stm32l4xx_hal_iwdg.c ****   * @attention
  13:Drivers/STM32L4xx_HAL_Driver/Src/stm32l4xx_hal_iwdg.c ****   *
  14:Drivers/STM32L4xx_HAL_Driver/Src/stm32l4xx_hal_iwdg.c ****   * Copyright (c) 2017 STMicroelectronics.
  15:Drivers/STM32L4xx_HAL_Driver/Src/stm32l4xx_hal_iwdg.c ****   * All rights reserved.
  16:Drivers/STM32L4xx_HAL_Driver/Src/stm32l4xx_hal_iwdg.c ****   *
  17:Drivers/STM32L4xx_HAL_Driver/Src/stm32l4xx_hal_iwdg.c ****   * This software is licensed under terms that can be found in the LICENSE file
  18:Drivers/STM32L4xx_HAL_Driver/Src/stm32l4xx_hal_iwdg.c ****   * in the root directory of this software component.
  19:Drivers/STM32L4xx_HAL_Driver/Src/stm32l4xx_hal_iwdg.c ****   * If no LICENSE file comes with this software, it is provided AS-IS.
  20:Drivers/STM32L4xx_HAL_Driver/Src/stm32l4xx_hal_iwdg.c ****   *
  21:Drivers/STM32L4xx_HAL_Driver/Src/stm32l4xx_hal_iwdg.c ****   ******************************************************************************
  22:Drivers/STM32L4xx_HAL_Driver/Src/stm32l4xx_hal_iwdg.c ****   @verbatim
  23:Drivers/STM32L4xx_HAL_Driver/Src/stm32l4xx_hal_iwdg.c ****   ==============================================================================
  24:Drivers/STM32L4xx_HAL_Driver/Src/stm32l4xx_hal_iwdg.c ****                     ##### IWDG Generic features #####
  25:Drivers/STM32L4xx_HAL_Driver/Src/stm32l4xx_hal_iwdg.c ****   ==============================================================================
  26:Drivers/STM32L4xx_HAL_Driver/Src/stm32l4xx_hal_iwdg.c ****   [..]
  27:Drivers/STM32L4xx_HAL_Driver/Src/stm32l4xx_hal_iwdg.c ****     (+) The IWDG can be started by either software or hardware (configurable
  28:Drivers/STM32L4xx_HAL_Driver/Src/stm32l4xx_hal_iwdg.c ****         through option byte).
  29:Drivers/STM32L4xx_HAL_Driver/Src/stm32l4xx_hal_iwdg.c **** 
ARM GAS  /tmp/ccdSVKs5.s 			page 2


  30:Drivers/STM32L4xx_HAL_Driver/Src/stm32l4xx_hal_iwdg.c ****     (+) The IWDG is clocked by the Low-Speed Internal clock (LSI) and thus stays
  31:Drivers/STM32L4xx_HAL_Driver/Src/stm32l4xx_hal_iwdg.c ****         active even if the main clock fails.
  32:Drivers/STM32L4xx_HAL_Driver/Src/stm32l4xx_hal_iwdg.c **** 
  33:Drivers/STM32L4xx_HAL_Driver/Src/stm32l4xx_hal_iwdg.c ****     (+) Once the IWDG is started, the LSI is forced ON and both cannot be
  34:Drivers/STM32L4xx_HAL_Driver/Src/stm32l4xx_hal_iwdg.c ****         disabled. The counter starts counting down from the reset value (0xFFF).
  35:Drivers/STM32L4xx_HAL_Driver/Src/stm32l4xx_hal_iwdg.c ****         When it reaches the end of count value (0x000) a reset signal is
  36:Drivers/STM32L4xx_HAL_Driver/Src/stm32l4xx_hal_iwdg.c ****         generated (IWDG reset).
  37:Drivers/STM32L4xx_HAL_Driver/Src/stm32l4xx_hal_iwdg.c **** 
  38:Drivers/STM32L4xx_HAL_Driver/Src/stm32l4xx_hal_iwdg.c ****     (+) Whenever the key value 0x0000 AAAA is written in the IWDG_KR register,
  39:Drivers/STM32L4xx_HAL_Driver/Src/stm32l4xx_hal_iwdg.c ****         the IWDG_RLR value is reloaded into the counter and the watchdog reset
  40:Drivers/STM32L4xx_HAL_Driver/Src/stm32l4xx_hal_iwdg.c ****         is prevented.
  41:Drivers/STM32L4xx_HAL_Driver/Src/stm32l4xx_hal_iwdg.c **** 
  42:Drivers/STM32L4xx_HAL_Driver/Src/stm32l4xx_hal_iwdg.c ****     (+) The IWDG is implemented in the VDD voltage domain that is still functional
  43:Drivers/STM32L4xx_HAL_Driver/Src/stm32l4xx_hal_iwdg.c ****         in STOP and STANDBY mode (IWDG reset can wake up the CPU from STANDBY).
  44:Drivers/STM32L4xx_HAL_Driver/Src/stm32l4xx_hal_iwdg.c ****         IWDGRST flag in RCC_CSR register can be used to inform when an IWDG
  45:Drivers/STM32L4xx_HAL_Driver/Src/stm32l4xx_hal_iwdg.c ****         reset occurs.
  46:Drivers/STM32L4xx_HAL_Driver/Src/stm32l4xx_hal_iwdg.c **** 
  47:Drivers/STM32L4xx_HAL_Driver/Src/stm32l4xx_hal_iwdg.c ****     (+) Debug mode: When the microcontroller enters debug mode (core halted),
  48:Drivers/STM32L4xx_HAL_Driver/Src/stm32l4xx_hal_iwdg.c ****         the IWDG counter either continues to work normally or stops, depending
  49:Drivers/STM32L4xx_HAL_Driver/Src/stm32l4xx_hal_iwdg.c ****         on DBG_IWDG_STOP configuration bit in DBG module, accessible through
  50:Drivers/STM32L4xx_HAL_Driver/Src/stm32l4xx_hal_iwdg.c ****         __HAL_DBGMCU_FREEZE_IWDG() and __HAL_DBGMCU_UNFREEZE_IWDG() macros.
  51:Drivers/STM32L4xx_HAL_Driver/Src/stm32l4xx_hal_iwdg.c **** 
  52:Drivers/STM32L4xx_HAL_Driver/Src/stm32l4xx_hal_iwdg.c ****     [..] Min-max timeout value @32KHz (LSI): ~125us / ~32.7s
  53:Drivers/STM32L4xx_HAL_Driver/Src/stm32l4xx_hal_iwdg.c ****          The IWDG timeout may vary due to LSI clock frequency dispersion.
  54:Drivers/STM32L4xx_HAL_Driver/Src/stm32l4xx_hal_iwdg.c ****          STM32L4xx devices provide the capability to measure the LSI clock
  55:Drivers/STM32L4xx_HAL_Driver/Src/stm32l4xx_hal_iwdg.c ****          frequency (LSI clock is internally connected to TIM16 CH1 input capture).
  56:Drivers/STM32L4xx_HAL_Driver/Src/stm32l4xx_hal_iwdg.c ****          The measured value can be used to have an IWDG timeout with an
  57:Drivers/STM32L4xx_HAL_Driver/Src/stm32l4xx_hal_iwdg.c ****          acceptable accuracy.
  58:Drivers/STM32L4xx_HAL_Driver/Src/stm32l4xx_hal_iwdg.c **** 
  59:Drivers/STM32L4xx_HAL_Driver/Src/stm32l4xx_hal_iwdg.c ****     [..] Default timeout value (necessary for IWDG_SR status register update):
  60:Drivers/STM32L4xx_HAL_Driver/Src/stm32l4xx_hal_iwdg.c ****          Constant LSI_VALUE is defined based on the nominal LSI clock frequency.
  61:Drivers/STM32L4xx_HAL_Driver/Src/stm32l4xx_hal_iwdg.c ****          This frequency being subject to variations as mentioned above, the
  62:Drivers/STM32L4xx_HAL_Driver/Src/stm32l4xx_hal_iwdg.c ****          default timeout value (defined through constant HAL_IWDG_DEFAULT_TIMEOUT
  63:Drivers/STM32L4xx_HAL_Driver/Src/stm32l4xx_hal_iwdg.c ****          below) may become too short or too long.
  64:Drivers/STM32L4xx_HAL_Driver/Src/stm32l4xx_hal_iwdg.c ****          In such cases, this default timeout value can be tuned by redefining
  65:Drivers/STM32L4xx_HAL_Driver/Src/stm32l4xx_hal_iwdg.c ****          the constant LSI_VALUE at user-application level (based, for instance,
  66:Drivers/STM32L4xx_HAL_Driver/Src/stm32l4xx_hal_iwdg.c ****          on the measured LSI clock frequency as explained above).
  67:Drivers/STM32L4xx_HAL_Driver/Src/stm32l4xx_hal_iwdg.c **** 
  68:Drivers/STM32L4xx_HAL_Driver/Src/stm32l4xx_hal_iwdg.c ****                      ##### How to use this driver #####
  69:Drivers/STM32L4xx_HAL_Driver/Src/stm32l4xx_hal_iwdg.c ****   ==============================================================================
  70:Drivers/STM32L4xx_HAL_Driver/Src/stm32l4xx_hal_iwdg.c ****   [..]
  71:Drivers/STM32L4xx_HAL_Driver/Src/stm32l4xx_hal_iwdg.c ****     (#) Use IWDG using HAL_IWDG_Init() function to :
  72:Drivers/STM32L4xx_HAL_Driver/Src/stm32l4xx_hal_iwdg.c ****       (++) Enable instance by writing Start keyword in IWDG_KEY register. LSI
  73:Drivers/STM32L4xx_HAL_Driver/Src/stm32l4xx_hal_iwdg.c ****            clock is forced ON and IWDG counter starts counting down.
  74:Drivers/STM32L4xx_HAL_Driver/Src/stm32l4xx_hal_iwdg.c ****       (++) Enable write access to configuration registers:
  75:Drivers/STM32L4xx_HAL_Driver/Src/stm32l4xx_hal_iwdg.c ****           IWDG_PR, IWDG_RLR and IWDG_WINR.
  76:Drivers/STM32L4xx_HAL_Driver/Src/stm32l4xx_hal_iwdg.c ****       (++) Configure the IWDG prescaler and counter reload value. This reload
  77:Drivers/STM32L4xx_HAL_Driver/Src/stm32l4xx_hal_iwdg.c ****            value will be loaded in the IWDG counter each time the watchdog is
  78:Drivers/STM32L4xx_HAL_Driver/Src/stm32l4xx_hal_iwdg.c ****            reloaded, then the IWDG will start counting down from this value.
  79:Drivers/STM32L4xx_HAL_Driver/Src/stm32l4xx_hal_iwdg.c ****       (++) Depending on window parameter:
  80:Drivers/STM32L4xx_HAL_Driver/Src/stm32l4xx_hal_iwdg.c ****         (+++) If Window Init parameter is same as Window register value,
  81:Drivers/STM32L4xx_HAL_Driver/Src/stm32l4xx_hal_iwdg.c ****              nothing more is done but reload counter value in order to exit
  82:Drivers/STM32L4xx_HAL_Driver/Src/stm32l4xx_hal_iwdg.c ****              function with exact time base.
  83:Drivers/STM32L4xx_HAL_Driver/Src/stm32l4xx_hal_iwdg.c ****         (+++) Else modify Window register. This will automatically reload
  84:Drivers/STM32L4xx_HAL_Driver/Src/stm32l4xx_hal_iwdg.c ****              watchdog counter.
  85:Drivers/STM32L4xx_HAL_Driver/Src/stm32l4xx_hal_iwdg.c ****       (++) Wait for status flags to be reset.
  86:Drivers/STM32L4xx_HAL_Driver/Src/stm32l4xx_hal_iwdg.c **** 
ARM GAS  /tmp/ccdSVKs5.s 			page 3


  87:Drivers/STM32L4xx_HAL_Driver/Src/stm32l4xx_hal_iwdg.c ****     (#) Then the application program must refresh the IWDG counter at regular
  88:Drivers/STM32L4xx_HAL_Driver/Src/stm32l4xx_hal_iwdg.c ****         intervals during normal operation to prevent an MCU reset, using
  89:Drivers/STM32L4xx_HAL_Driver/Src/stm32l4xx_hal_iwdg.c ****         HAL_IWDG_Refresh() function.
  90:Drivers/STM32L4xx_HAL_Driver/Src/stm32l4xx_hal_iwdg.c **** 
  91:Drivers/STM32L4xx_HAL_Driver/Src/stm32l4xx_hal_iwdg.c ****      *** IWDG HAL driver macros list ***
  92:Drivers/STM32L4xx_HAL_Driver/Src/stm32l4xx_hal_iwdg.c ****      ====================================
  93:Drivers/STM32L4xx_HAL_Driver/Src/stm32l4xx_hal_iwdg.c ****      [..]
  94:Drivers/STM32L4xx_HAL_Driver/Src/stm32l4xx_hal_iwdg.c ****        Below the list of most used macros in IWDG HAL driver:
  95:Drivers/STM32L4xx_HAL_Driver/Src/stm32l4xx_hal_iwdg.c ****       (+) __HAL_IWDG_START: Enable the IWDG peripheral
  96:Drivers/STM32L4xx_HAL_Driver/Src/stm32l4xx_hal_iwdg.c ****       (+) __HAL_IWDG_RELOAD_COUNTER: Reloads IWDG counter with value defined in
  97:Drivers/STM32L4xx_HAL_Driver/Src/stm32l4xx_hal_iwdg.c ****           the reload register
  98:Drivers/STM32L4xx_HAL_Driver/Src/stm32l4xx_hal_iwdg.c **** 
  99:Drivers/STM32L4xx_HAL_Driver/Src/stm32l4xx_hal_iwdg.c ****   @endverbatim
 100:Drivers/STM32L4xx_HAL_Driver/Src/stm32l4xx_hal_iwdg.c ****   */
 101:Drivers/STM32L4xx_HAL_Driver/Src/stm32l4xx_hal_iwdg.c **** 
 102:Drivers/STM32L4xx_HAL_Driver/Src/stm32l4xx_hal_iwdg.c **** /* Includes ------------------------------------------------------------------*/
 103:Drivers/STM32L4xx_HAL_Driver/Src/stm32l4xx_hal_iwdg.c **** #include "stm32l4xx_hal.h"
 104:Drivers/STM32L4xx_HAL_Driver/Src/stm32l4xx_hal_iwdg.c **** 
 105:Drivers/STM32L4xx_HAL_Driver/Src/stm32l4xx_hal_iwdg.c **** /** @addtogroup STM32L4xx_HAL_Driver
 106:Drivers/STM32L4xx_HAL_Driver/Src/stm32l4xx_hal_iwdg.c ****   * @{
 107:Drivers/STM32L4xx_HAL_Driver/Src/stm32l4xx_hal_iwdg.c ****   */
 108:Drivers/STM32L4xx_HAL_Driver/Src/stm32l4xx_hal_iwdg.c **** 
 109:Drivers/STM32L4xx_HAL_Driver/Src/stm32l4xx_hal_iwdg.c **** #ifdef HAL_IWDG_MODULE_ENABLED
 110:Drivers/STM32L4xx_HAL_Driver/Src/stm32l4xx_hal_iwdg.c **** /** @addtogroup IWDG
 111:Drivers/STM32L4xx_HAL_Driver/Src/stm32l4xx_hal_iwdg.c ****   * @brief IWDG HAL module driver.
 112:Drivers/STM32L4xx_HAL_Driver/Src/stm32l4xx_hal_iwdg.c ****   * @{
 113:Drivers/STM32L4xx_HAL_Driver/Src/stm32l4xx_hal_iwdg.c ****   */
 114:Drivers/STM32L4xx_HAL_Driver/Src/stm32l4xx_hal_iwdg.c **** 
 115:Drivers/STM32L4xx_HAL_Driver/Src/stm32l4xx_hal_iwdg.c **** /* Private typedef -----------------------------------------------------------*/
 116:Drivers/STM32L4xx_HAL_Driver/Src/stm32l4xx_hal_iwdg.c **** /* Private define ------------------------------------------------------------*/
 117:Drivers/STM32L4xx_HAL_Driver/Src/stm32l4xx_hal_iwdg.c **** /** @defgroup IWDG_Private_Defines IWDG Private Defines
 118:Drivers/STM32L4xx_HAL_Driver/Src/stm32l4xx_hal_iwdg.c ****   * @{
 119:Drivers/STM32L4xx_HAL_Driver/Src/stm32l4xx_hal_iwdg.c ****   */
 120:Drivers/STM32L4xx_HAL_Driver/Src/stm32l4xx_hal_iwdg.c **** /* Status register needs up to 5 LSI clock periods divided by the clock
 121:Drivers/STM32L4xx_HAL_Driver/Src/stm32l4xx_hal_iwdg.c ****    prescaler to be updated. The number of LSI clock periods is upper-rounded to
 122:Drivers/STM32L4xx_HAL_Driver/Src/stm32l4xx_hal_iwdg.c ****    6 for the timeout value calculation.
 123:Drivers/STM32L4xx_HAL_Driver/Src/stm32l4xx_hal_iwdg.c ****    The timeout value is calculated using the highest prescaler (256) and
 124:Drivers/STM32L4xx_HAL_Driver/Src/stm32l4xx_hal_iwdg.c ****    the LSI_VALUE constant. The value of this constant can be changed by the user
 125:Drivers/STM32L4xx_HAL_Driver/Src/stm32l4xx_hal_iwdg.c ****    to take into account possible LSI clock period variations.
 126:Drivers/STM32L4xx_HAL_Driver/Src/stm32l4xx_hal_iwdg.c ****    The timeout value is multiplied by 1000 to be converted in milliseconds.
 127:Drivers/STM32L4xx_HAL_Driver/Src/stm32l4xx_hal_iwdg.c ****    LSI startup time is also considered here by adding LSI_STARTUP_TIME
 128:Drivers/STM32L4xx_HAL_Driver/Src/stm32l4xx_hal_iwdg.c ****    converted in milliseconds. */
 129:Drivers/STM32L4xx_HAL_Driver/Src/stm32l4xx_hal_iwdg.c **** #define HAL_IWDG_DEFAULT_TIMEOUT        (((6UL * 256UL * 1000UL) / (LSI_VALUE / 128U)) + \
 130:Drivers/STM32L4xx_HAL_Driver/Src/stm32l4xx_hal_iwdg.c ****                                          ((LSI_STARTUP_TIME / 1000UL) + 1UL))
 131:Drivers/STM32L4xx_HAL_Driver/Src/stm32l4xx_hal_iwdg.c **** #define IWDG_KERNEL_UPDATE_FLAGS        (IWDG_SR_WVU | IWDG_SR_RVU | IWDG_SR_PVU)
 132:Drivers/STM32L4xx_HAL_Driver/Src/stm32l4xx_hal_iwdg.c **** /**
 133:Drivers/STM32L4xx_HAL_Driver/Src/stm32l4xx_hal_iwdg.c ****   * @}
 134:Drivers/STM32L4xx_HAL_Driver/Src/stm32l4xx_hal_iwdg.c ****   */
 135:Drivers/STM32L4xx_HAL_Driver/Src/stm32l4xx_hal_iwdg.c **** 
 136:Drivers/STM32L4xx_HAL_Driver/Src/stm32l4xx_hal_iwdg.c **** /* Private macro -------------------------------------------------------------*/
 137:Drivers/STM32L4xx_HAL_Driver/Src/stm32l4xx_hal_iwdg.c **** /* Private variables ---------------------------------------------------------*/
 138:Drivers/STM32L4xx_HAL_Driver/Src/stm32l4xx_hal_iwdg.c **** /* Private function prototypes -----------------------------------------------*/
 139:Drivers/STM32L4xx_HAL_Driver/Src/stm32l4xx_hal_iwdg.c **** /* Exported functions --------------------------------------------------------*/
 140:Drivers/STM32L4xx_HAL_Driver/Src/stm32l4xx_hal_iwdg.c **** 
 141:Drivers/STM32L4xx_HAL_Driver/Src/stm32l4xx_hal_iwdg.c **** /** @addtogroup IWDG_Exported_Functions
 142:Drivers/STM32L4xx_HAL_Driver/Src/stm32l4xx_hal_iwdg.c ****   * @{
 143:Drivers/STM32L4xx_HAL_Driver/Src/stm32l4xx_hal_iwdg.c ****   */
ARM GAS  /tmp/ccdSVKs5.s 			page 4


 144:Drivers/STM32L4xx_HAL_Driver/Src/stm32l4xx_hal_iwdg.c **** 
 145:Drivers/STM32L4xx_HAL_Driver/Src/stm32l4xx_hal_iwdg.c **** /** @addtogroup IWDG_Exported_Functions_Group1
 146:Drivers/STM32L4xx_HAL_Driver/Src/stm32l4xx_hal_iwdg.c ****   *  @brief    Initialization and Start functions.
 147:Drivers/STM32L4xx_HAL_Driver/Src/stm32l4xx_hal_iwdg.c ****   *
 148:Drivers/STM32L4xx_HAL_Driver/Src/stm32l4xx_hal_iwdg.c **** @verbatim
 149:Drivers/STM32L4xx_HAL_Driver/Src/stm32l4xx_hal_iwdg.c ****  ===============================================================================
 150:Drivers/STM32L4xx_HAL_Driver/Src/stm32l4xx_hal_iwdg.c ****           ##### Initialization and Start functions #####
 151:Drivers/STM32L4xx_HAL_Driver/Src/stm32l4xx_hal_iwdg.c ****  ===============================================================================
 152:Drivers/STM32L4xx_HAL_Driver/Src/stm32l4xx_hal_iwdg.c ****  [..]  This section provides functions allowing to:
 153:Drivers/STM32L4xx_HAL_Driver/Src/stm32l4xx_hal_iwdg.c ****       (+) Initialize the IWDG according to the specified parameters in the
 154:Drivers/STM32L4xx_HAL_Driver/Src/stm32l4xx_hal_iwdg.c ****           IWDG_InitTypeDef of associated handle.
 155:Drivers/STM32L4xx_HAL_Driver/Src/stm32l4xx_hal_iwdg.c ****       (+) Manage Window option.
 156:Drivers/STM32L4xx_HAL_Driver/Src/stm32l4xx_hal_iwdg.c ****       (+) Once initialization is performed in HAL_IWDG_Init function, Watchdog
 157:Drivers/STM32L4xx_HAL_Driver/Src/stm32l4xx_hal_iwdg.c ****           is reloaded in order to exit function with correct time base.
 158:Drivers/STM32L4xx_HAL_Driver/Src/stm32l4xx_hal_iwdg.c **** 
 159:Drivers/STM32L4xx_HAL_Driver/Src/stm32l4xx_hal_iwdg.c **** @endverbatim
 160:Drivers/STM32L4xx_HAL_Driver/Src/stm32l4xx_hal_iwdg.c ****   * @{
 161:Drivers/STM32L4xx_HAL_Driver/Src/stm32l4xx_hal_iwdg.c ****   */
 162:Drivers/STM32L4xx_HAL_Driver/Src/stm32l4xx_hal_iwdg.c **** 
 163:Drivers/STM32L4xx_HAL_Driver/Src/stm32l4xx_hal_iwdg.c **** /**
 164:Drivers/STM32L4xx_HAL_Driver/Src/stm32l4xx_hal_iwdg.c ****   * @brief  Initialize the IWDG according to the specified parameters in the
 165:Drivers/STM32L4xx_HAL_Driver/Src/stm32l4xx_hal_iwdg.c ****   *         IWDG_InitTypeDef and start watchdog. Before exiting function,
 166:Drivers/STM32L4xx_HAL_Driver/Src/stm32l4xx_hal_iwdg.c ****   *         watchdog is refreshed in order to have correct time base.
 167:Drivers/STM32L4xx_HAL_Driver/Src/stm32l4xx_hal_iwdg.c ****   * @param  hiwdg  pointer to a IWDG_HandleTypeDef structure that contains
 168:Drivers/STM32L4xx_HAL_Driver/Src/stm32l4xx_hal_iwdg.c ****   *                the configuration information for the specified IWDG module.
 169:Drivers/STM32L4xx_HAL_Driver/Src/stm32l4xx_hal_iwdg.c ****   * @retval HAL status
 170:Drivers/STM32L4xx_HAL_Driver/Src/stm32l4xx_hal_iwdg.c ****   */
 171:Drivers/STM32L4xx_HAL_Driver/Src/stm32l4xx_hal_iwdg.c **** HAL_StatusTypeDef HAL_IWDG_Init(IWDG_HandleTypeDef *hiwdg)
 172:Drivers/STM32L4xx_HAL_Driver/Src/stm32l4xx_hal_iwdg.c **** {
  30              		.loc 1 172 1 view -0
  31              		.cfi_startproc
  32              		@ args = 0, pretend = 0, frame = 0
  33              		@ frame_needed = 0, uses_anonymous_args = 0
 173:Drivers/STM32L4xx_HAL_Driver/Src/stm32l4xx_hal_iwdg.c ****   uint32_t tickstart;
  34              		.loc 1 173 3 view .LVU1
 174:Drivers/STM32L4xx_HAL_Driver/Src/stm32l4xx_hal_iwdg.c **** 
 175:Drivers/STM32L4xx_HAL_Driver/Src/stm32l4xx_hal_iwdg.c ****   /* Check the IWDG handle allocation */
 176:Drivers/STM32L4xx_HAL_Driver/Src/stm32l4xx_hal_iwdg.c ****   if (hiwdg == NULL)
  35              		.loc 1 176 3 view .LVU2
  36              		.loc 1 176 6 is_stmt 0 view .LVU3
  37 0000 0028     		cmp	r0, #0
  38 0002 31D0     		beq	.L6
 172:Drivers/STM32L4xx_HAL_Driver/Src/stm32l4xx_hal_iwdg.c ****   uint32_t tickstart;
  39              		.loc 1 172 1 view .LVU4
  40 0004 38B5     		push	{r3, r4, r5, lr}
  41              	.LCFI0:
  42              		.cfi_def_cfa_offset 16
  43              		.cfi_offset 3, -16
  44              		.cfi_offset 4, -12
  45              		.cfi_offset 5, -8
  46              		.cfi_offset 14, -4
  47 0006 0446     		mov	r4, r0
 177:Drivers/STM32L4xx_HAL_Driver/Src/stm32l4xx_hal_iwdg.c ****   {
 178:Drivers/STM32L4xx_HAL_Driver/Src/stm32l4xx_hal_iwdg.c ****     return HAL_ERROR;
 179:Drivers/STM32L4xx_HAL_Driver/Src/stm32l4xx_hal_iwdg.c ****   }
 180:Drivers/STM32L4xx_HAL_Driver/Src/stm32l4xx_hal_iwdg.c **** 
 181:Drivers/STM32L4xx_HAL_Driver/Src/stm32l4xx_hal_iwdg.c ****   /* Check the parameters */
ARM GAS  /tmp/ccdSVKs5.s 			page 5


 182:Drivers/STM32L4xx_HAL_Driver/Src/stm32l4xx_hal_iwdg.c ****   assert_param(IS_IWDG_ALL_INSTANCE(hiwdg->Instance));
  48              		.loc 1 182 3 is_stmt 1 view .LVU5
 183:Drivers/STM32L4xx_HAL_Driver/Src/stm32l4xx_hal_iwdg.c ****   assert_param(IS_IWDG_PRESCALER(hiwdg->Init.Prescaler));
  49              		.loc 1 183 3 view .LVU6
 184:Drivers/STM32L4xx_HAL_Driver/Src/stm32l4xx_hal_iwdg.c ****   assert_param(IS_IWDG_RELOAD(hiwdg->Init.Reload));
  50              		.loc 1 184 3 view .LVU7
 185:Drivers/STM32L4xx_HAL_Driver/Src/stm32l4xx_hal_iwdg.c ****   assert_param(IS_IWDG_WINDOW(hiwdg->Init.Window));
  51              		.loc 1 185 3 view .LVU8
 186:Drivers/STM32L4xx_HAL_Driver/Src/stm32l4xx_hal_iwdg.c **** 
 187:Drivers/STM32L4xx_HAL_Driver/Src/stm32l4xx_hal_iwdg.c ****   /* Enable IWDG. LSI is turned on automatically */
 188:Drivers/STM32L4xx_HAL_Driver/Src/stm32l4xx_hal_iwdg.c ****   __HAL_IWDG_START(hiwdg);
  52              		.loc 1 188 3 view .LVU9
  53 0008 0368     		ldr	r3, [r0]
  54 000a 4CF6CC42 		movw	r2, #52428
  55 000e 1A60     		str	r2, [r3]
 189:Drivers/STM32L4xx_HAL_Driver/Src/stm32l4xx_hal_iwdg.c **** 
 190:Drivers/STM32L4xx_HAL_Driver/Src/stm32l4xx_hal_iwdg.c ****   /* Enable write access to IWDG_PR, IWDG_RLR and IWDG_WINR registers by writing
 191:Drivers/STM32L4xx_HAL_Driver/Src/stm32l4xx_hal_iwdg.c ****   0x5555 in KR */
 192:Drivers/STM32L4xx_HAL_Driver/Src/stm32l4xx_hal_iwdg.c ****   IWDG_ENABLE_WRITE_ACCESS(hiwdg);
  56              		.loc 1 192 3 view .LVU10
  57 0010 0368     		ldr	r3, [r0]
  58 0012 45F25552 		movw	r2, #21845
  59 0016 1A60     		str	r2, [r3]
 193:Drivers/STM32L4xx_HAL_Driver/Src/stm32l4xx_hal_iwdg.c **** 
 194:Drivers/STM32L4xx_HAL_Driver/Src/stm32l4xx_hal_iwdg.c ****   /* Write to IWDG registers the Prescaler & Reload values to work with */
 195:Drivers/STM32L4xx_HAL_Driver/Src/stm32l4xx_hal_iwdg.c ****   hiwdg->Instance->PR = hiwdg->Init.Prescaler;
  60              		.loc 1 195 3 view .LVU11
  61              		.loc 1 195 8 is_stmt 0 view .LVU12
  62 0018 0368     		ldr	r3, [r0]
  63              		.loc 1 195 36 view .LVU13
  64 001a 4268     		ldr	r2, [r0, #4]
  65              		.loc 1 195 23 view .LVU14
  66 001c 5A60     		str	r2, [r3, #4]
 196:Drivers/STM32L4xx_HAL_Driver/Src/stm32l4xx_hal_iwdg.c ****   hiwdg->Instance->RLR = hiwdg->Init.Reload;
  67              		.loc 1 196 3 is_stmt 1 view .LVU15
  68              		.loc 1 196 8 is_stmt 0 view .LVU16
  69 001e 0368     		ldr	r3, [r0]
  70              		.loc 1 196 37 view .LVU17
  71 0020 8268     		ldr	r2, [r0, #8]
  72              		.loc 1 196 24 view .LVU18
  73 0022 9A60     		str	r2, [r3, #8]
 197:Drivers/STM32L4xx_HAL_Driver/Src/stm32l4xx_hal_iwdg.c **** 
 198:Drivers/STM32L4xx_HAL_Driver/Src/stm32l4xx_hal_iwdg.c ****   /* Check pending flag, if previous update not done, return timeout */
 199:Drivers/STM32L4xx_HAL_Driver/Src/stm32l4xx_hal_iwdg.c ****   tickstart = HAL_GetTick();
  74              		.loc 1 199 3 is_stmt 1 view .LVU19
  75              		.loc 1 199 15 is_stmt 0 view .LVU20
  76 0024 FFF7FEFF 		bl	HAL_GetTick
  77              	.LVL1:
  78              		.loc 1 199 15 view .LVU21
  79 0028 0546     		mov	r5, r0
  80              	.LVL2:
 200:Drivers/STM32L4xx_HAL_Driver/Src/stm32l4xx_hal_iwdg.c **** 
 201:Drivers/STM32L4xx_HAL_Driver/Src/stm32l4xx_hal_iwdg.c ****   /* Wait for register to be updated */
 202:Drivers/STM32L4xx_HAL_Driver/Src/stm32l4xx_hal_iwdg.c ****   while ((hiwdg->Instance->SR & IWDG_KERNEL_UPDATE_FLAGS) != 0x00u)
  81              		.loc 1 202 3 is_stmt 1 view .LVU22
  82              	.L3:
  83              		.loc 1 202 59 view .LVU23
ARM GAS  /tmp/ccdSVKs5.s 			page 6


  84              		.loc 1 202 16 is_stmt 0 view .LVU24
  85 002a 2368     		ldr	r3, [r4]
  86              		.loc 1 202 26 view .LVU25
  87 002c DA68     		ldr	r2, [r3, #12]
  88              		.loc 1 202 59 view .LVU26
  89 002e 12F0070F 		tst	r2, #7
  90 0032 0DD0     		beq	.L12
 203:Drivers/STM32L4xx_HAL_Driver/Src/stm32l4xx_hal_iwdg.c ****   {
 204:Drivers/STM32L4xx_HAL_Driver/Src/stm32l4xx_hal_iwdg.c ****     if ((HAL_GetTick() - tickstart) > HAL_IWDG_DEFAULT_TIMEOUT)
  91              		.loc 1 204 5 is_stmt 1 view .LVU27
  92              		.loc 1 204 10 is_stmt 0 view .LVU28
  93 0034 FFF7FEFF 		bl	HAL_GetTick
  94              	.LVL3:
  95              		.loc 1 204 24 discriminator 1 view .LVU29
  96 0038 401B     		subs	r0, r0, r5
  97              		.loc 1 204 8 discriminator 1 view .LVU30
  98 003a 41F60103 		movw	r3, #6145
  99 003e 9842     		cmp	r0, r3
 100 0040 F3D9     		bls	.L3
 205:Drivers/STM32L4xx_HAL_Driver/Src/stm32l4xx_hal_iwdg.c ****     {
 206:Drivers/STM32L4xx_HAL_Driver/Src/stm32l4xx_hal_iwdg.c ****       if ((hiwdg->Instance->SR & IWDG_KERNEL_UPDATE_FLAGS) != 0x00u)
 101              		.loc 1 206 7 is_stmt 1 view .LVU31
 102              		.loc 1 206 17 is_stmt 0 view .LVU32
 103 0042 2368     		ldr	r3, [r4]
 104              		.loc 1 206 27 view .LVU33
 105 0044 DB68     		ldr	r3, [r3, #12]
 106              		.loc 1 206 10 view .LVU34
 107 0046 13F0070F 		tst	r3, #7
 108 004a EED0     		beq	.L3
 207:Drivers/STM32L4xx_HAL_Driver/Src/stm32l4xx_hal_iwdg.c ****       {
 208:Drivers/STM32L4xx_HAL_Driver/Src/stm32l4xx_hal_iwdg.c ****         return HAL_TIMEOUT;
 109              		.loc 1 208 16 view .LVU35
 110 004c 0320     		movs	r0, #3
 111 004e 05E0     		b	.L2
 112              	.L12:
 209:Drivers/STM32L4xx_HAL_Driver/Src/stm32l4xx_hal_iwdg.c ****       }
 210:Drivers/STM32L4xx_HAL_Driver/Src/stm32l4xx_hal_iwdg.c ****     }
 211:Drivers/STM32L4xx_HAL_Driver/Src/stm32l4xx_hal_iwdg.c ****   }
 212:Drivers/STM32L4xx_HAL_Driver/Src/stm32l4xx_hal_iwdg.c **** 
 213:Drivers/STM32L4xx_HAL_Driver/Src/stm32l4xx_hal_iwdg.c ****   /* If window parameter is different than current value, modify window
 214:Drivers/STM32L4xx_HAL_Driver/Src/stm32l4xx_hal_iwdg.c ****   register */
 215:Drivers/STM32L4xx_HAL_Driver/Src/stm32l4xx_hal_iwdg.c ****   if (hiwdg->Instance->WINR != hiwdg->Init.Window)
 113              		.loc 1 215 3 is_stmt 1 view .LVU36
 114              		.loc 1 215 22 is_stmt 0 view .LVU37
 115 0050 1969     		ldr	r1, [r3, #16]
 116              		.loc 1 215 43 view .LVU38
 117 0052 E268     		ldr	r2, [r4, #12]
 118              		.loc 1 215 6 view .LVU39
 119 0054 9142     		cmp	r1, r2
 120 0056 02D0     		beq	.L5
 216:Drivers/STM32L4xx_HAL_Driver/Src/stm32l4xx_hal_iwdg.c ****   {
 217:Drivers/STM32L4xx_HAL_Driver/Src/stm32l4xx_hal_iwdg.c ****     /* Write to IWDG WINR the IWDG_Window value to compare with. In any case,
 218:Drivers/STM32L4xx_HAL_Driver/Src/stm32l4xx_hal_iwdg.c ****     even if window feature is disabled, Watchdog will be reloaded by writing
 219:Drivers/STM32L4xx_HAL_Driver/Src/stm32l4xx_hal_iwdg.c ****     windows register */
 220:Drivers/STM32L4xx_HAL_Driver/Src/stm32l4xx_hal_iwdg.c ****     hiwdg->Instance->WINR = hiwdg->Init.Window;
 121              		.loc 1 220 5 is_stmt 1 view .LVU40
 122              		.loc 1 220 27 is_stmt 0 view .LVU41
ARM GAS  /tmp/ccdSVKs5.s 			page 7


 123 0058 1A61     		str	r2, [r3, #16]
 221:Drivers/STM32L4xx_HAL_Driver/Src/stm32l4xx_hal_iwdg.c ****   }
 222:Drivers/STM32L4xx_HAL_Driver/Src/stm32l4xx_hal_iwdg.c ****   else
 223:Drivers/STM32L4xx_HAL_Driver/Src/stm32l4xx_hal_iwdg.c ****   {
 224:Drivers/STM32L4xx_HAL_Driver/Src/stm32l4xx_hal_iwdg.c ****     /* Reload IWDG counter with value defined in the reload register */
 225:Drivers/STM32L4xx_HAL_Driver/Src/stm32l4xx_hal_iwdg.c ****     __HAL_IWDG_RELOAD_COUNTER(hiwdg);
 226:Drivers/STM32L4xx_HAL_Driver/Src/stm32l4xx_hal_iwdg.c ****   }
 227:Drivers/STM32L4xx_HAL_Driver/Src/stm32l4xx_hal_iwdg.c **** 
 228:Drivers/STM32L4xx_HAL_Driver/Src/stm32l4xx_hal_iwdg.c ****   /* Return function status */
 229:Drivers/STM32L4xx_HAL_Driver/Src/stm32l4xx_hal_iwdg.c ****   return HAL_OK;
 124              		.loc 1 229 10 view .LVU42
 125 005a 0020     		movs	r0, #0
 126              	.L2:
 230:Drivers/STM32L4xx_HAL_Driver/Src/stm32l4xx_hal_iwdg.c **** }
 127              		.loc 1 230 1 view .LVU43
 128 005c 38BD     		pop	{r3, r4, r5, pc}
 129              	.LVL4:
 130              	.L5:
 225:Drivers/STM32L4xx_HAL_Driver/Src/stm32l4xx_hal_iwdg.c ****   }
 131              		.loc 1 225 5 is_stmt 1 view .LVU44
 132 005e 4AF6AA22 		movw	r2, #43690
 133 0062 1A60     		str	r2, [r3]
 229:Drivers/STM32L4xx_HAL_Driver/Src/stm32l4xx_hal_iwdg.c **** }
 134              		.loc 1 229 10 is_stmt 0 view .LVU45
 135 0064 0020     		movs	r0, #0
 136 0066 F9E7     		b	.L2
 137              	.LVL5:
 138              	.L6:
 139              	.LCFI1:
 140              		.cfi_def_cfa_offset 0
 141              		.cfi_restore 3
 142              		.cfi_restore 4
 143              		.cfi_restore 5
 144              		.cfi_restore 14
 178:Drivers/STM32L4xx_HAL_Driver/Src/stm32l4xx_hal_iwdg.c ****   }
 145              		.loc 1 178 12 view .LVU46
 146 0068 0120     		movs	r0, #1
 147              	.LVL6:
 148              		.loc 1 230 1 view .LVU47
 149 006a 7047     		bx	lr
 150              		.cfi_endproc
 151              	.LFE384:
 153              		.section	.text.HAL_IWDG_Refresh,"ax",%progbits
 154              		.align	1
 155              		.global	HAL_IWDG_Refresh
 156              		.syntax unified
 157              		.thumb
 158              		.thumb_func
 160              	HAL_IWDG_Refresh:
 161              	.LVL7:
 162              	.LFB385:
 231:Drivers/STM32L4xx_HAL_Driver/Src/stm32l4xx_hal_iwdg.c **** 
 232:Drivers/STM32L4xx_HAL_Driver/Src/stm32l4xx_hal_iwdg.c **** 
 233:Drivers/STM32L4xx_HAL_Driver/Src/stm32l4xx_hal_iwdg.c **** /**
 234:Drivers/STM32L4xx_HAL_Driver/Src/stm32l4xx_hal_iwdg.c ****   * @}
 235:Drivers/STM32L4xx_HAL_Driver/Src/stm32l4xx_hal_iwdg.c ****   */
 236:Drivers/STM32L4xx_HAL_Driver/Src/stm32l4xx_hal_iwdg.c **** 
ARM GAS  /tmp/ccdSVKs5.s 			page 8


 237:Drivers/STM32L4xx_HAL_Driver/Src/stm32l4xx_hal_iwdg.c **** 
 238:Drivers/STM32L4xx_HAL_Driver/Src/stm32l4xx_hal_iwdg.c **** /** @addtogroup IWDG_Exported_Functions_Group2
 239:Drivers/STM32L4xx_HAL_Driver/Src/stm32l4xx_hal_iwdg.c ****   *  @brief   IO operation functions
 240:Drivers/STM32L4xx_HAL_Driver/Src/stm32l4xx_hal_iwdg.c ****   *
 241:Drivers/STM32L4xx_HAL_Driver/Src/stm32l4xx_hal_iwdg.c **** @verbatim
 242:Drivers/STM32L4xx_HAL_Driver/Src/stm32l4xx_hal_iwdg.c ****  ===============================================================================
 243:Drivers/STM32L4xx_HAL_Driver/Src/stm32l4xx_hal_iwdg.c ****                       ##### IO operation functions #####
 244:Drivers/STM32L4xx_HAL_Driver/Src/stm32l4xx_hal_iwdg.c ****  ===============================================================================
 245:Drivers/STM32L4xx_HAL_Driver/Src/stm32l4xx_hal_iwdg.c ****  [..]  This section provides functions allowing to:
 246:Drivers/STM32L4xx_HAL_Driver/Src/stm32l4xx_hal_iwdg.c ****       (+) Refresh the IWDG.
 247:Drivers/STM32L4xx_HAL_Driver/Src/stm32l4xx_hal_iwdg.c **** 
 248:Drivers/STM32L4xx_HAL_Driver/Src/stm32l4xx_hal_iwdg.c **** @endverbatim
 249:Drivers/STM32L4xx_HAL_Driver/Src/stm32l4xx_hal_iwdg.c ****   * @{
 250:Drivers/STM32L4xx_HAL_Driver/Src/stm32l4xx_hal_iwdg.c ****   */
 251:Drivers/STM32L4xx_HAL_Driver/Src/stm32l4xx_hal_iwdg.c **** 
 252:Drivers/STM32L4xx_HAL_Driver/Src/stm32l4xx_hal_iwdg.c **** /**
 253:Drivers/STM32L4xx_HAL_Driver/Src/stm32l4xx_hal_iwdg.c ****   * @brief  Refresh the IWDG.
 254:Drivers/STM32L4xx_HAL_Driver/Src/stm32l4xx_hal_iwdg.c ****   * @param  hiwdg  pointer to a IWDG_HandleTypeDef structure that contains
 255:Drivers/STM32L4xx_HAL_Driver/Src/stm32l4xx_hal_iwdg.c ****   *                the configuration information for the specified IWDG module.
 256:Drivers/STM32L4xx_HAL_Driver/Src/stm32l4xx_hal_iwdg.c ****   * @retval HAL status
 257:Drivers/STM32L4xx_HAL_Driver/Src/stm32l4xx_hal_iwdg.c ****   */
 258:Drivers/STM32L4xx_HAL_Driver/Src/stm32l4xx_hal_iwdg.c **** HAL_StatusTypeDef HAL_IWDG_Refresh(IWDG_HandleTypeDef *hiwdg)
 259:Drivers/STM32L4xx_HAL_Driver/Src/stm32l4xx_hal_iwdg.c **** {
 163              		.loc 1 259 1 is_stmt 1 view -0
 164              		.cfi_startproc
 165              		@ args = 0, pretend = 0, frame = 0
 166              		@ frame_needed = 0, uses_anonymous_args = 0
 167              		@ link register save eliminated.
 260:Drivers/STM32L4xx_HAL_Driver/Src/stm32l4xx_hal_iwdg.c ****   /* Reload IWDG counter with value defined in the reload register */
 261:Drivers/STM32L4xx_HAL_Driver/Src/stm32l4xx_hal_iwdg.c ****   __HAL_IWDG_RELOAD_COUNTER(hiwdg);
 168              		.loc 1 261 3 view .LVU49
 169 0000 0368     		ldr	r3, [r0]
 170 0002 4AF6AA22 		movw	r2, #43690
 171 0006 1A60     		str	r2, [r3]
 262:Drivers/STM32L4xx_HAL_Driver/Src/stm32l4xx_hal_iwdg.c **** 
 263:Drivers/STM32L4xx_HAL_Driver/Src/stm32l4xx_hal_iwdg.c ****   /* Return function status */
 264:Drivers/STM32L4xx_HAL_Driver/Src/stm32l4xx_hal_iwdg.c ****   return HAL_OK;
 172              		.loc 1 264 3 view .LVU50
 265:Drivers/STM32L4xx_HAL_Driver/Src/stm32l4xx_hal_iwdg.c **** }
 173              		.loc 1 265 1 is_stmt 0 view .LVU51
 174 0008 0020     		movs	r0, #0
 175              	.LVL8:
 176              		.loc 1 265 1 view .LVU52
 177 000a 7047     		bx	lr
 178              		.cfi_endproc
 179              	.LFE385:
 181              		.text
 182              	.Letext0:
 183              		.file 2 "/usr/lib/gcc/arm-none-eabi/13.2.1/include/stdint.h"
 184              		.file 3 "Drivers/CMSIS/Device/ST/STM32L4xx/Include/stm32l433xx.h"
 185              		.file 4 "Drivers/STM32L4xx_HAL_Driver/Inc/stm32l4xx_hal_def.h"
 186              		.file 5 "Drivers/STM32L4xx_HAL_Driver/Inc/stm32l4xx_hal_iwdg.h"
 187              		.file 6 "Drivers/STM32L4xx_HAL_Driver/Inc/stm32l4xx_ll_dma.h"
 188              		.file 7 "Drivers/STM32L4xx_HAL_Driver/Inc/stm32l4xx_hal.h"
ARM GAS  /tmp/ccdSVKs5.s 			page 9


DEFINED SYMBOLS
                            *ABS*:00000000 stm32l4xx_hal_iwdg.c
     /tmp/ccdSVKs5.s:21     .text.HAL_IWDG_Init:00000000 $t
     /tmp/ccdSVKs5.s:27     .text.HAL_IWDG_Init:00000000 HAL_IWDG_Init
     /tmp/ccdSVKs5.s:154    .text.HAL_IWDG_Refresh:00000000 $t
     /tmp/ccdSVKs5.s:160    .text.HAL_IWDG_Refresh:00000000 HAL_IWDG_Refresh

UNDEFINED SYMBOLS
HAL_GetTick
